Archive member included to satisfy reference by file (symbol)

c:/program files (x86)/atollic/truestudio for stm32 9.3.0/armtools/bin/../lib/gcc/arm-atollic-eabi/6.3.1/../../../../arm-atollic-eabi/lib/armv7e-m/fpu/fpv5-d16\libc_nano.a(lib_a-atoi.o)
                              Middlewares\Third_Party\LwIP\src\core\netif.o (atoi)
c:/program files (x86)/atollic/truestudio for stm32 9.3.0/armtools/bin/../lib/gcc/arm-atollic-eabi/6.3.1/../../../../arm-atollic-eabi/lib/armv7e-m/fpu/fpv5-d16\libc_nano.a(lib_a-init.o)
                              startup\startup_stm32f767xx.o (__libc_init_array)
c:/program files (x86)/atollic/truestudio for stm32 9.3.0/armtools/bin/../lib/gcc/arm-atollic-eabi/6.3.1/../../../../arm-atollic-eabi/lib/armv7e-m/fpu/fpv5-d16\libc_nano.a(lib_a-locale.o)
                              Middlewares\Third_Party\LwIP\src\core\ipv4\ip4_addr.o (__locale_ctype_ptr)
c:/program files (x86)/atollic/truestudio for stm32 9.3.0/armtools/bin/../lib/gcc/arm-atollic-eabi/6.3.1/../../../../arm-atollic-eabi/lib/armv7e-m/fpu/fpv5-d16\libc_nano.a(lib_a-mbtowc_r.o)
                              c:/program files (x86)/atollic/truestudio for stm32 9.3.0/armtools/bin/../lib/gcc/arm-atollic-eabi/6.3.1/../../../../arm-atollic-eabi/lib/armv7e-m/fpu/fpv5-d16\libc_nano.a(lib_a-locale.o) (__ascii_mbtowc)
c:/program files (x86)/atollic/truestudio for stm32 9.3.0/armtools/bin/../lib/gcc/arm-atollic-eabi/6.3.1/../../../../arm-atollic-eabi/lib/armv7e-m/fpu/fpv5-d16\libc_nano.a(lib_a-memcmp.o)
                              Middlewares\Third_Party\LwIP\src\netif\bridgeif_fdb.o (memcmp)
c:/program files (x86)/atollic/truestudio for stm32 9.3.0/armtools/bin/../lib/gcc/arm-atollic-eabi/6.3.1/../../../../arm-atollic-eabi/lib/armv7e-m/fpu/fpv5-d16\libc_nano.a(lib_a-memcpy-stub.o)
                              LWIP\Target\ethernetif.o (memcpy)
c:/program files (x86)/atollic/truestudio for stm32 9.3.0/armtools/bin/../lib/gcc/arm-atollic-eabi/6.3.1/../../../../arm-atollic-eabi/lib/armv7e-m/fpu/fpv5-d16\libc_nano.a(lib_a-memmove.o)
                              Middlewares\Third_Party\LwIP\src\core\def.o (memmove)
c:/program files (x86)/atollic/truestudio for stm32 9.3.0/armtools/bin/../lib/gcc/arm-atollic-eabi/6.3.1/../../../../arm-atollic-eabi/lib/armv7e-m/fpu/fpv5-d16\libc_nano.a(lib_a-memset.o)
                              Core\Src\main.o (memset)
c:/program files (x86)/atollic/truestudio for stm32 9.3.0/armtools/bin/../lib/gcc/arm-atollic-eabi/6.3.1/../../../../arm-atollic-eabi/lib/armv7e-m/fpu/fpv5-d16\libc_nano.a(lib_a-perror.o)
                              Core\Src\main.o (perror)
c:/program files (x86)/atollic/truestudio for stm32 9.3.0/armtools/bin/../lib/gcc/arm-atollic-eabi/6.3.1/../../../../arm-atollic-eabi/lib/armv7e-m/fpu/fpv5-d16\libc_nano.a(lib_a-printf.o)
                              LWIP\Target\ethernetif.o (printf)
c:/program files (x86)/atollic/truestudio for stm32 9.3.0/armtools/bin/../lib/gcc/arm-atollic-eabi/6.3.1/../../../../arm-atollic-eabi/lib/armv7e-m/fpu/fpv5-d16\libc_nano.a(lib_a-rand.o)
                              Middlewares\Third_Party\LwIP\src\core\tcp.o (rand)
c:/program files (x86)/atollic/truestudio for stm32 9.3.0/armtools/bin/../lib/gcc/arm-atollic-eabi/6.3.1/../../../../arm-atollic-eabi/lib/armv7e-m/fpu/fpv5-d16\libc_nano.a(lib_a-strcmp.o)
                              c:/program files (x86)/atollic/truestudio for stm32 9.3.0/armtools/bin/../lib/gcc/arm-atollic-eabi/6.3.1/../../../../arm-atollic-eabi/lib/armv7e-m/fpu/fpv5-d16\libc_nano.a(lib_a-locale.o) (strcmp)
c:/program files (x86)/atollic/truestudio for stm32 9.3.0/armtools/bin/../lib/gcc/arm-atollic-eabi/6.3.1/../../../../arm-atollic-eabi/lib/armv7e-m/fpu/fpv5-d16\libc_nano.a(lib_a-strerror.o)
                              c:/program files (x86)/atollic/truestudio for stm32 9.3.0/armtools/bin/../lib/gcc/arm-atollic-eabi/6.3.1/../../../../arm-atollic-eabi/lib/armv7e-m/fpu/fpv5-d16\libc_nano.a(lib_a-perror.o) (_strerror_r)
c:/program files (x86)/atollic/truestudio for stm32 9.3.0/armtools/bin/../lib/gcc/arm-atollic-eabi/6.3.1/../../../../arm-atollic-eabi/lib/armv7e-m/fpu/fpv5-d16\libc_nano.a(lib_a-strlen.o)
                              Middlewares\Third_Party\LwIP\src\apps\mqtt\mqtt.o (strlen)
c:/program files (x86)/atollic/truestudio for stm32 9.3.0/armtools/bin/../lib/gcc/arm-atollic-eabi/6.3.1/../../../../arm-atollic-eabi/lib/armv7e-m/fpu/fpv5-d16\libc_nano.a(lib_a-strncmp.o)
                              Middlewares\Third_Party\LwIP\src\core\def.o (strncmp)
c:/program files (x86)/atollic/truestudio for stm32 9.3.0/armtools/bin/../lib/gcc/arm-atollic-eabi/6.3.1/../../../../arm-atollic-eabi/lib/armv7e-m/fpu/fpv5-d16\libc_nano.a(lib_a-strtol.o)
                              c:/program files (x86)/atollic/truestudio for stm32 9.3.0/armtools/bin/../lib/gcc/arm-atollic-eabi/6.3.1/../../../../arm-atollic-eabi/lib/armv7e-m/fpu/fpv5-d16\libc_nano.a(lib_a-atoi.o) (_strtol_r)
[...]
Memory Configuration

Name             Origin             Length             Attributes
RAM              0x20000000         0x00080000         xrw
FLASH            0x08000000         0x00200000         xr
*default*        0x00000000         0xffffffff

Linker script and memory map

LOAD c:/program files (x86)/atollic/truestudio for stm32 9.3.0/armtools/bin/../lib/gcc/arm-atollic-eabi/6.3.1/armv7e-m/fpu/fpv5-d16/crti.o
LOAD c:/program files (x86)/atollic/truestudio for stm32 9.3.0/armtools/bin/../lib/gcc/arm-atollic-eabi/6.3.1/armv7e-m/fpu/fpv5-d16/crtbegin.o
LOAD Core\Src\freertos.o
LOAD Core\Src\main.o
LOAD Core\Src\stm32f7xx_hal_msp.o
LOAD Core\Src\stm32f7xx_hal_timebase_tim.o
LOAD Core\Src\stm32f7xx_it.o
LOAD Core\Src\syscalls.o
LOAD Core\Src\system_stm32f7xx.o
LOAD Drivers\STM32F7xx_HAL_Driver\Src\stm32f7xx_hal.o
LOAD Drivers\STM32F7xx_HAL_Driver\Src\stm32f7xx_hal_cortex.o
LOAD Drivers\STM32F7xx_HAL_Driver\Src\stm32f7xx_hal_dma.o
LOAD Drivers\STM32F7xx_HAL_Driver\Src\stm32f7xx_hal_dma_ex.o
LOAD Drivers\STM32F7xx_HAL_Driver\Src\stm32f7xx_hal_eth.o
LOAD Drivers\STM32F7xx_HAL_Driver\Src\stm32f7xx_hal_exti.o
LOAD Drivers\STM32F7xx_HAL_Driver\Src\stm32f7xx_hal_flash.o
LOAD Drivers\STM32F7xx_HAL_Driver\Src\stm32f7xx_hal_flash_ex.o
LOAD Drivers\STM32F7xx_HAL_Driver\Src\stm32f7xx_hal_gpio.o
LOAD Drivers\STM32F7xx_HAL_Driver\Src\stm32f7xx_hal_i2c.o
LOAD Drivers\STM32F7xx_HAL_Driver\Src\stm32f7xx_hal_i2c_ex.o
LOAD Drivers\STM32F7xx_HAL_Driver\Src\stm32f7xx_hal_pwr.o
LOAD Drivers\STM32F7xx_HAL_Driver\Src\stm32f7xx_hal_pwr_ex.o
LOAD Drivers\STM32F7xx_HAL_Driver\Src\stm32f7xx_hal_rcc.o
LOAD Drivers\STM32F7xx_HAL_Driver\Src\stm32f7xx_hal_rcc_ex.o
LOAD Drivers\STM32F7xx_HAL_Driver\Src\stm32f7xx_hal_tim.o
LOAD Drivers\STM32F7xx_HAL_Driver\Src\stm32f7xx_hal_tim_ex.o
LOAD LWIP\App\lwip.o
LOAD LWIP\Target\ethernetif.o
LOAD Middlewares\Third_Party\FreeRTOS\Source\CMSIS_RTOS\cmsis_os.o
LOAD Middlewares\Third_Party\FreeRTOS\Source\croutine.o
LOAD Middlewares\Third_Party\FreeRTOS\Source\event_groups.o
LOAD Middlewares\Third_Party\FreeRTOS\Source\list.o
LOAD Middlewares\Third_Party\FreeRTOS\Source\portable\GCC\ARM_CM7\r0p1\port.o
LOAD Middlewares\Third_Party\FreeRTOS\Source\portable\MemMang\heap_4.o
LOAD Middlewares\Third_Party\FreeRTOS\Source\queue.o
LOAD Middlewares\Third_Party\FreeRTOS\Source\stream_buffer.o
LOAD Middlewares\Third_Party\FreeRTOS\Source\tasks.o
LOAD Middlewares\Third_Party\FreeRTOS\Source\timers.o
LOAD Middlewares\Third_Party\LwIP\src\api\api_lib.o
LOAD Middlewares\Third_Party\LwIP\src\api\api_msg.o
LOAD Middlewares\Third_Party\LwIP\src\api\err.o
LOAD Middlewares\Third_Party\LwIP\src\api\if_api.o
LOAD Middlewares\Third_Party\LwIP\src\api\netbuf.o
LOAD Middlewares\Third_Party\LwIP\src\api\netdb.o
LOAD Middlewares\Third_Party\LwIP\src\api\netifapi.o
LOAD Middlewares\Third_Party\LwIP\src\api\sockets.o
LOAD Middlewares\Third_Party\LwIP\src\api\tcpip.o
LOAD Middlewares\Third_Party\LwIP\src\apps\mqtt\mqtt.o
LOAD Middlewares\Third_Party\LwIP\src\core\altcp.o
LOAD Middlewares\Third_Party\LwIP\src\core\altcp_alloc.o
LOAD Middlewares\Third_Party\LwIP\src\core\altcp_tcp.o
LOAD Middlewares\Third_Party\LwIP\src\core\def.o
LOAD Middlewares\Third_Party\LwIP\src\core\dns.o
LOAD Middlewares\Third_Party\LwIP\src\core\inet_chksum.o
LOAD Middlewares\Third_Party\LwIP\src\core\init.o
LOAD Middlewares\Third_Party\LwIP\src\core\ip.o
LOAD Middlewares\Third_Party\LwIP\src\core\ipv4\autoip.o
LOAD Middlewares\Third_Party\LwIP\src\core\ipv4\dhcp.o
LOAD Middlewares\Third_Party\LwIP\src\core\ipv4\etharp.o
LOAD Middlewares\Third_Party\LwIP\src\core\ipv4\icmp.o
LOAD Middlewares\Third_Party\LwIP\src\core\ipv4\igmp.o
LOAD Middlewares\Third_Party\LwIP\src\core\ipv4\ip4.o
LOAD Middlewares\Third_Party\LwIP\src\core\ipv4\ip4_addr.o
LOAD Middlewares\Third_Party\LwIP\src\core\ipv4\ip4_frag.o
LOAD Middlewares\Third_Party\LwIP\src\core\ipv6\dhcp6.o
LOAD Middlewares\Third_Party\LwIP\src\core\ipv6\ethip6.o
LOAD Middlewares\Third_Party\LwIP\src\core\ipv6\icmp6.o
LOAD Middlewares\Third_Party\LwIP\src\core\ipv6\inet6.o
LOAD Middlewares\Third_Party\LwIP\src\core\ipv6\ip6.o
LOAD Middlewares\Third_Party\LwIP\src\core\ipv6\ip6_addr.o
LOAD Middlewares\Third_Party\LwIP\src\core\ipv6\ip6_frag.o
LOAD Middlewares\Third_Party\LwIP\src\core\ipv6\mld6.o
LOAD Middlewares\Third_Party\LwIP\src\core\ipv6\nd6.o
LOAD Middlewares\Third_Party\LwIP\src\core\mem.o
LOAD Middlewares\Third_Party\LwIP\src\core\memp.o
LOAD Middlewares\Third_Party\LwIP\src\core\netif.o
LOAD Middlewares\Third_Party\LwIP\src\core\pbuf.o
LOAD Middlewares\Third_Party\LwIP\src\core\raw.o
LOAD Middlewares\Third_Party\LwIP\src\core\stats.o
LOAD Middlewares\Third_Party\LwIP\src\core\sys.o
LOAD Middlewares\Third_Party\LwIP\src\core\tcp.o
LOAD Middlewares\Third_Party\LwIP\src\core\tcp_in.o
LOAD Middlewares\Third_Party\LwIP\src\core\tcp_out.o
LOAD Middlewares\Third_Party\LwIP\src\core\timeouts.o
LOAD Middlewares\Third_Party\LwIP\src\core\udp.o
LOAD Middlewares\Third_Party\LwIP\src\netif\bridgeif.o
LOAD Middlewares\Third_Party\LwIP\src\netif\bridgeif_fdb.o
LOAD Middlewares\Third_Party\LwIP\src\netif\ethernet.o
LOAD Middlewares\Third_Party\LwIP\src\netif\lowpan6.o
LOAD Middlewares\Third_Party\LwIP\src\netif\lowpan6_ble.o
LOAD Middlewares\Third_Party\LwIP\src\netif\lowpan6_common.o
LOAD Middlewares\Third_Party\LwIP\src\netif\ppp\auth.o
LOAD Middlewares\Third_Party\LwIP\src\netif\ppp\ccp.o
LOAD Middlewares\Third_Party\LwIP\src\netif\ppp\chap-md5.o
LOAD Middlewares\Third_Party\LwIP\src\netif\ppp\chap-new.o
LOAD Middlewares\Third_Party\LwIP\src\netif\ppp\chap_ms.o
LOAD Middlewares\Third_Party\LwIP\src\netif\ppp\demand.o
LOAD Middlewares\Third_Party\LwIP\src\netif\ppp\eap.o
LOAD Middlewares\Third_Party\LwIP\src\netif\ppp\ecp.o
LOAD Middlewares\Third_Party\LwIP\src\netif\ppp\eui64.o
LOAD Middlewares\Third_Party\LwIP\src\netif\ppp\fsm.o
LOAD Middlewares\Third_Party\LwIP\src\netif\ppp\ipcp.o
LOAD Middlewares\Third_Party\LwIP\src\netif\ppp\ipv6cp.o
LOAD Middlewares\Third_Party\LwIP\src\netif\ppp\lcp.o
LOAD Middlewares\Third_Party\LwIP\src\netif\ppp\magic.o
LOAD Middlewares\Third_Party\LwIP\src\netif\ppp\mppe.o
LOAD Middlewares\Third_Party\LwIP\src\netif\ppp\multilink.o
LOAD Middlewares\Third_Party\LwIP\src\netif\ppp\ppp.o
LOAD Middlewares\Third_Party\LwIP\src\netif\ppp\pppapi.o
LOAD Middlewares\Third_Party\LwIP\src\netif\ppp\pppcrypt.o
LOAD Middlewares\Third_Party\LwIP\src\netif\ppp\pppoe.o
LOAD Middlewares\Third_Party\LwIP\src\netif\ppp\pppol2tp.o
LOAD Middlewares\Third_Party\LwIP\src\netif\ppp\pppos.o
LOAD Middlewares\Third_Party\LwIP\src\netif\ppp\upap.o
LOAD Middlewares\Third_Party\LwIP\src\netif\ppp\utils.o
LOAD Middlewares\Third_Party\LwIP\src\netif\ppp\vj.o
LOAD Middlewares\Third_Party\LwIP\src\netif\slipif.o
LOAD Middlewares\Third_Party\LwIP\src\netif\zepif.o
LOAD Middlewares\Third_Party\LwIP\system\OS\sys_arch.o
LOAD startup\startup_stm32f767xx.o
                0x00000080                malloc_getpagesize_P = 0x80
START GROUP
LOAD c:/program files (x86)/atollic/truestudio for stm32 9.3.0/armtools/bin/../lib/gcc/arm-atollic-eabi/6.3.1/../../../../arm-atollic-eabi/lib/armv7e-m/fpu/fpv5-d16\libc_nano.a
LOAD c:/program files (x86)/atollic/truestudio for stm32 9.3.0/armtools/bin/../lib/gcc/arm-atollic-eabi/6.3.1/../../../../arm-atollic-eabi/lib/armv7e-m/fpu/fpv5-d16\libm.a
END GROUP
START GROUP
LOAD c:/program files (x86)/atollic/truestudio for stm32 9.3.0/armtools/bin/../lib/gcc/arm-atollic-eabi/6.3.1/armv7e-m/fpu/fpv5-d16\libgcc.a
LOAD c:/program files (x86)/atollic/truestudio for stm32 9.3.0/armtools/bin/../lib/gcc/arm-atollic-eabi/6.3.1/../../../../arm-atollic-eabi/lib/armv7e-m/fpu/fpv5-d16\libc_nano.a
END GROUP
START GROUP
LOAD c:/program files (x86)/atollic/truestudio for stm32 9.3.0/armtools/bin/../lib/gcc/arm-atollic-eabi/6.3.1/armv7e-m/fpu/fpv5-d16\libgcc.a
LOAD c:/program files (x86)/atollic/truestudio for stm32 9.3.0/armtools/bin/../lib/gcc/arm-atollic-eabi/6.3.1/../../../../arm-atollic-eabi/lib/armv7e-m/fpu/fpv5-d16\libc_nano.a
LOAD c:/program files (x86)/atollic/truestudio for stm32 9.3.0/armtools/bin/../lib/gcc/arm-atollic-eabi/6.3.1/../../../../arm-atollic-eabi/lib/armv7e-m/fpu/fpv5-d16\libnosys.a
END GROUP
START GROUP
LOAD c:/program files (x86)/atollic/truestudio for stm32 9.3.0/armtools/bin/../lib/gcc/arm-atollic-eabi/6.3.1/armv7e-m/fpu/fpv5-d16\libgcc.a
LOAD c:/program files (x86)/atollic/truestudio for stm32 9.3.0/armtools/bin/../lib/gcc/arm-atollic-eabi/6.3.1/../../../../arm-atollic-eabi/lib/armv7e-m/fpu/fpv5-d16\libc_nano.a
LOAD c:/program files (x86)/atollic/truestudio for stm32 9.3.0/armtools/bin/../lib/gcc/arm-atollic-eabi/6.3.1/../../../../arm-atollic-eabi/lib/armv7e-m/fpu/fpv5-d16\libnosys.a
END GROUP
LOAD c:/program files (x86)/atollic/truestudio for stm32 9.3.0/armtools/bin/../lib/gcc/arm-atollic-eabi/6.3.1/armv7e-m/fpu/fpv5-d16/crtend.o
LOAD c:/program files (x86)/atollic/truestudio for stm32 9.3.0/armtools/bin/../lib/gcc/arm-atollic-eabi/6.3.1/armv7e-m/fpu/fpv5-d16/crtn.o
                0x20080000                _estack = 0x20080000
                0x00002000                _Min_Heap_Size = 0x2000
                0x00004000                _Min_Stack_Size = 0x4000

.isr_vector     0x08000000      0x1f8
                0x08000000                . = ALIGN (0x4)
 *(.isr_vector)
 .isr_vector    0x08000000      0x1f8 startup\startup_stm32f767xx.o
                0x08000000                g_pfnVectors
                0x080001f8                . = ALIGN (0x4)

.text           0x08000200    0x1737c
                0x08000200                . = ALIGN (0x4)
 *(.text)
 .text          0x08000200       0x40 c:/program files (x86)/atollic/truestudio for stm32 9.3.0/armtools/bin/../lib/gcc/arm-atollic-eabi/6.3.1/armv7e-m/fpu/fpv5-d16/crtbegin.o
 .text          0x08000240       0xa0 c:/program files (x86)/atollic/truestudio for stm32 9.3.0/armtools/bin/../lib/gcc/arm-atollic-eabi/6.3.1/../../../../arm-atollic-eabi/lib/armv7e-m/fpu/fpv5-d16\libc_nano.a(lib_a-memchr.o)
                0x08000240                memchr
 .text          0x080002e0       0x30 c:/program files (x86)/atollic/truestudio for stm32 9.3.0/armtools/bin/../lib/gcc/arm-atollic-eabi/6.3.1/armv7e-m/fpu/fpv5-d16\libgcc.a(_aeabi_uldivmod.o)
                0x080002e0                __aeabi_uldivmod
 .text          0x08000310      0x2dc c:/program files (x86)/atollic/truestudio for stm32 9.3.0/armtools/bin/../lib/gcc/arm-atollic-eabi/6.3.1/armv7e-m/fpu/fpv5-d16\libgcc.a(_udivmoddi4.o)
                0x08000310                __udivmoddi4
 .text          0x080005ec        0x4 c:/program files (x86)/atollic/truestudio for stm32 9.3.0/armtools/bin/../lib/gcc/arm-atollic-eabi/6.3.1/armv7e-m/fpu/fpv5-d16\libgcc.a(_dvmd_tls.o)
                0x080005ec                __aeabi_idiv0
                0x080005ec                __aeabi_ldiv0
 *(.text*)
 .text.vApplicationGetIdleTaskMemory
                0x080005f0       0x34 Core\Src\freertos.o
                0x080005f0                vApplicationGetIdleTaskMemory
 .text.main     0x08000624       0x44 Core\Src\main.o
                0x08000624                main
 .text.SystemClock_Config
                0x08000668       0xdc Core\Src\main.o
                0x08000668                SystemClock_Config
 .text.MX_GPIO_Init
                0x08000744       0xfc Core\Src\main.o
 .text.tcp_server_task
                0x08000840      0x1c0 Core\Src\main.o
                0x08000840                tcp_server_task
 .text.StartDefaultTask
                0x08000a00       0x18 Core\Src\main.o
                0x08000a00                StartDefaultTask
 .text.HAL_TIM_PeriodElapsedCallback
                0x08000a18       0x24 Core\Src\main.o
                0x08000a18                HAL_TIM_PeriodElapsedCallback
 .text.Error_Handler
                0x08000a3c        0x8 Core\Src\main.o
                0x08000a3c                Error_Handler
 .text.HAL_MspInit
                0x08000a44       0x50 Core\Src\stm32f7xx_hal_msp.o
                0x08000a44                HAL_MspInit
 .text.HAL_InitTick
                0x08000a94       0xb0 Core\Src\stm32f7xx_hal_timebase_tim.o
                0x08000a94                HAL_InitTick
 .text.NMI_Handler
                0x08000b44        0x6 Core\Src\stm32f7xx_it.o
                0x08000b44                NMI_Handler
 .text.HardFault_Handler
                0x08000b4a        0x6 Core\Src\stm32f7xx_it.o
                0x08000b4a                HardFault_Handler
 .text.MemManage_Handler
                0x08000b50        0x6 Core\Src\stm32f7xx_it.o
                0x08000b50                MemManage_Handler
 .text.BusFault_Handler
                0x08000b56        0x6 Core\Src\stm32f7xx_it.o
                0x08000b56                BusFault_Handler
 .text.UsageFault_Handler
                0x08000b5c        0x6 Core\Src\stm32f7xx_it.o
                0x08000b5c                UsageFault_Handler
 .text.DebugMon_Handler
                0x08000b62        0xe Core\Src\stm32f7xx_it.o
                0x08000b62                DebugMon_Handler
 .text.TIM1_UP_TIM10_IRQHandler
                0x08000b70       0x14 Core\Src\stm32f7xx_it.o
                0x08000b70                TIM1_UP_TIM10_IRQHandler
 .text.EXTI15_10_IRQHandler
                0x08000b84       0x74 Core\Src\stm32f7xx_it.o
                0x08000b84                EXTI15_10_IRQHandler
 .text.ETH_IRQHandler
                0x08000bf8       0x14 Core\Src\stm32f7xx_it.o
                0x08000bf8                ETH_IRQHandler
 .text._read    0x08000c0c       0x3a Core\Src\syscalls.o
                0x08000c0c                _read
 .text._write   0x08000c46       0x38 Core\Src\syscalls.o
                0x08000c46                _write
 *fill*         0x08000c7e        0x2 
 .text._sbrk    0x08000c80       0x5c Core\Src\syscalls.o
                0x08000c80                _sbrk
 .text._close   0x08000cdc       0x18 Core\Src\syscalls.o
                0x08000cdc                _close
 .text._fstat   0x08000cf4       0x20 Core\Src\syscalls.o
                0x08000cf4                _fstat
 .text._isatty  0x08000d14       0x16 Core\Src\syscalls.o
                0x08000d14                _isatty
 .text._lseek   0x08000d2a       0x1a Core\Src\syscalls.o
                0x08000d2a                _lseek
 .text.SystemInit
                0x08000d44       0x24 Core\Src\system_stm32f7xx.o
                0x08000d44                SystemInit
 .text.HAL_Init
                0x08000d68       0x1a Drivers\STM32F7xx_HAL_Driver\Src\stm32f7xx_hal.o
                0x08000d68                HAL_Init
 *fill*         0x08000d82        0x2 
 .text.HAL_IncTick
                0x08000d84       0x28 Drivers\STM32F7xx_HAL_Driver\Src\stm32f7xx_hal.o
                0x08000d84                HAL_IncTick
 .text.HAL_GetTick
                0x08000dac       0x18 Drivers\STM32F7xx_HAL_Driver\Src\stm32f7xx_hal.o
                0x08000dac                HAL_GetTick
 .text.HAL_Delay
                0x08000dc4       0x44 Drivers\STM32F7xx_HAL_Driver\Src\stm32f7xx_hal.o
                0x08000dc4                HAL_Delay
 .text.__NVIC_SetPriorityGrouping
                0x08000e08       0x48 Drivers\STM32F7xx_HAL_Driver\Src\stm32f7xx_hal_cortex.o
 .text.__NVIC_GetPriorityGrouping
                0x08000e50       0x1c Drivers\STM32F7xx_HAL_Driver\Src\stm32f7xx_hal_cortex.o
 .text.__NVIC_EnableIRQ
                0x08000e6c       0x3c Drivers\STM32F7xx_HAL_Driver\Src\stm32f7xx_hal_cortex.o
 .text.__NVIC_SetPriority
                0x08000ea8       0x54 Drivers\STM32F7xx_HAL_Driver\Src\stm32f7xx_hal_cortex.o
 .text.NVIC_EncodePriority
                0x08000efc       0x62 Drivers\STM32F7xx_HAL_Driver\Src\stm32f7xx_hal_cortex.o
 .text.HAL_NVIC_SetPriorityGrouping
                0x08000f5e       0x16 Drivers\STM32F7xx_HAL_Driver\Src\stm32f7xx_hal_cortex.o
                0x08000f5e                HAL_NVIC_SetPriorityGrouping
 .text.HAL_NVIC_SetPriority
                0x08000f74       0x38 Drivers\STM32F7xx_HAL_Driver\Src\stm32f7xx_hal_cortex.o
                0x08000f74                HAL_NVIC_SetPriority
 .text.HAL_NVIC_EnableIRQ
                0x08000fac       0x1c Drivers\STM32F7xx_HAL_Driver\Src\stm32f7xx_hal_cortex.o
                0x08000fac                HAL_NVIC_EnableIRQ
 .text.HAL_ETH_Init
                0x08000fc8      0x338 Drivers\STM32F7xx_HAL_Driver\Src\stm32f7xx_hal_eth.o
                0x08000fc8                HAL_ETH_Init
 .text.HAL_ETH_DMATxDescListInit
                0x08001300       0xd2 Drivers\STM32F7xx_HAL_Driver\Src\stm32f7xx_hal_eth.o
                0x08001300                HAL_ETH_DMATxDescListInit
 .text.HAL_ETH_DMARxDescListInit
                0x080013d2       0xda Drivers\STM32F7xx_HAL_Driver\Src\stm32f7xx_hal_eth.o
                0x080013d2                HAL_ETH_DMARxDescListInit
 .text.HAL_ETH_TransmitFrame
                0x080014ac      0x1d4 Drivers\STM32F7xx_HAL_Driver\Src\stm32f7xx_hal_eth.o
                0x080014ac                HAL_ETH_TransmitFrame
 .text.HAL_ETH_GetReceivedFrame_IT
                0x08001680      0x110 Drivers\STM32F7xx_HAL_Driver\Src\stm32f7xx_hal_eth.o
                0x08001680                HAL_ETH_GetReceivedFrame_IT
 .text.HAL_ETH_IRQHandler
                0x08001790       0xce Drivers\STM32F7xx_HAL_Driver\Src\stm32f7xx_hal_eth.o
                0x08001790                HAL_ETH_IRQHandler
 .text.HAL_ETH_TxCpltCallback
                0x0800185e       0x14 Drivers\STM32F7xx_HAL_Driver\Src\stm32f7xx_hal_eth.o
                0x0800185e                HAL_ETH_TxCpltCallback
 .text.HAL_ETH_ErrorCallback
                0x08001872       0x14 Drivers\STM32F7xx_HAL_Driver\Src\stm32f7xx_hal_eth.o
                0x08001872                HAL_ETH_ErrorCallback
 .text.HAL_ETH_ReadPHYRegister
                0x08001886       0xd0 Drivers\STM32F7xx_HAL_Driver\Src\stm32f7xx_hal_eth.o
                0x08001886                HAL_ETH_ReadPHYRegister
 .text.HAL_ETH_WritePHYRegister
                0x08001956       0xcc Drivers\STM32F7xx_HAL_Driver\Src\stm32f7xx_hal_eth.o
                0x08001956                HAL_ETH_WritePHYRegister
 .text.HAL_ETH_Start
                0x08001a22       0x5e Drivers\STM32F7xx_HAL_Driver\Src\stm32f7xx_hal_eth.o
                0x08001a22                HAL_ETH_Start
 .text.HAL_ETH_Stop
                0x08001a80       0x5e Drivers\STM32F7xx_HAL_Driver\Src\stm32f7xx_hal_eth.o
                0x08001a80                HAL_ETH_Stop
 *fill*         0x08001ade        0x2 
 .text.HAL_ETH_ConfigMAC
                0x08001ae0      0x1f0 Drivers\STM32F7xx_HAL_Driver\Src\stm32f7xx_hal_eth.o
                0x08001ae0                HAL_ETH_ConfigMAC
 .text.ETH_MACDMAConfig
                0x08001cd0      0x390 Drivers\STM32F7xx_HAL_Driver\Src\stm32f7xx_hal_eth.o
 .text.ETH_MACAddressConfig
                0x08002060       0x70 Drivers\STM32F7xx_HAL_Driver\Src\stm32f7xx_hal_eth.o
 .text.ETH_MACTransmissionEnable
                0x080020d0       0x3a Drivers\STM32F7xx_HAL_Driver\Src\stm32f7xx_hal_eth.o
 .text.ETH_MACTransmissionDisable
                0x0800210a       0x3a Drivers\STM32F7xx_HAL_Driver\Src\stm32f7xx_hal_eth.o
 .text.ETH_MACReceptionEnable
                0x08002144       0x3a Drivers\STM32F7xx_HAL_Driver\Src\stm32f7xx_hal_eth.o
 .text.ETH_MACReceptionDisable
                0x0800217e       0x3a Drivers\STM32F7xx_HAL_Driver\Src\stm32f7xx_hal_eth.o
 .text.ETH_DMATransmissionEnable
                0x080021b8       0x30 Drivers\STM32F7xx_HAL_Driver\Src\stm32f7xx_hal_eth.o
 .text.ETH_DMATransmissionDisable
                0x080021e8       0x30 Drivers\STM32F7xx_HAL_Driver\Src\stm32f7xx_hal_eth.o
 .text.ETH_DMAReceptionEnable
                0x08002218       0x30 Drivers\STM32F7xx_HAL_Driver\Src\stm32f7xx_hal_eth.o
 .text.ETH_DMAReceptionDisable
                0x08002248       0x30 Drivers\STM32F7xx_HAL_Driver\Src\stm32f7xx_hal_eth.o
 .text.ETH_FlushTransmitFIFO
                0x08002278       0x52 Drivers\STM32F7xx_HAL_Driver\Src\stm32f7xx_hal_eth.o
 *fill*         0x080022ca        0x2 
 .text.HAL_GPIO_Init
                0x080022cc      0x354 Drivers\STM32F7xx_HAL_Driver\Src\stm32f7xx_hal_gpio.o
                0x080022cc                HAL_GPIO_Init
 .text.HAL_GPIO_ReadPin
                0x08002620       0x30 Drivers\STM32F7xx_HAL_Driver\Src\stm32f7xx_hal_gpio.o
                0x08002620                HAL_GPIO_ReadPin
 .text.HAL_GPIO_WritePin
                0x08002650       0x32 Drivers\STM32F7xx_HAL_Driver\Src\stm32f7xx_hal_gpio.o
                0x08002650                HAL_GPIO_WritePin
 *fill*         0x08002682        0x2 
 .text.HAL_GPIO_EXTI_IRQHandler
                0x08002684       0x30 Drivers\STM32F7xx_HAL_Driver\Src\stm32f7xx_hal_gpio.o
                0x08002684                HAL_GPIO_EXTI_IRQHandler
 .text.HAL_GPIO_EXTI_Callback
                0x080026b4       0x16 Drivers\STM32F7xx_HAL_Driver\Src\stm32f7xx_hal_gpio.o
                0x080026b4                HAL_GPIO_EXTI_Callback
 *fill*         0x080026ca        0x2 
 .text.HAL_PWREx_EnableOverDrive
                0x080026cc       0xa0 Drivers\STM32F7xx_HAL_Driver\Src\stm32f7xx_hal_pwr_ex.o
                0x080026cc                HAL_PWREx_EnableOverDrive
 .text.HAL_RCC_OscConfig
                0x0800276c      0x55c Drivers\STM32F7xx_HAL_Driver\Src\stm32f7xx_hal_rcc.o
                0x0800276c                HAL_RCC_OscConfig
 .text.HAL_RCC_ClockConfig
                0x08002cc8      0x1d8 Drivers\STM32F7xx_HAL_Driver\Src\stm32f7xx_hal_rcc.o
                0x08002cc8                HAL_RCC_ClockConfig
 .text.HAL_RCC_GetSysClockFreq
                0x08002ea0      0x1ac Drivers\STM32F7xx_HAL_Driver\Src\stm32f7xx_hal_rcc.o
                0x08002ea0                HAL_RCC_GetSysClockFreq
 .text.HAL_RCC_GetHCLKFreq
                0x0800304c       0x18 Drivers\STM32F7xx_HAL_Driver\Src\stm32f7xx_hal_rcc.o
                0x0800304c                HAL_RCC_GetHCLKFreq
 .text.HAL_RCC_GetPCLK2Freq
                0x08003064       0x28 Drivers\STM32F7xx_HAL_Driver\Src\stm32f7xx_hal_rcc.o
                0x08003064                HAL_RCC_GetPCLK2Freq
 .text.HAL_RCC_GetClockConfig
                0x0800308c       0x64 Drivers\STM32F7xx_HAL_Driver\Src\stm32f7xx_hal_rcc.o
                0x0800308c                HAL_RCC_GetClockConfig
 .text.HAL_TIM_Base_Init
                0x080030f0       0xae Drivers\STM32F7xx_HAL_Driver\Src\stm32f7xx_hal_tim.o
                0x080030f0                HAL_TIM_Base_Init
 .text.HAL_TIM_Base_MspInit
                0x0800319e       0x14 Drivers\STM32F7xx_HAL_Driver\Src\stm32f7xx_hal_tim.o
                0x0800319e                HAL_TIM_Base_MspInit
 *fill*         0x080031b2        0x2 
 .text.HAL_TIM_Base_Start_IT
                0x080031b4       0xf0 Drivers\STM32F7xx_HAL_Driver\Src\stm32f7xx_hal_tim.o
                0x080031b4                HAL_TIM_Base_Start_IT
 .text.HAL_TIM_IRQHandler
                0x080032a4      0x23e Drivers\STM32F7xx_HAL_Driver\Src\stm32f7xx_hal_tim.o
                0x080032a4                HAL_TIM_IRQHandler
 .text.HAL_TIM_OC_DelayElapsedCallback
                0x080034e2       0x14 Drivers\STM32F7xx_HAL_Driver\Src\stm32f7xx_hal_tim.o
                0x080034e2                HAL_TIM_OC_DelayElapsedCallback
 .text.HAL_TIM_IC_CaptureCallback
                0x080034f6       0x14 Drivers\STM32F7xx_HAL_Driver\Src\stm32f7xx_hal_tim.o
                0x080034f6                HAL_TIM_IC_CaptureCallback
 .text.HAL_TIM_PWM_PulseFinishedCallback
                0x0800350a       0x14 Drivers\STM32F7xx_HAL_Driver\Src\stm32f7xx_hal_tim.o
                0x0800350a                HAL_TIM_PWM_PulseFinishedCallback
 .text.HAL_TIM_TriggerCallback
                0x0800351e       0x14 Drivers\STM32F7xx_HAL_Driver\Src\stm32f7xx_hal_tim.o
                0x0800351e                HAL_TIM_TriggerCallback
 *fill*         0x08003532        0x2 
 .text.TIM_Base_SetConfig
                0x08003534      0x140 Drivers\STM32F7xx_HAL_Driver\Src\stm32f7xx_hal_tim.o
                0x08003534                TIM_Base_SetConfig
 .text.HAL_TIMEx_CommutCallback
                0x08003674       0x14 Drivers\STM32F7xx_HAL_Driver\Src\stm32f7xx_hal_tim_ex.o
                0x08003674                HAL_TIMEx_CommutCallback
 .text.HAL_TIMEx_BreakCallback
                0x08003688       0x14 Drivers\STM32F7xx_HAL_Driver\Src\stm32f7xx_hal_tim_ex.o
                0x08003688                HAL_TIMEx_BreakCallback
 .text.HAL_TIMEx_Break2Callback
                0x0800369c       0x14 Drivers\STM32F7xx_HAL_Driver\Src\stm32f7xx_hal_tim_ex.o
                0x0800369c                HAL_TIMEx_Break2Callback
 .text.MX_LWIP_Init
                0x080036b0      0x2b8 LWIP\App\lwip.o
                0x080036b0                MX_LWIP_Init
 .text.HAL_ETH_MspInit
                0x08003968      0x180 LWIP\Target\ethernetif.o
                0x08003968                HAL_ETH_MspInit
 .text.HAL_ETH_RxCpltCallback
                0x08003ae8       0x20 LWIP\Target\ethernetif.o
                0x08003ae8                HAL_ETH_RxCpltCallback
 .text.low_level_init
                0x08003b08      0x1b0 LWIP\Target\ethernetif.o
 .text.low_level_output
                0x08003cb8      0x13c LWIP\Target\ethernetif.o
 .text.low_level_input
                0x08003df4      0x168 LWIP\Target\ethernetif.o
 .text.ethernetif_input
                0x08003f5c       0x60 LWIP\Target\ethernetif.o
                0x08003f5c                ethernetif_input
 .text.ethernetif_init
                0x08003fbc       0x5c LWIP\Target\ethernetif.o
                0x08003fbc                ethernetif_init
 .text.sys_now  0x08004018        0xe LWIP\Target\ethernetif.o
                0x08004018                sys_now
 *fill*         0x08004026        0x2 
 .text.ethernetif_set_link
                0x08004028       0x74 LWIP\Target\ethernetif.o
                0x08004028                ethernetif_set_link
 .text.ethernetif_update_config
                0x0800409c       0xf0 LWIP\Target\ethernetif.o
                0x0800409c                ethernetif_update_config
 .text.ethernetif_notify_conn_changed
                0x0800418c       0x14 LWIP\Target\ethernetif.o
                0x0800418c                ethernetif_notify_conn_changed
 .text.makeFreeRtosPriority
                0x080041a0       0x30 Middlewares\Third_Party\FreeRTOS\Source\CMSIS_RTOS\cmsis_os.o
 .text.inHandlerMode
                0x080041d0       0x24 Middlewares\Third_Party\FreeRTOS\Source\CMSIS_RTOS\cmsis_os.o
 .text.osKernelStart
                0x080041f4        0xe Middlewares\Third_Party\FreeRTOS\Source\CMSIS_RTOS\cmsis_os.o
                0x080041f4                osKernelStart
 .text.osKernelSysTick
                0x08004202       0x20 Middlewares\Third_Party\FreeRTOS\Source\CMSIS_RTOS\cmsis_os.o
                0x08004202                osKernelSysTick
 .text.osThreadCreate
                0x08004222       0x98 Middlewares\Third_Party\FreeRTOS\Source\CMSIS_RTOS\cmsis_os.o
                0x08004222                osThreadCreate
 .text.osDelay  0x080042ba       0x28 Middlewares\Third_Party\FreeRTOS\Source\CMSIS_RTOS\cmsis_os.o
                0x080042ba                osDelay
 .text.osMutexCreate
                0x080042e2       0x30 Middlewares\Third_Party\FreeRTOS\Source\CMSIS_RTOS\cmsis_os.o
                0x080042e2                osMutexCreate
 *fill*         0x08004312        0x2 
 .text.osMutexWait
                0x08004314       0x9c Middlewares\Third_Party\FreeRTOS\Source\CMSIS_RTOS\cmsis_os.o
                0x08004314                osMutexWait
 .text.osMutexRelease
                0x080043b0       0x6c Middlewares\Third_Party\FreeRTOS\Source\CMSIS_RTOS\cmsis_os.o
                0x080043b0                osMutexRelease
 .text.osSemaphoreCreate
                0x0800441c       0x66 Middlewares\Third_Party\FreeRTOS\Source\CMSIS_RTOS\cmsis_os.o
                0x0800441c                osSemaphoreCreate
 *fill*         0x08004482        0x2 
 .text.osSemaphoreWait
                0x08004484       0x9c Middlewares\Third_Party\FreeRTOS\Source\CMSIS_RTOS\cmsis_os.o
                0x08004484                osSemaphoreWait
 .text.osSemaphoreRelease
                0x08004520       0x6c Middlewares\Third_Party\FreeRTOS\Source\CMSIS_RTOS\cmsis_os.o
                0x08004520                osSemaphoreRelease
 .text.osSemaphoreDelete
                0x0800458c       0x26 Middlewares\Third_Party\FreeRTOS\Source\CMSIS_RTOS\cmsis_os.o
                0x0800458c                osSemaphoreDelete
 .text.osMessageCreate
                0x080045b2       0x52 Middlewares\Third_Party\FreeRTOS\Source\CMSIS_RTOS\cmsis_os.o
                0x080045b2                osMessageCreate
 .text.osMessagePut
                0x08004604       0x80 Middlewares\Third_Party\FreeRTOS\Source\CMSIS_RTOS\cmsis_os.o
                0x08004604                osMessagePut
 .text.osMessageGet
                0x08004684       0xe8 Middlewares\Third_Party\FreeRTOS\Source\CMSIS_RTOS\cmsis_os.o
                0x08004684                osMessageGet
 .text.osMessageWaiting
                0x0800476c       0x2c Middlewares\Third_Party\FreeRTOS\Source\CMSIS_RTOS\cmsis_os.o
                0x0800476c                osMessageWaiting
 .text.osMessageDelete
                0x08004798       0x26 Middlewares\Third_Party\FreeRTOS\Source\CMSIS_RTOS\cmsis_os.o
                0x08004798                osMessageDelete
 .text.vListInitialise
                0x080047be       0x40 Middlewares\Third_Party\FreeRTOS\Source\list.o
                0x080047be                vListInitialise
 .text.vListInitialiseItem
                0x080047fe       0x1a Middlewares\Third_Party\FreeRTOS\Source\list.o
                0x080047fe                vListInitialiseItem
 .text.vListInsertEnd
                0x08004818       0x48 Middlewares\Third_Party\FreeRTOS\Source\list.o
                0x08004818                vListInsertEnd
 .text.vListInsert
                0x08004860       0x72 Middlewares\Third_Party\FreeRTOS\Source\list.o
                0x08004860                vListInsert
 .text.uxListRemove
                0x080048d2       0x54 Middlewares\Third_Party\FreeRTOS\Source\list.o
                0x080048d2                uxListRemove
 *fill*         0x08004926        0x2 
 .text.pxPortInitialiseStack
                0x08004928       0x68 Middlewares\Third_Party\FreeRTOS\Source\portable\GCC\ARM_CM7\r0p1\port.o
                0x08004928                pxPortInitialiseStack
 .text.prvTaskExitError
                0x08004990       0x5c Middlewares\Third_Party\FreeRTOS\Source\portable\GCC\ARM_CM7\r0p1\port.o
 *fill*         0x080049ec        0x4 
 .text.SVC_Handler
                0x080049f0       0x28 Middlewares\Third_Party\FreeRTOS\Source\portable\GCC\ARM_CM7\r0p1\port.o
                0x080049f0                SVC_Handler
 .text.prvPortStartFirstTask
                0x08004a18       0x28 Middlewares\Third_Party\FreeRTOS\Source\portable\GCC\ARM_CM7\r0p1\port.o
 .text.xPortStartScheduler
                0x08004a40       0xf8 Middlewares\Third_Party\FreeRTOS\Source\portable\GCC\ARM_CM7\r0p1\port.o
                0x08004a40                xPortStartScheduler
 .text.vPortEnterCritical
                0x08004b38       0x64 Middlewares\Third_Party\FreeRTOS\Source\portable\GCC\ARM_CM7\r0p1\port.o
                0x08004b38                vPortEnterCritical
 .text.vPortExitCritical
                0x08004b9c       0x54 Middlewares\Third_Party\FreeRTOS\Source\portable\GCC\ARM_CM7\r0p1\port.o
                0x08004b9c                vPortExitCritical
 .text.PendSV_Handler
                0x08004bf0       0x68 Middlewares\Third_Party\FreeRTOS\Source\portable\GCC\ARM_CM7\r0p1\port.o
                0x08004bf0                PendSV_Handler
 .text.SysTick_Handler
                0x08004c58       0x44 Middlewares\Third_Party\FreeRTOS\Source\portable\GCC\ARM_CM7\r0p1\port.o
                0x08004c58                SysTick_Handler
 .text.vPortSetupTimerInterrupt
                0x08004c9c       0x48 Middlewares\Third_Party\FreeRTOS\Source\portable\GCC\ARM_CM7\r0p1\port.o
                0x08004c9c                vPortSetupTimerInterrupt
 .text.vPortEnableVFP
                0x08004ce4       0x14 Middlewares\Third_Party\FreeRTOS\Source\portable\GCC\ARM_CM7\r0p1\port.o
 .text.vPortValidateInterruptPriority
                0x08004cf8       0x84 Middlewares\Third_Party\FreeRTOS\Source\portable\GCC\ARM_CM7\r0p1\port.o
                0x08004cf8                vPortValidateInterruptPriority
 .text.pvPortMalloc
                0x08004d7c      0x190 Middlewares\Third_Party\FreeRTOS\Source\portable\MemMang\heap_4.o
                0x08004d7c                pvPortMalloc
 .text.vPortFree
                0x08004f0c       0xb8 Middlewares\Third_Party\FreeRTOS\Source\portable\MemMang\heap_4.o
                0x08004f0c                vPortFree
 .text.prvHeapInit
                0x08004fc4       0xc4 Middlewares\Third_Party\FreeRTOS\Source\portable\MemMang\heap_4.o
 .text.prvInsertBlockIntoFreeList
                0x08005088       0xb4 Middlewares\Third_Party\FreeRTOS\Source\portable\MemMang\heap_4.o
 .text.xQueueGenericReset
                0x0800513c       0xd4 Middlewares\Third_Party\FreeRTOS\Source\queue.o
                0x0800513c                xQueueGenericReset
 .text.xQueueGenericCreateStatic
                0x08005210       0xfa Middlewares\Third_Party\FreeRTOS\Source\queue.o
                0x08005210                xQueueGenericCreateStatic
 .text.xQueueGenericCreate
                0x0800530a       0x82 Middlewares\Third_Party\FreeRTOS\Source\queue.o
                0x0800530a                xQueueGenericCreate
 .text.prvInitialiseNewQueue
                0x0800538c       0x3e Middlewares\Third_Party\FreeRTOS\Source\queue.o
 .text.prvInitialiseMutex
                0x080053ca       0x34 Middlewares\Third_Party\FreeRTOS\Source\queue.o
 .text.xQueueCreateMutex
                0x080053fe       0x30 Middlewares\Third_Party\FreeRTOS\Source\queue.o
                0x080053fe                xQueueCreateMutex
 .text.xQueueCreateMutexStatic
                0x0800542e       0x36 Middlewares\Third_Party\FreeRTOS\Source\queue.o
                0x0800542e                xQueueCreateMutexStatic
 .text.xQueueGenericSend
                0x08005464      0x204 Middlewares\Third_Party\FreeRTOS\Source\queue.o
                0x08005464                xQueueGenericSend
 .text.xQueueGenericSendFromISR
                0x08005668      0x138 Middlewares\Third_Party\FreeRTOS\Source\queue.o
                0x08005668                xQueueGenericSendFromISR
 .text.xQueueGiveFromISR
                0x080057a0      0x122 Middlewares\Third_Party\FreeRTOS\Source\queue.o
                0x080057a0                xQueueGiveFromISR
 *fill*         0x080058c2        0x2 
 .text.xQueueReceive
                0x080058c4      0x1c4 Middlewares\Third_Party\FreeRTOS\Source\queue.o
                0x080058c4                xQueueReceive
 .text.xQueueSemaphoreTake
                0x08005a88      0x220 Middlewares\Third_Party\FreeRTOS\Source\queue.o
                0x08005a88                xQueueSemaphoreTake
 .text.xQueueReceiveFromISR
                0x08005ca8      0x106 Middlewares\Third_Party\FreeRTOS\Source\queue.o
                0x08005ca8                xQueueReceiveFromISR
 .text.uxQueueMessagesWaiting
                0x08005dae       0x3e Middlewares\Third_Party\FreeRTOS\Source\queue.o
                0x08005dae                uxQueueMessagesWaiting
 .text.uxQueueMessagesWaitingFromISR
                0x08005dec       0x3e Middlewares\Third_Party\FreeRTOS\Source\queue.o
                0x08005dec                uxQueueMessagesWaitingFromISR
 .text.vQueueDelete
                0x08005e2a       0x48 Middlewares\Third_Party\FreeRTOS\Source\queue.o
                0x08005e2a                vQueueDelete
 .text.prvGetDisinheritPriorityAfterTimeout
                0x08005e72       0x30 Middlewares\Third_Party\FreeRTOS\Source\queue.o
 .text.prvCopyDataToQueue
                0x08005ea2       0xd4 Middlewares\Third_Party\FreeRTOS\Source\queue.o
 .text.prvCopyDataFromQueue
                0x08005f76       0x4c Middlewares\Third_Party\FreeRTOS\Source\queue.o
 .text.prvUnlockQueue
                0x08005fc2       0xa4 Middlewares\Third_Party\FreeRTOS\Source\queue.o
 .text.prvIsQueueEmpty
                0x08006066       0x2c Middlewares\Third_Party\FreeRTOS\Source\queue.o
 .text.prvIsQueueFull
                0x08006092       0x30 Middlewares\Third_Party\FreeRTOS\Source\queue.o
 *fill*         0x080060c2        0x2 
 .text.vQueueUnregisterQueue
                0x080060c4       0x54 Middlewares\Third_Party\FreeRTOS\Source\queue.o
                0x080060c4                vQueueUnregisterQueue
 .text.xTaskCreateStatic
                0x08006118       0xc0 Middlewares\Third_Party\FreeRTOS\Source\tasks.o
                0x08006118                xTaskCreateStatic
 .text.xTaskCreate
                0x080061d8       0x8a Middlewares\Third_Party\FreeRTOS\Source\tasks.o
                0x080061d8                xTaskCreate
 .text.prvInitialiseNewTask
                0x08006262      0x110 Middlewares\Third_Party\FreeRTOS\Source\tasks.o
 *fill*         0x08006372        0x2 
 .text.prvAddNewTaskToReadyList
                0x08006374       0xd4 Middlewares\Third_Party\FreeRTOS\Source\tasks.o
 .text.vTaskDelay
                0x08006448       0x6c Middlewares\Third_Party\FreeRTOS\Source\tasks.o
                0x08006448                vTaskDelay
 .text.vTaskStartScheduler
                0x080064b4       0xc4 Middlewares\Third_Party\FreeRTOS\Source\tasks.o
                0x080064b4                vTaskStartScheduler
 .text.vTaskSuspendAll
                0x08006578       0x1c Middlewares\Third_Party\FreeRTOS\Source\tasks.o
                0x08006578                vTaskSuspendAll
 .text.xTaskResumeAll
                0x08006594      0x13c Middlewares\Third_Party\FreeRTOS\Source\tasks.o
                0x08006594                xTaskResumeAll
 .text.xTaskGetTickCount
                0x080066d0       0x20 Middlewares\Third_Party\FreeRTOS\Source\tasks.o
                0x080066d0                xTaskGetTickCount
 .text.xTaskGetTickCountFromISR
                0x080066f0       0x24 Middlewares\Third_Party\FreeRTOS\Source\tasks.o
                0x080066f0                xTaskGetTickCountFromISR
 .text.xTaskIncrementTick
                0x08006714      0x174 Middlewares\Third_Party\FreeRTOS\Source\tasks.o
                0x08006714                xTaskIncrementTick
 .text.vTaskSwitchContext
                0x08006888       0xb8 Middlewares\Third_Party\FreeRTOS\Source\tasks.o
                0x08006888                vTaskSwitchContext
 .text.vTaskPlaceOnEventList
                0x08006940       0x4c Middlewares\Third_Party\FreeRTOS\Source\tasks.o
                0x08006940                vTaskPlaceOnEventList
 .text.xTaskRemoveFromEventList
                0x0800698c       0xc8 Middlewares\Third_Party\FreeRTOS\Source\tasks.o
                0x0800698c                xTaskRemoveFromEventList
 .text.vTaskInternalSetTimeOutState
                0x08006a54       0x2c Middlewares\Third_Party\FreeRTOS\Source\tasks.o
                0x08006a54                vTaskInternalSetTimeOutState
 .text.xTaskCheckForTimeOut
                0x08006a80       0xc8 Middlewares\Third_Party\FreeRTOS\Source\tasks.o
                0x08006a80                xTaskCheckForTimeOut
 .text.vTaskMissedYield
                0x08006b48       0x18 Middlewares\Third_Party\FreeRTOS\Source\tasks.o
                0x08006b48                vTaskMissedYield
 .text.prvIdleTask
                0x08006b60       0x30 Middlewares\Third_Party\FreeRTOS\Source\tasks.o
 .text.prvInitialiseTaskLists
                0x08006b90       0x80 Middlewares\Third_Party\FreeRTOS\Source\tasks.o
 .text.prvCheckTasksWaitingTermination
                0x08006c10       0x58 Middlewares\Third_Party\FreeRTOS\Source\tasks.o
 .text.prvDeleteTCB
                0x08006c68       0x60 Middlewares\Third_Party\FreeRTOS\Source\tasks.o
 .text.prvResetNextTaskUnblockTime
                0x08006cc8       0x40 Middlewares\Third_Party\FreeRTOS\Source\tasks.o
 .text.xTaskGetSchedulerState
                0x08006d08       0x3c Middlewares\Third_Party\FreeRTOS\Source\tasks.o
                0x08006d08                xTaskGetSchedulerState
 .text.xTaskPriorityInherit
                0x08006d44      0x100 Middlewares\Third_Party\FreeRTOS\Source\tasks.o
                0x08006d44                xTaskPriorityInherit
 .text.xTaskPriorityDisinherit
                0x08006e44      0x110 Middlewares\Third_Party\FreeRTOS\Source\tasks.o
                0x08006e44                xTaskPriorityDisinherit
 .text.vTaskPriorityDisinheritAfterTimeout
                0x08006f54      0x138 Middlewares\Third_Party\FreeRTOS\Source\tasks.o
                0x08006f54                vTaskPriorityDisinheritAfterTimeout
 .text.pvTaskIncrementMutexHeldCount
                0x0800708c       0x28 Middlewares\Third_Party\FreeRTOS\Source\tasks.o
                0x0800708c                pvTaskIncrementMutexHeldCount
 .text.prvAddCurrentTaskToDelayedList
                0x080070b4       0xcc Middlewares\Third_Party\FreeRTOS\Source\tasks.o
 .text.netconn_apimsg
                0x08007180       0x3a Middlewares\Third_Party\LwIP\src\api\api_lib.o
 *fill*         0x080071ba        0x2 
 .text.netconn_new_with_proto_and_callback
                0x080071bc       0xf4 Middlewares\Third_Party\LwIP\src\api\api_lib.o
                0x080071bc                netconn_new_with_proto_and_callback
 .text.netconn_prepare_delete
                0x080072b0       0x48 Middlewares\Third_Party\LwIP\src\api\api_lib.o
                0x080072b0                netconn_prepare_delete
 .text.netconn_delete
                0x080072f8       0x36 Middlewares\Third_Party\LwIP\src\api\api_lib.o
                0x080072f8                netconn_delete
 *fill*         0x0800732e        0x2 
 .text.netconn_getaddr
                0x08007330       0xa4 Middlewares\Third_Party\LwIP\src\api\api_lib.o
                0x08007330                netconn_getaddr
 .text.netconn_bind
                0x080073d4       0x70 Middlewares\Third_Party\LwIP\src\api\api_lib.o
                0x080073d4                netconn_bind
 .text.netconn_listen_with_backlog
                0x08007444       0x58 Middlewares\Third_Party\LwIP\src\api\api_lib.o
                0x08007444                netconn_listen_with_backlog
 .text.netconn_accept
                0x0800749c      0x118 Middlewares\Third_Party\LwIP\src\api\api_lib.o
                0x0800749c                netconn_accept
 .text.netconn_recv_data
                0x080075b4      0x190 Middlewares\Third_Party\LwIP\src\api\api_lib.o
 .text.netconn_tcp_recvd_msg
                0x08007744       0x60 Middlewares\Third_Party\LwIP\src\api\api_lib.o
 .text.netconn_tcp_recvd
                0x080077a4       0x5c Middlewares\Third_Party\LwIP\src\api\api_lib.o
                0x080077a4                netconn_tcp_recvd
 .text.netconn_recv_data_tcp
                0x08007800      0x106 Middlewares\Third_Party\LwIP\src\api\api_lib.o
 *fill*         0x08007906        0x2 
 .text.netconn_recv_tcp_pbuf_flags
                0x08007908       0x58 Middlewares\Third_Party\LwIP\src\api\api_lib.o
                0x08007908                netconn_recv_tcp_pbuf_flags
 .text.netconn_recv_udp_raw_netbuf_flags
                0x08007960       0x58 Middlewares\Third_Party\LwIP\src\api\api_lib.o
                0x08007960                netconn_recv_udp_raw_netbuf_flags
 .text.netconn_send
                0x080079b8       0x5c Middlewares\Third_Party\LwIP\src\api\api_lib.o
                0x080079b8                netconn_send
 .text.netconn_write_partly
                0x08007a14       0x34 Middlewares\Third_Party\LwIP\src\api\api_lib.o
                0x08007a14                netconn_write_partly
 .text.netconn_write_vectors_partly
                0x08007a48      0x170 Middlewares\Third_Party\LwIP\src\api\api_lib.o
                0x08007a48                netconn_write_vectors_partly
 .text.netconn_close_shutdown
                0x08007bb8       0x60 Middlewares\Third_Party\LwIP\src\api\api_lib.o
 .text.netconn_err
                0x08007c18       0x36 Middlewares\Third_Party\LwIP\src\api\api_lib.o
                0x08007c18                netconn_err
 *fill*         0x08007c4e        0x2 
 .text.lwip_netconn_err_to_msg
                0x08007c50       0x64 Middlewares\Third_Party\LwIP\src\api\api_msg.o
 .text.lwip_netconn_is_err_msg
                0x08007cb4       0x74 Middlewares\Third_Party\LwIP\src\api\api_msg.o
                0x08007cb4                lwip_netconn_is_err_msg
 .text.recv_udp
                0x08007d28       0xfc Middlewares\Third_Party\LwIP\src\api\api_msg.o
 .text.recv_tcp
                0x08007e24      0x10c Middlewares\Third_Party\LwIP\src\api\api_msg.o
 .text.poll_tcp
                0x08007f30       0xc8 Middlewares\Third_Party\LwIP\src\api\api_msg.o
 .text.sent_tcp
                0x08007ff8       0xa8 Middlewares\Third_Party\LwIP\src\api\api_msg.o
 .text.err_tcp  0x080080a0      0x1ac Middlewares\Third_Party\LwIP\src\api\api_msg.o
 .text.setup_tcp
                0x0800824c       0x50 Middlewares\Third_Party\LwIP\src\api\api_msg.o
 .text.accept_function
                0x0800829c      0x178 Middlewares\Third_Party\LwIP\src\api\api_msg.o
 .text.pcb_new  0x08008414       0xd4 Middlewares\Third_Party\LwIP\src\api\api_msg.o
 .text.lwip_netconn_do_newconn
                0x080084e8       0x2a Middlewares\Third_Party\LwIP\src\api\api_msg.o
                0x080084e8                lwip_netconn_do_newconn
 *fill*         0x08008512        0x2 
 .text.netconn_alloc
                0x08008514       0xdc Middlewares\Third_Party\LwIP\src\api\api_msg.o
                0x08008514                netconn_alloc
 .text.netconn_free
                0x080085f0       0x94 Middlewares\Third_Party\LwIP\src\api\api_msg.o
                0x080085f0                netconn_free
 .text.netconn_drain
                0x08008684       0xfa Middlewares\Third_Party\LwIP\src\api\api_msg.o
 *fill*         0x0800877e        0x2 
 .text.lwip_netconn_do_close_internal
                0x08008780      0x2cc Middlewares\Third_Party\LwIP\src\api\api_msg.o
 .text.lwip_netconn_do_delconn
                0x08008a4c      0x1c8 Middlewares\Third_Party\LwIP\src\api\api_msg.o
                0x08008a4c                lwip_netconn_do_delconn
 .text.lwip_netconn_do_bind
                0x08008c14       0x76 Middlewares\Third_Party\LwIP\src\api\api_msg.o
                0x08008c14                lwip_netconn_do_bind
 *fill*         0x08008c8a        0x2 
 .text.lwip_netconn_do_listen
                0x08008c8c      0x130 Middlewares\Third_Party\LwIP\src\api\api_msg.o
                0x08008c8c                lwip_netconn_do_listen
 .text.lwip_netconn_do_send
                0x08008dbc       0x9c Middlewares\Third_Party\LwIP\src\api\api_msg.o
                0x08008dbc                lwip_netconn_do_send
 .text.lwip_netconn_do_recv
                0x08008e58       0x6a Middlewares\Third_Party\LwIP\src\api\api_msg.o
                0x08008e58                lwip_netconn_do_recv
 *fill*         0x08008ec2        0x2 
 .text.lwip_netconn_do_writemore
                0x08008ec4      0x398 Middlewares\Third_Party\LwIP\src\api\api_msg.o
 .text.lwip_netconn_do_write
                0x0800925c      0x118 Middlewares\Third_Party\LwIP\src\api\api_msg.o
                0x0800925c                lwip_netconn_do_write
 .text.lwip_netconn_do_getaddr
                0x08009374      0x10c Middlewares\Third_Party\LwIP\src\api\api_msg.o
                0x08009374                lwip_netconn_do_getaddr
 .text.lwip_netconn_do_close
                0x08009480      0x118 Middlewares\Third_Party\LwIP\src\api\api_msg.o
                0x08009480                lwip_netconn_do_close
 .text.err_to_errno
                0x08009598       0x3c Middlewares\Third_Party\LwIP\src\api\err.o
                0x08009598                err_to_errno
 .text.netbuf_delete
                0x080095d4       0x3e Middlewares\Third_Party\LwIP\src\api\netbuf.o
                0x080095d4                netbuf_delete
 *fill*         0x08009612        0x2 
 .text.netbuf_free
                0x08009614       0x50 Middlewares\Third_Party\LwIP\src\api\netbuf.o
                0x08009614                netbuf_free
 .text.netbuf_ref
                0x08009664       0x94 Middlewares\Third_Party\LwIP\src\api\netbuf.o
                0x08009664                netbuf_ref
 .text.tryget_socket_unconn_nouse
                0x080096f8       0x34 Middlewares\Third_Party\LwIP\src\api\sockets.o
 .text.tryget_socket_unconn
                0x0800972c       0x1a Middlewares\Third_Party\LwIP\src\api\sockets.o
 .text.tryget_socket
                0x08009746       0x2c Middlewares\Third_Party\LwIP\src\api\sockets.o
 *fill*         0x08009772        0x2 
 .text.get_socket
                0x08009774       0x30 Middlewares\Third_Party\LwIP\src\api\sockets.o
 .text.alloc_socket
                0x080097a4       0xd8 Middlewares\Third_Party\LwIP\src\api\sockets.o
 .text.free_socket_locked
                0x0800987c       0x38 Middlewares\Third_Party\LwIP\src\api\sockets.o
 .text.free_socket_free_elements
                0x080098b4       0x44 Middlewares\Third_Party\LwIP\src\api\sockets.o
 .text.free_socket
                0x080098f8       0x44 Middlewares\Third_Party\LwIP\src\api\sockets.o
 .text.lwip_accept
                0x0800993c      0x23c Middlewares\Third_Party\LwIP\src\api\sockets.o
                0x0800993c                lwip_accept
 .text.lwip_bind
                0x08009b78       0xdc Middlewares\Third_Party\LwIP\src\api\sockets.o
                0x08009b78                lwip_bind
 .text.lwip_listen
                0x08009c54       0xa8 Middlewares\Third_Party\LwIP\src\api\sockets.o
                0x08009c54                lwip_listen
 .text.lwip_recv_tcp
                0x08009cfc      0x21c Middlewares\Third_Party\LwIP\src\api\sockets.o
 .text.lwip_sock_make_addr
                0x08009f18       0xdc Middlewares\Third_Party\LwIP\src\api\sockets.o
 .text.lwip_recv_tcp_from
                0x08009ff4       0x64 Middlewares\Third_Party\LwIP\src\api\sockets.o
 .text.lwip_recvfrom_udp_raw
                0x0800a058      0x1a8 Middlewares\Third_Party\LwIP\src\api\sockets.o
 .text.lwip_recvfrom
                0x0800a200      0x114 Middlewares\Third_Party\LwIP\src\api\sockets.o
                0x0800a200                lwip_recvfrom
 .text.lwip_recv
                0x0800a314       0x2c Middlewares\Third_Party\LwIP\src\api\sockets.o
                0x0800a314                lwip_recv
 .text.lwip_send
                0x0800a340       0xc0 Middlewares\Third_Party\LwIP\src\api\sockets.o
                0x0800a340                lwip_send
 .text.lwip_sendto
                0x0800a400      0x164 Middlewares\Third_Party\LwIP\src\api\sockets.o
                0x0800a400                lwip_sendto
 .text.lwip_socket
                0x0800a564       0xb0 Middlewares\Third_Party\LwIP\src\api\sockets.o
                0x0800a564                lwip_socket
 .text.lwip_poll_should_wake
                0x0800a614       0x86 Middlewares\Third_Party\LwIP\src\api\sockets.o
 *fill*         0x0800a69a        0x2 
 .text.event_callback
                0x0800a69c      0x178 Middlewares\Third_Party\LwIP\src\api\sockets.o
 .text.select_check_waiters
                0x0800a814      0x108 Middlewares\Third_Party\LwIP\src\api\sockets.o
 .text.tcpip_timeouts_mbox_fetch
                0x0800a91c       0x6c Middlewares\Third_Party\LwIP\src\api\tcpip.o
 .text.tcpip_thread
                0x0800a988       0x68 Middlewares\Third_Party\LwIP\src\api\tcpip.o
 .text.tcpip_thread_handle_msg
                0x0800a9f0       0x88 Middlewares\Third_Party\LwIP\src\api\tcpip.o
 .text.tcpip_inpkt
                0x0800aa78       0x88 Middlewares\Third_Party\LwIP\src\api\tcpip.o
                0x0800aa78                tcpip_inpkt
 .text.tcpip_input
                0x0800ab00       0x44 Middlewares\Third_Party\LwIP\src\api\tcpip.o
                0x0800ab00                tcpip_input
 .text.tcpip_try_callback
                0x0800ab44       0x80 Middlewares\Third_Party\LwIP\src\api\tcpip.o
                0x0800ab44                tcpip_try_callback
 .text.tcpip_send_msg_wait_sem
                0x0800abc4       0x2c Middlewares\Third_Party\LwIP\src\api\tcpip.o
                0x0800abc4                tcpip_send_msg_wait_sem
 .text.tcpip_init
                0x0800abf0       0x94 Middlewares\Third_Party\LwIP\src\api\tcpip.o
                0x0800abf0                tcpip_init
 .text.lwip_htons
                0x0800ac84       0x2a Middlewares\Third_Party\LwIP\src\core\def.o
                0x0800ac84                lwip_htons
 .text.lwip_htonl
                0x0800acae       0x32 Middlewares\Third_Party\LwIP\src\core\def.o
                0x0800acae                lwip_htonl
 .text.lwip_init
                0x0800ace0       0x2e Middlewares\Third_Party\LwIP\src\core\init.o
                0x0800ace0                lwip_init
 *fill*         0x0800ad0e        0x2 
 .text.etharp_free_entry
                0x0800ad10       0x64 Middlewares\Third_Party\LwIP\src\core\ipv4\etharp.o
 .text.etharp_tmr
                0x0800ad74      0x150 Middlewares\Third_Party\LwIP\src\core\ipv4\etharp.o
                0x0800ad74                etharp_tmr
 .text.etharp_find_entry
                0x0800aec4      0x2f0 Middlewares\Third_Party\LwIP\src\core\ipv4\etharp.o
 .text.etharp_update_arp_entry
                0x0800b1b4      0x14c Middlewares\Third_Party\LwIP\src\core\ipv4\etharp.o
 .text.etharp_cleanup_netif
                0x0800b300       0x60 Middlewares\Third_Party\LwIP\src\core\ipv4\etharp.o
                0x0800b300                etharp_cleanup_netif
 .text.etharp_input
                0x0800b360      0x114 Middlewares\Third_Party\LwIP\src\core\ipv4\etharp.o
                0x0800b360                etharp_input
 .text.etharp_output_to_arp_index
                0x0800b474      0x134 Middlewares\Third_Party\LwIP\src\core\ipv4\etharp.o
 .text.etharp_output
                0x0800b5a8      0x204 Middlewares\Third_Party\LwIP\src\core\ipv4\etharp.o
                0x0800b5a8                etharp_output
 .text.etharp_query
                0x0800b7ac      0x27c Middlewares\Third_Party\LwIP\src\core\ipv4\etharp.o
                0x0800b7ac                etharp_query
 .text.etharp_raw
                0x0800ba28      0x118 Middlewares\Third_Party\LwIP\src\core\ipv4\etharp.o
 .text.etharp_request_dst
                0x0800bb40       0x44 Middlewares\Third_Party\LwIP\src\core\ipv4\etharp.o
 .text.etharp_request
                0x0800bb84       0x24 Middlewares\Third_Party\LwIP\src\core\ipv4\etharp.o
                0x0800bb84                etharp_request
 .text.icmp_input
                0x0800bba8      0x208 Middlewares\Third_Party\LwIP\src\core\ipv4\icmp.o
                0x0800bba8                icmp_input
 .text.icmp_dest_unreach
                0x0800bdb0       0x20 Middlewares\Third_Party\LwIP\src\core\ipv4\icmp.o
                0x0800bdb0                icmp_dest_unreach
 .text.icmp_time_exceeded
                0x0800bdd0       0x20 Middlewares\Third_Party\LwIP\src\core\ipv4\icmp.o
                0x0800bdd0                icmp_time_exceeded
 .text.icmp_send_response
                0x0800bdf0       0xd4 Middlewares\Third_Party\LwIP\src\core\ipv4\icmp.o
 .text.ip4_route
                0x0800bec4       0xd8 Middlewares\Third_Party\LwIP\src\core\ipv4\ip4.o
                0x0800bec4                ip4_route
 .text.ip4_input_accept
                0x0800bf9c       0x54 Middlewares\Third_Party\LwIP\src\core\ipv4\ip4.o
 .text.ip4_input
                0x0800bff0      0x240 Middlewares\Third_Party\LwIP\src\core\ipv4\ip4.o
                0x0800bff0                ip4_input
 .text.ip4_output_if
                0x0800c230       0x54 Middlewares\Third_Party\LwIP\src\core\ipv4\ip4.o
                0x0800c230                ip4_output_if
 .text.ip4_output_if_src
                0x0800c284      0x15c Middlewares\Third_Party\LwIP\src\core\ipv4\ip4.o
                0x0800c284                ip4_output_if_src
 .text.ip4_addr_isbroadcast_u32
                0x0800c3e0       0x82 Middlewares\Third_Party\LwIP\src\core\ipv4\ip4_addr.o
                0x0800c3e0                ip4_addr_isbroadcast_u32
 *fill*         0x0800c462        0x2 
 .text.ip_reass_tmr
                0x0800c464       0x58 Middlewares\Third_Party\LwIP\src\core\ipv4\ip4_frag.o
                0x0800c464                ip_reass_tmr
 .text.ip_reass_free_complete_datagram
                0x0800c4bc      0x148 Middlewares\Third_Party\LwIP\src\core\ipv4\ip4_frag.o
 .text.ip_reass_remove_oldest_datagram
                0x0800c604       0xc4 Middlewares\Third_Party\LwIP\src\core\ipv4\ip4_frag.o
 .text.ip_reass_enqueue_new_datagram
                0x0800c6c8       0x74 Middlewares\Third_Party\LwIP\src\core\ipv4\ip4_frag.o
 .text.ip_reass_dequeue_datagram
                0x0800c73c       0x5c Middlewares\Third_Party\LwIP\src\core\ipv4\ip4_frag.o
 .text.ip_reass_chain_frag_into_datagram_and_validate
                0x0800c798      0x2d4 Middlewares\Third_Party\LwIP\src\core\ipv4\ip4_frag.o
 .text.ip4_reass
                0x0800ca6c      0x320 Middlewares\Third_Party\LwIP\src\core\ipv4\ip4_frag.o
                0x0800ca6c                ip4_reass
 .text.ip_frag_alloc_pbuf_custom_ref
                0x0800cd8c       0x10 Middlewares\Third_Party\LwIP\src\core\ipv4\ip4_frag.o
 .text.ip_frag_free_pbuf_custom_ref
                0x0800cd9c       0x38 Middlewares\Third_Party\LwIP\src\core\ipv4\ip4_frag.o
 .text.ipfrag_free_pbuf_custom
                0x0800cdd4       0x68 Middlewares\Third_Party\LwIP\src\core\ipv4\ip4_frag.o
 .text.ip4_frag
                0x0800ce3c      0x288 Middlewares\Third_Party\LwIP\src\core\ipv4\ip4_frag.o
                0x0800ce3c                ip4_frag
 .text.ptr_to_mem
                0x0800d0c4       0x24 Middlewares\Third_Party\LwIP\src\core\mem.o
 .text.mem_to_ptr
                0x0800d0e8       0x24 Middlewares\Third_Party\LwIP\src\core\mem.o
 .text.plug_holes
                0x0800d10c      0x144 Middlewares\Third_Party\LwIP\src\core\mem.o
 .text.mem_init
                0x0800d250       0xa4 Middlewares\Third_Party\LwIP\src\core\mem.o
                0x0800d250                mem_init
 .text.mem_link_valid
                0x0800d2f4       0x78 Middlewares\Third_Party\LwIP\src\core\mem.o
 .text.mem_free
                0x0800d36c      0x120 Middlewares\Third_Party\LwIP\src\core\mem.o
                0x0800d36c                mem_free
 .text.mem_trim
                0x0800d48c      0x214 Middlewares\Third_Party\LwIP\src\core\mem.o
                0x0800d48c                mem_trim
 .text.mem_malloc
                0x0800d6a0      0x20c Middlewares\Third_Party\LwIP\src\core\mem.o
                0x0800d6a0                mem_malloc
 .text.memp_init_pool
                0x0800d8ac       0x5e Middlewares\Third_Party\LwIP\src\core\memp.o
                0x0800d8ac                memp_init_pool
 *fill*         0x0800d90a        0x2 
 .text.memp_init
                0x0800d90c       0x34 Middlewares\Third_Party\LwIP\src\core\memp.o
                0x0800d90c                memp_init
 .text.do_memp_malloc_pool
                0x0800d940       0x64 Middlewares\Third_Party\LwIP\src\core\memp.o
 .text.memp_malloc
                0x0800d9a4       0x4c Middlewares\Third_Party\LwIP\src\core\memp.o
                0x0800d9a4                memp_malloc
 .text.do_memp_free_pool
                0x0800d9f0       0x58 Middlewares\Third_Party\LwIP\src\core\memp.o
 .text.memp_free
                0x0800da48       0x54 Middlewares\Third_Party\LwIP\src\core\memp.o
                0x0800da48                memp_free
 .text.netif_init
                0x0800da9c        0xe Middlewares\Third_Party\LwIP\src\core\netif.o
                0x0800da9c                netif_init
 *fill*         0x0800daaa        0x2 
 .text.netif_add
                0x0800daac      0x19c Middlewares\Third_Party\LwIP\src\core\netif.o
                0x0800daac                netif_add
 .text.netif_do_ip_addr_changed
                0x0800dc48       0x22 Middlewares\Third_Party\LwIP\src\core\netif.o
 *fill*         0x0800dc6a        0x2 
 .text.netif_do_set_ipaddr
                0x0800dc6c       0x94 Middlewares\Third_Party\LwIP\src\core\netif.o
 .text.netif_do_set_netmask
                0x0800dd00       0x3e Middlewares\Third_Party\LwIP\src\core\netif.o
 .text.netif_do_set_gw
                0x0800dd3e       0x3e Middlewares\Third_Party\LwIP\src\core\netif.o
 .text.netif_set_addr
                0x0800dd7c       0x94 Middlewares\Third_Party\LwIP\src\core\netif.o
                0x0800dd7c                netif_set_addr
 .text.netif_set_default
                0x0800de10       0x20 Middlewares\Third_Party\LwIP\src\core\netif.o
                0x0800de10                netif_set_default
 .text.netif_set_up
                0x0800de30       0x58 Middlewares\Third_Party\LwIP\src\core\netif.o
                0x0800de30                netif_set_up
 .text.netif_issue_reports
                0x0800de88       0x80 Middlewares\Third_Party\LwIP\src\core\netif.o
 .text.netif_set_down
                0x0800df08       0x64 Middlewares\Third_Party\LwIP\src\core\netif.o
                0x0800df08                netif_set_down
 .text.netif_set_link_up
                0x0800df6c       0x68 Middlewares\Third_Party\LwIP\src\core\netif.o
                0x0800df6c                netif_set_link_up
 .text.netif_set_link_down
                0x0800dfd4       0x60 Middlewares\Third_Party\LwIP\src\core\netif.o
                0x0800dfd4                netif_set_link_down
 .text.netif_set_link_callback
                0x0800e034       0x22 Middlewares\Third_Party\LwIP\src\core\netif.o
                0x0800e034                netif_set_link_callback
 .text.netif_null_output_ip4
                0x0800e056       0x1c Middlewares\Third_Party\LwIP\src\core\netif.o
 *fill*         0x0800e072        0x2 
 .text.netif_get_by_index
                0x0800e074       0x4c Middlewares\Third_Party\LwIP\src\core\netif.o
                0x0800e074                netif_get_by_index
 .text.pbuf_free_ooseq
                0x0800e0c0       0x4c Middlewares\Third_Party\LwIP\src\core\pbuf.o
 .text.pbuf_free_ooseq_callback
                0x0800e10c       0x14 Middlewares\Third_Party\LwIP\src\core\pbuf.o
 .text.pbuf_pool_is_empty
                0x0800e120       0x54 Middlewares\Third_Party\LwIP\src\core\pbuf.o
 .text.pbuf_init_alloced_pbuf
                0x0800e174       0x54 Middlewares\Third_Party\LwIP\src\core\pbuf.o
 .text.pbuf_alloc
                0x0800e1c8      0x1e4 Middlewares\Third_Party\LwIP\src\core\pbuf.o
                0x0800e1c8                pbuf_alloc
 .text.pbuf_alloc_reference
                0x0800e3ac       0x68 Middlewares\Third_Party\LwIP\src\core\pbuf.o
                0x0800e3ac                pbuf_alloc_reference
 .text.pbuf_alloced_custom
                0x0800e414       0x68 Middlewares\Third_Party\LwIP\src\core\pbuf.o
                0x0800e414                pbuf_alloced_custom
 .text.pbuf_realloc
                0x0800e47c      0x110 Middlewares\Third_Party\LwIP\src\core\pbuf.o
                0x0800e47c                pbuf_realloc
 .text.pbuf_add_header_impl
                0x0800e58c       0xd4 Middlewares\Third_Party\LwIP\src\core\pbuf.o
 .text.pbuf_add_header
                0x0800e660       0x1e Middlewares\Third_Party\LwIP\src\core\pbuf.o
                0x0800e660                pbuf_add_header
 *fill*         0x0800e67e        0x2 
 .text.pbuf_remove_header
                0x0800e680       0xa4 Middlewares\Third_Party\LwIP\src\core\pbuf.o
                0x0800e680                pbuf_remove_header
 .text.pbuf_header_impl
                0x0800e724       0x42 Middlewares\Third_Party\LwIP\src\core\pbuf.o
 .text.pbuf_header_force
                0x0800e766       0x24 Middlewares\Third_Party\LwIP\src\core\pbuf.o
                0x0800e766                pbuf_header_force
 .text.pbuf_free_header
                0x0800e78a       0x66 Middlewares\Third_Party\LwIP\src\core\pbuf.o
                0x0800e78a                pbuf_free_header
 .text.pbuf_free
                0x0800e7f0      0x11c Middlewares\Third_Party\LwIP\src\core\pbuf.o
                0x0800e7f0                pbuf_free
 .text.pbuf_clen
                0x0800e90c       0x2e Middlewares\Third_Party\LwIP\src\core\pbuf.o
                0x0800e90c                pbuf_clen
 *fill*         0x0800e93a        0x2 
 .text.pbuf_ref
                0x0800e93c       0x50 Middlewares\Third_Party\LwIP\src\core\pbuf.o
                0x0800e93c                pbuf_ref
 .text.pbuf_cat
                0x0800e98c       0xac Middlewares\Third_Party\LwIP\src\core\pbuf.o
                0x0800e98c                pbuf_cat
 .text.pbuf_chain
                0x0800ea38       0x20 Middlewares\Third_Party\LwIP\src\core\pbuf.o
                0x0800ea38                pbuf_chain
 .text.pbuf_copy
                0x0800ea58      0x1a4 Middlewares\Third_Party\LwIP\src\core\pbuf.o
                0x0800ea58                pbuf_copy
 .text.pbuf_copy_partial
                0x0800ebfc       0xe4 Middlewares\Third_Party\LwIP\src\core\pbuf.o
                0x0800ebfc                pbuf_copy_partial
 .text.pbuf_clone
                0x0800ece0       0x64 Middlewares\Third_Party\LwIP\src\core\pbuf.o
                0x0800ece0                pbuf_clone
 .text.tcp_init
                0x0800ed44       0x24 Middlewares\Third_Party\LwIP\src\core\tcp.o
                0x0800ed44                tcp_init
 .text.tcp_free
                0x0800ed68       0x38 Middlewares\Third_Party\LwIP\src\core\tcp.o
                0x0800ed68                tcp_free
 .text.tcp_free_listen
                0x0800eda0       0x38 Middlewares\Third_Party\LwIP\src\core\tcp.o
 .text.tcp_tmr  0x0800edd8       0x2c Middlewares\Third_Party\LwIP\src\core\tcp.o
                0x0800edd8                tcp_tmr
 .text.tcp_remove_listener
                0x0800ee04       0x54 Middlewares\Third_Party\LwIP\src\core\tcp.o
 .text.tcp_listen_closed
                0x0800ee58       0x74 Middlewares\Third_Party\LwIP\src\core\tcp.o
 .text.tcp_close_shutdown
                0x0800eecc      0x1bc Middlewares\Third_Party\LwIP\src\core\tcp.o
 .text.tcp_close_shutdown_fin
                0x0800f088       0xcc Middlewares\Third_Party\LwIP\src\core\tcp.o
 .text.tcp_close
                0x0800f154       0x58 Middlewares\Third_Party\LwIP\src\core\tcp.o
                0x0800f154                tcp_close
 .text.tcp_shutdown
                0x0800f1ac       0xb4 Middlewares\Third_Party\LwIP\src\core\tcp.o
                0x0800f1ac                tcp_shutdown
 .text.tcp_abandon
                0x0800f260      0x17c Middlewares\Third_Party\LwIP\src\core\tcp.o
                0x0800f260                tcp_abandon
 .text.tcp_abort
                0x0800f3dc       0x18 Middlewares\Third_Party\LwIP\src\core\tcp.o
                0x0800f3dc                tcp_abort
 .text.tcp_bind
                0x0800f3f4      0x130 Middlewares\Third_Party\LwIP\src\core\tcp.o
                0x0800f3f4                tcp_bind
 .text.tcp_accept_null
                0x0800f524       0x40 Middlewares\Third_Party\LwIP\src\core\tcp.o
 .text.tcp_listen_with_backlog_and_err
                0x0800f564      0x154 Middlewares\Third_Party\LwIP\src\core\tcp.o
                0x0800f564                tcp_listen_with_backlog_and_err
 .text.tcp_update_rcv_ann_wnd
                0x0800f6b8       0xb8 Middlewares\Third_Party\LwIP\src\core\tcp.o
                0x0800f6b8                tcp_update_rcv_ann_wnd
 .text.tcp_recved
                0x0800f770       0xa0 Middlewares\Third_Party\LwIP\src\core\tcp.o
                0x0800f770                tcp_recved
 .text.tcp_new_port
                0x0800f810       0x8c Middlewares\Third_Party\LwIP\src\core\tcp.o
 .text.tcp_slowtmr
                0x0800f89c      0x67c Middlewares\Third_Party\LwIP\src\core\tcp.o
                0x0800f89c                tcp_slowtmr
 .text.tcp_fasttmr
                0x0800ff18       0xc8 Middlewares\Third_Party\LwIP\src\core\tcp.o
                0x0800ff18                tcp_fasttmr
 .text.tcp_process_refused_data
                0x0800ffe0       0xf8 Middlewares\Third_Party\LwIP\src\core\tcp.o
                0x0800ffe0                tcp_process_refused_data
 .text.tcp_segs_free
                0x080100d8       0x28 Middlewares\Third_Party\LwIP\src\core\tcp.o
                0x080100d8                tcp_segs_free
 .text.tcp_seg_free
                0x08010100       0x30 Middlewares\Third_Party\LwIP\src\core\tcp.o
                0x08010100                tcp_seg_free
 .text.tcp_seg_copy
                0x08010130       0x58 Middlewares\Third_Party\LwIP\src\core\tcp.o
                0x08010130                tcp_seg_copy
 .text.tcp_recv_null
                0x08010188       0x6c Middlewares\Third_Party\LwIP\src\core\tcp.o
                0x08010188                tcp_recv_null
 .text.tcp_kill_prio
                0x080101f4       0x9c Middlewares\Third_Party\LwIP\src\core\tcp.o
 .text.tcp_kill_state
                0x08010290       0x94 Middlewares\Third_Party\LwIP\src\core\tcp.o
 .text.tcp_kill_timewait
                0x08010324       0x60 Middlewares\Third_Party\LwIP\src\core\tcp.o
 .text.tcp_handle_closepend
                0x08010384       0x4c Middlewares\Third_Party\LwIP\src\core\tcp.o
 .text.tcp_alloc
                0x080103d0      0x108 Middlewares\Third_Party\LwIP\src\core\tcp.o
                0x080103d0                tcp_alloc
 .text.tcp_new_ip_type
                0x080104d8       0x1c Middlewares\Third_Party\LwIP\src\core\tcp.o
                0x080104d8                tcp_new_ip_type
 .text.tcp_arg  0x080104f4       0x22 Middlewares\Third_Party\LwIP\src\core\tcp.o
                0x080104f4                tcp_arg
 *fill*         0x08010516        0x2 
 .text.tcp_recv
                0x08010518       0x44 Middlewares\Third_Party\LwIP\src\core\tcp.o
                0x08010518                tcp_recv
 .text.tcp_sent
                0x0801055c       0x44 Middlewares\Third_Party\LwIP\src\core\tcp.o
                0x0801055c                tcp_sent
 .text.tcp_err  0x080105a0       0x44 Middlewares\Third_Party\LwIP\src\core\tcp.o
                0x080105a0                tcp_err
 .text.tcp_accept
                0x080105e4       0x2e Middlewares\Third_Party\LwIP\src\core\tcp.o
                0x080105e4                tcp_accept
 *fill*         0x08010612        0x2 
 .text.tcp_poll
                0x08010614       0x60 Middlewares\Third_Party\LwIP\src\core\tcp.o
                0x08010614                tcp_poll
 .text.tcp_pcb_purge
                0x08010674       0xa0 Middlewares\Third_Party\LwIP\src\core\tcp.o
                0x08010674                tcp_pcb_purge
 .text.tcp_pcb_remove
                0x08010714      0x128 Middlewares\Third_Party\LwIP\src\core\tcp.o
                0x08010714                tcp_pcb_remove
 .text.tcp_next_iss
                0x0801083c       0x4c Middlewares\Third_Party\LwIP\src\core\tcp.o
                0x0801083c                tcp_next_iss
 .text.tcp_eff_send_mss_netif
                0x08010888       0x74 Middlewares\Third_Party\LwIP\src\core\tcp.o
                0x08010888                tcp_eff_send_mss_netif
 .text.tcp_netif_ip_addr_changed_pcblist
                0x080108fc       0x64 Middlewares\Third_Party\LwIP\src\core\tcp.o
 .text.tcp_netif_ip_addr_changed
                0x08010960       0x7c Middlewares\Third_Party\LwIP\src\core\tcp.o
                0x08010960                tcp_netif_ip_addr_changed
 .text.tcp_free_ooseq
                0x080109dc       0x28 Middlewares\Third_Party\LwIP\src\core\tcp.o
                0x080109dc                tcp_free_ooseq
 .text.tcp_input
                0x08010a04      0x808 Middlewares\Third_Party\LwIP\src\core\tcp_in.o
                0x08010a04                tcp_input
 .text.tcp_input_delayed_close
                0x0801120c       0x80 Middlewares\Third_Party\LwIP\src\core\tcp_in.o
 .text.tcp_listen_input
                0x0801128c      0x1fc Middlewares\Third_Party\LwIP\src\core\tcp_in.o
 .text.tcp_timewait_input
                0x08011488       0xf8 Middlewares\Third_Party\LwIP\src\core\tcp_in.o
 .text.tcp_process
                0x08011580      0x7e0 Middlewares\Third_Party\LwIP\src\core\tcp_in.o
 .text.tcp_oos_insert_segment
                0x08011d60      0x110 Middlewares\Third_Party\LwIP\src\core\tcp_in.o
 .text.tcp_free_acked_segments
                0x08011e70       0xf8 Middlewares\Third_Party\LwIP\src\core\tcp_in.o
 .text.tcp_receive
                0x08011f68      0xf34 Middlewares\Third_Party\LwIP\src\core\tcp_in.o
 .text.tcp_get_next_optbyte
                0x08012e9c       0x6c Middlewares\Third_Party\LwIP\src\core\tcp_in.o
 .text.tcp_parseopt
                0x08012f08       0xe8 Middlewares\Third_Party\LwIP\src\core\tcp_in.o
 .text.tcp_trigger_input_pcb_close
                0x08012ff0       0x20 Middlewares\Third_Party\LwIP\src\core\tcp_in.o
                0x08012ff0                tcp_trigger_input_pcb_close
 .text.tcp_route
                0x08013010       0x38 Middlewares\Third_Party\LwIP\src\core\tcp_out.o
 .text.tcp_create_segment
                0x08013048      0x140 Middlewares\Third_Party\LwIP\src\core\tcp_out.o
 .text.tcp_pbuf_prealloc
                0x08013188       0xf4 Middlewares\Third_Party\LwIP\src\core\tcp_out.o
 .text.tcp_write_checks
                0x0801327c       0xf4 Middlewares\Third_Party\LwIP\src\core\tcp_out.o
 .text.tcp_write
                0x08013370      0x6cc Middlewares\Third_Party\LwIP\src\core\tcp_out.o
                0x08013370                tcp_write
 .text.tcp_split_unsent_seg
                0x08013a3c      0x294 Middlewares\Third_Party\LwIP\src\core\tcp_out.o
                0x08013a3c                tcp_split_unsent_seg
 .text.tcp_send_fin
                0x08013cd0       0xa0 Middlewares\Third_Party\LwIP\src\core\tcp_out.o
                0x08013cd0                tcp_send_fin
 .text.tcp_enqueue_flags
                0x08013d70      0x1e0 Middlewares\Third_Party\LwIP\src\core\tcp_out.o
                0x08013d70                tcp_enqueue_flags
 .text.tcp_output
                0x08013f50      0x3ec Middlewares\Third_Party\LwIP\src\core\tcp_out.o
                0x08013f50                tcp_output
 .text.tcp_output_segment_busy
                0x0801433c       0x40 Middlewares\Third_Party\LwIP\src\core\tcp_out.o
 .text.tcp_output_segment
                0x0801437c      0x1c8 Middlewares\Third_Party\LwIP\src\core\tcp_out.o
 .text.tcp_rexmit_rto_prepare
                0x08014544       0xe0 Middlewares\Third_Party\LwIP\src\core\tcp_out.o
                0x08014544                tcp_rexmit_rto_prepare
 .text.tcp_rexmit_rto_commit
                0x08014624       0x50 Middlewares\Third_Party\LwIP\src\core\tcp_out.o
                0x08014624                tcp_rexmit_rto_commit
 .text.tcp_rexmit_rto
                0x08014674       0x44 Middlewares\Third_Party\LwIP\src\core\tcp_out.o
                0x08014674                tcp_rexmit_rto
 .text.tcp_rexmit
                0x080146b8       0xd8 Middlewares\Third_Party\LwIP\src\core\tcp_out.o
                0x080146b8                tcp_rexmit
 .text.tcp_rexmit_fast
                0x08014790       0xd8 Middlewares\Third_Party\LwIP\src\core\tcp_out.o
                0x08014790                tcp_rexmit_fast
 .text.tcp_output_alloc_header_common
                0x08014868       0xe8 Middlewares\Third_Party\LwIP\src\core\tcp_out.o
 .text.tcp_output_alloc_header
                0x08014950       0x7c Middlewares\Third_Party\LwIP\src\core\tcp_out.o
 .text.tcp_output_fill_options
                0x080149cc       0x88 Middlewares\Third_Party\LwIP\src\core\tcp_out.o
 .text.tcp_output_control_segment
                0x08014a54       0x94 Middlewares\Third_Party\LwIP\src\core\tcp_out.o
 .text.tcp_rst  0x08014ae8       0xa4 Middlewares\Third_Party\LwIP\src\core\tcp_out.o
                0x08014ae8                tcp_rst
 .text.tcp_send_empty_ack
                0x08014b8c       0xc8 Middlewares\Third_Party\LwIP\src\core\tcp_out.o
                0x08014b8c                tcp_send_empty_ack
 .text.tcp_keepalive
                0x08014c54       0x80 Middlewares\Third_Party\LwIP\src\core\tcp_out.o
                0x08014c54                tcp_keepalive
 .text.tcp_zero_window_probe
                0x08014cd4      0x154 Middlewares\Third_Party\LwIP\src\core\tcp_out.o
                0x08014cd4                tcp_zero_window_probe
 .text.tcpip_tcp_timer
                0x08014e28       0x48 Middlewares\Third_Party\LwIP\src\core\timeouts.o
 .text.tcp_timer_needed
                0x08014e70       0x40 Middlewares\Third_Party\LwIP\src\core\timeouts.o
                0x08014e70                tcp_timer_needed
 .text.sys_timeout_abs
                0x08014eb0       0xcc Middlewares\Third_Party\LwIP\src\core\timeouts.o
 .text.lwip_cyclic_timer
                0x08014f7c       0x5c Middlewares\Third_Party\LwIP\src\core\timeouts.o
 .text.sys_timeouts_init
                0x08014fd8       0x40 Middlewares\Third_Party\LwIP\src\core\timeouts.o
                0x08014fd8                sys_timeouts_init
 .text.sys_timeout
                0x08015018       0x4c Middlewares\Third_Party\LwIP\src\core\timeouts.o
                0x08015018                sys_timeout
 .text.sys_check_timeouts
                0x08015064       0x6c Middlewares\Third_Party\LwIP\src\core\timeouts.o
                0x08015064                sys_check_timeouts
 .text.sys_timeouts_sleeptime
                0x080150d0       0x68 Middlewares\Third_Party\LwIP\src\core\timeouts.o
                0x080150d0                sys_timeouts_sleeptime
 .text.udp_init
                0x08015138       0x24 Middlewares\Third_Party\LwIP\src\core\udp.o
                0x08015138                udp_init
 .text.udp_new_port
                0x0801515c       0x70 Middlewares\Third_Party\LwIP\src\core\udp.o
 .text.udp_input_local_match
                0x080151cc       0xc8 Middlewares\Third_Party\LwIP\src\core\udp.o
 .text.udp_input
                0x08015294      0x228 Middlewares\Third_Party\LwIP\src\core\udp.o
                0x08015294                udp_input
 .text.udp_send
                0x080154bc       0x68 Middlewares\Third_Party\LwIP\src\core\udp.o
                0x080154bc                udp_send
 .text.udp_sendto
                0x08015524       0xb8 Middlewares\Third_Party\LwIP\src\core\udp.o
                0x08015524                udp_sendto
 .text.udp_sendto_if
                0x080155dc       0xe8 Middlewares\Third_Party\LwIP\src\core\udp.o
                0x080155dc                udp_sendto_if
 .text.udp_sendto_if_src
                0x080156c4      0x1d0 Middlewares\Third_Party\LwIP\src\core\udp.o
                0x080156c4                udp_sendto_if_src
 .text.udp_bind
                0x08015894      0x110 Middlewares\Third_Party\LwIP\src\core\udp.o
                0x08015894                udp_bind
 .text.udp_recv
                0x080159a4       0x40 Middlewares\Third_Party\LwIP\src\core\udp.o
                0x080159a4                udp_recv
 .text.udp_remove
                0x080159e4       0x84 Middlewares\Third_Party\LwIP\src\core\udp.o
                0x080159e4                udp_remove
 .text.udp_new  0x08015a68       0x2e Middlewares\Third_Party\LwIP\src\core\udp.o
                0x08015a68                udp_new
 .text.udp_new_ip_type
                0x08015a96       0x1a Middlewares\Third_Party\LwIP\src\core\udp.o
                0x08015a96                udp_new_ip_type
 .text.udp_netif_ip_addr_changed
                0x08015ab0       0x60 Middlewares\Third_Party\LwIP\src\core\udp.o
                0x08015ab0                udp_netif_ip_addr_changed
 .text.ethernet_input
                0x08015b10      0x11c Middlewares\Third_Party\LwIP\src\netif\ethernet.o
                0x08015b10                ethernet_input
 .text.ethernet_output
                0x08015c2c       0x90 Middlewares\Third_Party\LwIP\src\netif\ethernet.o
                0x08015c2c                ethernet_output
 .text.sys_mbox_new
                0x08015cbc       0x44 Middlewares\Third_Party\LwIP\system\OS\sys_arch.o
                0x08015cbc                sys_mbox_new
 .text.sys_mbox_free
                0x08015d00       0x24 Middlewares\Third_Party\LwIP\system\OS\sys_arch.o
                0x08015d00                sys_mbox_free
 .text.sys_mbox_trypost
                0x08015d24       0x34 Middlewares\Third_Party\LwIP\system\OS\sys_arch.o
                0x08015d24                sys_mbox_trypost
 .text.sys_arch_mbox_fetch
                0x08015d58       0x7e Middlewares\Third_Party\LwIP\system\OS\sys_arch.o
                0x08015d58                sys_arch_mbox_fetch
 .text.sys_arch_mbox_tryfetch
                0x08015dd6       0x38 Middlewares\Third_Party\LwIP\system\OS\sys_arch.o
                0x08015dd6                sys_arch_mbox_tryfetch
 .text.sys_mbox_valid
                0x08015e0e       0x22 Middlewares\Third_Party\LwIP\system\OS\sys_arch.o
                0x08015e0e                sys_mbox_valid
 .text.sys_mbox_set_invalid
                0x08015e30       0x1a Middlewares\Third_Party\LwIP\system\OS\sys_arch.o
                0x08015e30                sys_mbox_set_invalid
 .text.sys_sem_new
                0x08015e4a       0x50 Middlewares\Third_Party\LwIP\system\OS\sys_arch.o
                0x08015e4a                sys_sem_new
 .text.sys_arch_sem_wait
                0x08015e9a       0x62 Middlewares\Third_Party\LwIP\system\OS\sys_arch.o
                0x08015e9a                sys_arch_sem_wait
 .text.sys_sem_signal
                0x08015efc       0x1a Middlewares\Third_Party\LwIP\system\OS\sys_arch.o
                0x08015efc                sys_sem_signal
 .text.sys_sem_free
                0x08015f16       0x1a Middlewares\Third_Party\LwIP\system\OS\sys_arch.o
                0x08015f16                sys_sem_free
 .text.sys_sem_valid
                0x08015f30       0x22 Middlewares\Third_Party\LwIP\system\OS\sys_arch.o
                0x08015f30                sys_sem_valid
 .text.sys_sem_set_invalid
                0x08015f52       0x1a Middlewares\Third_Party\LwIP\system\OS\sys_arch.o
                0x08015f52                sys_sem_set_invalid
 .text.sys_init
                0x08015f6c       0x1c Middlewares\Third_Party\LwIP\system\OS\sys_arch.o
                0x08015f6c                sys_init
 .text.sys_mutex_new
                0x08015f88       0x38 Middlewares\Third_Party\LwIP\system\OS\sys_arch.o
                0x08015f88                sys_mutex_new
 .text.sys_mutex_lock
                0x08015fc0       0x1e Middlewares\Third_Party\LwIP\system\OS\sys_arch.o
                0x08015fc0                sys_mutex_lock
 .text.sys_mutex_unlock
                0x08015fde       0x1a Middlewares\Third_Party\LwIP\system\OS\sys_arch.o
                0x08015fde                sys_mutex_unlock
 .text.sys_thread_new
                0x08015ff8       0x4a Middlewares\Third_Party\LwIP\system\OS\sys_arch.o
                0x08015ff8                sys_thread_new
 *fill*         0x08016042        0x2 
 .text.sys_arch_protect
                0x08016044       0x1c Middlewares\Third_Party\LwIP\system\OS\sys_arch.o
                0x08016044                sys_arch_protect
 .text.sys_arch_unprotect
                0x08016060       0x20 Middlewares\Third_Party\LwIP\system\OS\sys_arch.o
                0x08016060                sys_arch_unprotect
 .text.Reset_Handler
                0x08016080       0x50 startup\startup_stm32f767xx.o
                0x08016080                Reset_Handler
 .text.Default_Handler
                0x080160d0        0x2 startup\startup_stm32f767xx.o
                0x080160d0                RTC_Alarm_IRQHandler
                0x080160d0                EXTI2_IRQHandler
                0x080160d0                TIM8_CC_IRQHandler
                0x080160d0                UART8_IRQHandler
                0x080160d0                SPI4_IRQHandler
                0x080160d0                TIM1_CC_IRQHandler
                0x080160d0                DMA2_Stream5_IRQHandler
                0x080160d0                JPEG_IRQHandler
                0x080160d0                DMA1_Stream5_IRQHandler
                0x080160d0                CAN3_RX1_IRQHandler
                0x080160d0                PVD_IRQHandler
                0x080160d0                TAMP_STAMP_IRQHandler
                0x080160d0                CAN2_RX1_IRQHandler
                0x080160d0                EXTI3_IRQHandler
                0x080160d0                TIM8_TRG_COM_TIM14_IRQHandler
                0x080160d0                DFSDM1_FLT1_IRQHandler
                0x080160d0                TIM8_UP_TIM13_IRQHandler
                0x080160d0                I2C3_ER_IRQHandler
                0x080160d0                DFSDM1_FLT2_IRQHandler
                0x080160d0                EXTI0_IRQHandler
                0x080160d0                I2C2_EV_IRQHandler
                0x080160d0                DMA1_Stream2_IRQHandler
                0x080160d0                CAN1_RX0_IRQHandler
                0x080160d0                FPU_IRQHandler
                0x080160d0                OTG_HS_WKUP_IRQHandler
                0x080160d0                CAN3_SCE_IRQHandler
                0x080160d0                LTDC_ER_IRQHandler
                0x080160d0                CAN2_SCE_IRQHandler
                0x080160d0                DMA2_Stream2_IRQHandler
                0x080160d0                SPI1_IRQHandler
                0x080160d0                TIM6_DAC_IRQHandler
                0x080160d0                TIM1_BRK_TIM9_IRQHandler
                0x080160d0                DCMI_IRQHandler
                0x080160d0                CAN2_RX0_IRQHandler
                0x080160d0                DMA2_Stream3_IRQHandler
                0x080160d0                SAI2_IRQHandler
                0x080160d0                DFSDM1_FLT3_IRQHandler
                0x080160d0                USART6_IRQHandler
                0x080160d0                CAN3_RX0_IRQHandler
                0x080160d0                USART3_IRQHandler
                0x080160d0                CAN1_RX1_IRQHandler
                0x080160d0                UART5_IRQHandler
                0x080160d0                DMA2_Stream0_IRQHandler
                0x080160d0                TIM4_IRQHandler
                0x080160d0                QUADSPI_IRQHandler
                0x080160d0                I2C1_EV_IRQHandler
                0x080160d0                DMA1_Stream6_IRQHandler
                0x080160d0                DMA1_Stream1_IRQHandler
                0x080160d0                UART4_IRQHandler
                0x080160d0                TIM3_IRQHandler
                0x080160d0                RCC_IRQHandler
                0x080160d0                TIM8_BRK_TIM12_IRQHandler
                0x080160d0                Default_Handler
                0x080160d0                CEC_IRQHandler
                0x080160d0                ADC_IRQHandler
                0x080160d0                DMA1_Stream7_IRQHandler
                0x080160d0                SPI5_IRQHandler
                0x080160d0                TIM7_IRQHandler
                0x080160d0                SDMMC1_IRQHandler
                0x080160d0                CAN2_TX_IRQHandler
                0x080160d0                TIM5_IRQHandler
                0x080160d0                DMA2_Stream7_IRQHandler
                0x080160d0                I2C3_EV_IRQHandler
                0x080160d0                EXTI9_5_IRQHandler
                0x080160d0                RTC_WKUP_IRQHandler
                0x080160d0                LTDC_IRQHandler
                0x080160d0                ETH_WKUP_IRQHandler
                0x080160d0                SPDIF_RX_IRQHandler
                0x080160d0                SPI2_IRQHandler
                0x080160d0                OTG_HS_EP1_IN_IRQHandler
                0x080160d0                DMA1_Stream0_IRQHandler
                0x080160d0                CAN1_TX_IRQHandler
                0x080160d0                EXTI4_IRQHandler
                0x080160d0                RNG_IRQHandler
                0x080160d0                OTG_HS_EP1_OUT_IRQHandler
                0x080160d0                WWDG_IRQHandler
                0x080160d0                SPI6_IRQHandler
                0x080160d0                MDIOS_IRQHandler
                0x080160d0                I2C4_EV_IRQHandler
                0x080160d0                CAN3_TX_IRQHandler
                0x080160d0                TIM2_IRQHandler
                0x080160d0                OTG_FS_WKUP_IRQHandler
                0x080160d0                TIM1_TRG_COM_TIM11_IRQHandler
                0x080160d0                OTG_HS_IRQHandler
                0x080160d0                DMA2D_IRQHandler
                0x080160d0                EXTI1_IRQHandler
                0x080160d0                SDMMC2_IRQHandler
                0x080160d0                UART7_IRQHandler
                0x080160d0                USART2_IRQHandler
                0x080160d0                DFSDM1_FLT0_IRQHandler
                0x080160d0                I2C2_ER_IRQHandler
                0x080160d0                DMA2_Stream1_IRQHandler
                0x080160d0                CAN1_SCE_IRQHandler
                0x080160d0                FLASH_IRQHandler
                0x080160d0                DMA2_Stream4_IRQHandler
                0x080160d0                USART1_IRQHandler
                0x080160d0                OTG_FS_IRQHandler
                0x080160d0                SPI3_IRQHandler
                0x080160d0                DMA1_Stream4_IRQHandler
                0x080160d0                I2C1_ER_IRQHandler
                0x080160d0                FMC_IRQHandler
                0x080160d0                LPTIM1_IRQHandler
                0x080160d0                I2C4_ER_IRQHandler
                0x080160d0                DMA2_Stream6_IRQHandler
                0x080160d0                SAI1_IRQHandler
                0x080160d0                DMA1_Stream3_IRQHandler
 *fill*         0x080160d2        0x2 
 .text.__libc_init_array
                0x080160d4       0x48 c:/program files (x86)/atollic/truestudio for stm32 9.3.0/armtools/bin/../lib/gcc/arm-atollic-eabi/6.3.1/../../../../arm-atollic-eabi/lib/armv7e-m/fpu/fpv5-d16\libc_nano.a(lib_a-init.o)
                0x080160d4                __libc_init_array
 .text.memcmp   0x0801611c       0x1e c:/program files (x86)/atollic/truestudio for stm32 9.3.0/armtools/bin/../lib/gcc/arm-atollic-eabi/6.3.1/../../../../arm-atollic-eabi/lib/armv7e-m/fpu/fpv5-d16\libc_nano.a(lib_a-memcmp.o)
                0x0801611c                memcmp
 .text.memcpy   0x0801613a       0x16 c:/program files (x86)/atollic/truestudio for stm32 9.3.0/armtools/bin/../lib/gcc/arm-atollic-eabi/6.3.1/../../../../arm-atollic-eabi/lib/armv7e-m/fpu/fpv5-d16\libc_nano.a(lib_a-memcpy-stub.o)
                0x0801613a                memcpy
 .text.memset   0x08016150       0x10 c:/program files (x86)/atollic/truestudio for stm32 9.3.0/armtools/bin/../lib/gcc/arm-atollic-eabi/6.3.1/../../../../arm-atollic-eabi/lib/armv7e-m/fpu/fpv5-d16\libc_nano.a(lib_a-memset.o)
                0x08016150                memset
 .text._perror_r
                0x08016160       0x4c c:/program files (x86)/atollic/truestudio for stm32 9.3.0/armtools/bin/../lib/gcc/arm-atollic-eabi/6.3.1/../../../../arm-atollic-eabi/lib/armv7e-m/fpu/fpv5-d16\libc_nano.a(lib_a-perror.o)
                0x08016160                _perror_r
 .text.perror   0x080161ac       0x10 c:/program files (x86)/atollic/truestudio for stm32 9.3.0/armtools/bin/../lib/gcc/arm-atollic-eabi/6.3.1/../../../../arm-atollic-eabi/lib/armv7e-m/fpu/fpv5-d16\libc_nano.a(lib_a-perror.o)
                0x080161ac                perror
 .text.printf   0x080161bc       0x30 c:/program files (x86)/atollic/truestudio for stm32 9.3.0/armtools/bin/../lib/gcc/arm-atollic-eabi/6.3.1/../../../../arm-atollic-eabi/lib/armv7e-m/fpu/fpv5-d16\libc_nano.a(lib_a-printf.o)
                0x080161bc                iprintf
                0x080161bc                printf
 .text.rand     0x080161ec       0x74 c:/program files (x86)/atollic/truestudio for stm32 9.3.0/armtools/bin/../lib/gcc/arm-atollic-eabi/6.3.1/../../../../arm-atollic-eabi/lib/armv7e-m/fpu/fpv5-d16\libc_nano.a(lib_a-rand.o)
                0x080161ec                rand
 .text._strerror_r
                0x08016260      0x3cc c:/program files (x86)/atollic/truestudio for stm32 9.3.0/armtools/bin/../lib/gcc/arm-atollic-eabi/6.3.1/../../../../arm-atollic-eabi/lib/armv7e-m/fpu/fpv5-d16\libc_nano.a(lib_a-strerror.o)
                0x08016260                _strerror_r
 .text._user_strerror
                0x0801662c        0x4 c:/program files (x86)/atollic/truestudio for stm32 9.3.0/armtools/bin/../lib/gcc/arm-atollic-eabi/6.3.1/../../../../arm-atollic-eabi/lib/armv7e-m/fpu/fpv5-d16\libc_nano.a(lib_a-u_strerr.o)
                0x0801662c                _user_strerror
 .text._cleanup_r
                0x08016630        0xc c:/program files (x86)/atollic/truestudio for stm32 9.3.0/armtools/bin/../lib/gcc/arm-atollic-eabi/6.3.1/../../../../arm-atollic-eabi/lib/armv7e-m/fpu/fpv5-d16\libc_nano.a(lib_a-findfp.o)
                0x08016630                _cleanup_r
 .text.std.isra.0
                0x0801663c       0x48 c:/program files (x86)/atollic/truestudio for stm32 9.3.0/armtools/bin/../lib/gcc/arm-atollic-eabi/6.3.1/../../../../arm-atollic-eabi/lib/armv7e-m/fpu/fpv5-d16\libc_nano.a(lib_a-findfp.o)
 .text.__sfmoreglue
                0x08016684       0x2c c:/program files (x86)/atollic/truestudio for stm32 9.3.0/armtools/bin/../lib/gcc/arm-atollic-eabi/6.3.1/../../../../arm-atollic-eabi/lib/armv7e-m/fpu/fpv5-d16\libc_nano.a(lib_a-findfp.o)
                0x08016684                __sfmoreglue
 .text.__sinit  0x080166b0       0x60 c:/program files (x86)/atollic/truestudio for stm32 9.3.0/armtools/bin/../lib/gcc/arm-atollic-eabi/6.3.1/../../../../arm-atollic-eabi/lib/armv7e-m/fpu/fpv5-d16\libc_nano.a(lib_a-findfp.o)
                0x080166b0                __sinit