Archive member included to satisfy reference by file (symbol)

c:/program files (x86)/atollic/truestudio for stm32 9.3.0/armtools/bin/../lib/gcc/arm-atollic-eabi/6.3.1/../../../../arm-atollic-eabi/lib/armv7-m\libc_nano.a(lib_a-init.o)
                              startup\startup_stm32f207xx.o (__libc_init_array)
c:/program files (x86)/atollic/truestudio for stm32 9.3.0/armtools/bin/../lib/gcc/arm-atollic-eabi/6.3.1/../../../../arm-atollic-eabi/lib/armv7-m\libc_nano.a(lib_a-memcmp.o)
                              Middlewares\Third_Party\LwIP\src\netif\ethernet.o (memcmp)
c:/program files (x86)/atollic/truestudio for stm32 9.3.0/armtools/bin/../lib/gcc/arm-atollic-eabi/6.3.1/../../../../arm-atollic-eabi/lib/armv7-m\libc_nano.a(lib_a-memcpy-stub.o)
                              LWIP\Target\ethernetif.o (memcpy)
c:/program files (x86)/atollic/truestudio for stm32 9.3.0/armtools/bin/../lib/gcc/arm-atollic-eabi/6.3.1/../../../../arm-atollic-eabi/lib/armv7-m\libc_nano.a(lib_a-memset.o)
                              Core\Src\main.o (memset)
c:/program files (x86)/atollic/truestudio for stm32 9.3.0/armtools/bin/../lib/gcc/arm-atollic-eabi/6.3.1/../../../../arm-atollic-eabi/lib/armv7-m\libc_nano.a(lib_a-perror.o)
                              Core\Src\main.o (perror)
c:/program files (x86)/atollic/truestudio for stm32 9.3.0/armtools/bin/../lib/gcc/arm-atollic-eabi/6.3.1/../../../../arm-atollic-eabi/lib/armv7-m\libc_nano.a(lib_a-printf.o)
                              LWIP\Target\ethernetif.o (printf)
c:/program files (x86)/atollic/truestudio for stm32 9.3.0/armtools/bin/../lib/gcc/arm-atollic-eabi/6.3.1/../../../../arm-atollic-eabi/lib/armv7-m\libc_nano.a(lib_a-strerror.o)
                              c:/program files (x86)/atollic/truestudio for stm32 9.3.0/armtools/bin/../lib/gcc/arm-atollic-eabi/6.3.1/../../../../arm-atollic-eabi/lib/armv7-m\libc_nano.a(lib_a-perror.o) (_strerror_r)
c:/program files (x86)/atollic/truestudio for stm32 9.3.0/armtools/bin/../lib/gcc/arm-atollic-eabi/6.3.1/../../../../arm-atollic-eabi/lib/armv7-m\libc_nano.a(lib_a-strlen.o)
                              Middlewares\Third_Party\LwIP\src\apps\mqtt\mqtt.o (strlen)
c:/program files (x86)/atollic/truestudio for stm32 9.3.0/armtools/bin/../lib/gcc/arm-atollic-eabi/6.3.1/../../../../arm-atollic-eabi/lib/armv7-m\libc_nano.a(lib_a-strncmp.o)
                              Middlewares\Third_Party\LwIP\src\core\def.o (strncmp)
c:/program files (x86)/atollic/truestudio for stm32 9.3.0/armtools/bin/../lib/gcc/arm-atollic-eabi/6.3.1/../../../../arm-atollic-eabi/lib/armv7-m\libc_nano.a(lib_a-u_strerr.o)
                              c:/program files (x86)/atollic/truestudio for stm32 9.3.0/armtools/bin/../lib/gcc/arm-atollic-eabi/6.3.1/../../../../arm-atollic-eabi/lib/armv7-m\libc_nano.a(lib_a-strerror.o) (_user_strerror)
c:/program files (x86)/atollic/truestudio for stm32 9.3.0/armtools/bin/../lib/gcc/arm-atollic-eabi/6.3.1/../../../../arm-atollic-eabi/lib/armv7-m\libc_nano.a(lib_a-findfp.o)
                              c:/program files (x86)/atollic/truestudio for stm32 9.3.0/armtools/bin/../lib/gcc/arm-atollic-eabi/6.3.1/../../../../arm-atollic-eabi/lib/armv7-m\libc_nano.a(lib_a-perror.o) (__sinit)
c:/program files (x86)/atollic/truestudio for stm32 9.3.0/armtools/bin/../lib/gcc/arm-atollic-eabi/6.3.1/../../../../arm-atollic-eabi/lib/armv7-m\libc_nano.a(lib_a-fputc.o)
                              c:/program files (x86)/atollic/truestudio for stm32 9.3.0/armtools/bin/../lib/gcc/arm-atollic-eabi/6.3.1/../../../../arm-atollic-eabi/lib/armv7-m\libc_nano.a(lib_a-perror.o) (fputc)
c:/program files (x86)/atollic/truestudio for stm32 9.3.0/armtools/bin/../lib/gcc/arm-atollic-eabi/6.3.1/../../../../arm-atollic-eabi/lib/armv7-m\libc_nano.a(lib_a-fputs.o)
                              c:/program files (x86)/atollic/truestudio for stm32 9.3.0/armtools/bin/../lib/gcc/arm-atollic-eabi/6.3.1/../../../../arm-atollic-eabi/lib/armv7-m\libc_nano.a(lib_a-perror.o) (fputs)
c:/program files (x86)/atollic/truestudio for stm32 9.3.0/armtools/bin/../lib/gcc/arm-atollic-eabi/6.3.1/../../../../arm-atollic-eabi/lib/armv7-m\libc_nano.a(lib_a-fwalk.o)
                              c:/program files (x86)/atollic/truestudio for stm32 9.3.0/armtools/bin/../lib/gcc/arm-atollic-eabi/6.3.1/../../../../arm-atollic-eabi/lib/armv7-m\libc_nano.a(lib_a-findfp.o) (_fwalk)
c:/program files (x86)/atollic/truestudio for stm32 9.3.0/armtools/bin/../lib/gcc/arm-atollic-eabi/6.3.1/../../../../arm-atollic-eabi/lib/armv7-m\libc_nano.a(lib_a-impure.o)
                              c:/program files (x86)/atollic/truestudio for stm32 9.3.0/armtools/bin/../lib/gcc/arm-atollic-eabi/6.3.1/../../../../arm-atollic-eabi/lib/armv7-m\libc_nano.a(lib_a-findfp.o) (_global_impure_ptr)
c:/program files (x86)/atollic/truestudio for stm32 9.3.0/armtools/bin/../lib/gcc/arm-atollic-eabi/6.3.1/../../../../arm-atollic-eabi/lib/armv7-m\libc_nano.a(lib_a-nano-mallocr.o)
[...]
Memory Configuration

Name             Origin             Length             Attributes
RAM              0x20000000         0x0001c000         xrw
RAM2             0x2001c000         0x00004000         xrw
FLASH            0x08000000         0x00100000         xr
*default*        0x00000000         0xffffffff

Linker script and memory map

LOAD c:/program files (x86)/atollic/truestudio for stm32 9.3.0/armtools/bin/../lib/gcc/arm-atollic-eabi/6.3.1/armv7-m/crti.o
LOAD c:/program files (x86)/atollic/truestudio for stm32 9.3.0/armtools/bin/../lib/gcc/arm-atollic-eabi/6.3.1/armv7-m/crtbegin.o
LOAD Core\Src\freertos.o
LOAD Core\Src\main.o
LOAD Core\Src\stm32f2xx_hal_msp.o
LOAD Core\Src\stm32f2xx_hal_timebase_tim.o
LOAD Core\Src\stm32f2xx_it.o
LOAD Core\Src\syscalls.o
LOAD Core\Src\system_stm32f2xx.o
LOAD Drivers\STM32F2xx_HAL_Driver\Src\stm32f2xx_hal.o
LOAD Drivers\STM32F2xx_HAL_Driver\Src\stm32f2xx_hal_cortex.o
LOAD Drivers\STM32F2xx_HAL_Driver\Src\stm32f2xx_hal_dma.o
LOAD Drivers\STM32F2xx_HAL_Driver\Src\stm32f2xx_hal_dma_ex.o
LOAD Drivers\STM32F2xx_HAL_Driver\Src\stm32f2xx_hal_eth.o
LOAD Drivers\STM32F2xx_HAL_Driver\Src\stm32f2xx_hal_exti.o
LOAD Drivers\STM32F2xx_HAL_Driver\Src\stm32f2xx_hal_flash.o
LOAD Drivers\STM32F2xx_HAL_Driver\Src\stm32f2xx_hal_flash_ex.o
LOAD Drivers\STM32F2xx_HAL_Driver\Src\stm32f2xx_hal_gpio.o
LOAD Drivers\STM32F2xx_HAL_Driver\Src\stm32f2xx_hal_pwr.o
LOAD Drivers\STM32F2xx_HAL_Driver\Src\stm32f2xx_hal_pwr_ex.o
LOAD Drivers\STM32F2xx_HAL_Driver\Src\stm32f2xx_hal_rcc.o
LOAD Drivers\STM32F2xx_HAL_Driver\Src\stm32f2xx_hal_rcc_ex.o
LOAD Drivers\STM32F2xx_HAL_Driver\Src\stm32f2xx_hal_tim.o
LOAD Drivers\STM32F2xx_HAL_Driver\Src\stm32f2xx_hal_tim_ex.o
LOAD LWIP\App\lwip.o
LOAD LWIP\Target\ethernetif.o
LOAD Middlewares\Third_Party\FreeRTOS\Source\CMSIS_RTOS\cmsis_os.o
LOAD Middlewares\Third_Party\FreeRTOS\Source\croutine.o
LOAD Middlewares\Third_Party\FreeRTOS\Source\event_groups.o
LOAD Middlewares\Third_Party\FreeRTOS\Source\list.o
LOAD Middlewares\Third_Party\FreeRTOS\Source\portable\GCC\ARM_CM3\port.o
LOAD Middlewares\Third_Party\FreeRTOS\Source\portable\MemMang\heap_4.o
LOAD Middlewares\Third_Party\FreeRTOS\Source\queue.o
LOAD Middlewares\Third_Party\FreeRTOS\Source\stream_buffer.o
LOAD Middlewares\Third_Party\FreeRTOS\Source\tasks.o
LOAD Middlewares\Third_Party\FreeRTOS\Source\timers.o
LOAD Middlewares\Third_Party\LwIP\src\api\api_lib.o
LOAD Middlewares\Third_Party\LwIP\src\api\api_msg.o
LOAD Middlewares\Third_Party\LwIP\src\api\err.o
LOAD Middlewares\Third_Party\LwIP\src\api\netbuf.o
LOAD Middlewares\Third_Party\LwIP\src\api\netdb.o
LOAD Middlewares\Third_Party\LwIP\src\api\netifapi.o
LOAD Middlewares\Third_Party\LwIP\src\api\sockets.o
LOAD Middlewares\Third_Party\LwIP\src\api\tcpip.o
LOAD Middlewares\Third_Party\LwIP\src\apps\mqtt\mqtt.o
LOAD Middlewares\Third_Party\LwIP\src\core\def.o
LOAD Middlewares\Third_Party\LwIP\src\core\dns.o
LOAD Middlewares\Third_Party\LwIP\src\core\inet_chksum.o
LOAD Middlewares\Third_Party\LwIP\src\core\init.o
LOAD Middlewares\Third_Party\LwIP\src\core\ip.o
LOAD Middlewares\Third_Party\LwIP\src\core\ipv4\autoip.o
LOAD Middlewares\Third_Party\LwIP\src\core\ipv4\dhcp.o
LOAD Middlewares\Third_Party\LwIP\src\core\ipv4\etharp.o
LOAD Middlewares\Third_Party\LwIP\src\core\ipv4\icmp.o
LOAD Middlewares\Third_Party\LwIP\src\core\ipv4\igmp.o
LOAD Middlewares\Third_Party\LwIP\src\core\ipv4\ip4.o
LOAD Middlewares\Third_Party\LwIP\src\core\ipv4\ip4_addr.o
LOAD Middlewares\Third_Party\LwIP\src\core\ipv4\ip4_frag.o
LOAD Middlewares\Third_Party\LwIP\src\core\ipv6\dhcp6.o
LOAD Middlewares\Third_Party\LwIP\src\core\ipv6\ethip6.o
LOAD Middlewares\Third_Party\LwIP\src\core\ipv6\icmp6.o
LOAD Middlewares\Third_Party\LwIP\src\core\ipv6\inet6.o
LOAD Middlewares\Third_Party\LwIP\src\core\ipv6\ip6.o
LOAD Middlewares\Third_Party\LwIP\src\core\ipv6\ip6_addr.o
LOAD Middlewares\Third_Party\LwIP\src\core\ipv6\ip6_frag.o
LOAD Middlewares\Third_Party\LwIP\src\core\ipv6\mld6.o
LOAD Middlewares\Third_Party\LwIP\src\core\ipv6\nd6.o
LOAD Middlewares\Third_Party\LwIP\src\core\mem.o
LOAD Middlewares\Third_Party\LwIP\src\core\memp.o
LOAD Middlewares\Third_Party\LwIP\src\core\netif.o
LOAD Middlewares\Third_Party\LwIP\src\core\pbuf.o
LOAD Middlewares\Third_Party\LwIP\src\core\raw.o
LOAD Middlewares\Third_Party\LwIP\src\core\stats.o
LOAD Middlewares\Third_Party\LwIP\src\core\sys.o
LOAD Middlewares\Third_Party\LwIP\src\core\tcp.o
LOAD Middlewares\Third_Party\LwIP\src\core\tcp_in.o
LOAD Middlewares\Third_Party\LwIP\src\core\tcp_out.o
LOAD Middlewares\Third_Party\LwIP\src\core\timeouts.o
LOAD Middlewares\Third_Party\LwIP\src\core\udp.o
LOAD Middlewares\Third_Party\LwIP\src\netif\ethernet.o
LOAD Middlewares\Third_Party\LwIP\src\netif\lowpan6.o
LOAD Middlewares\Third_Party\LwIP\src\netif\ppp\auth.o
LOAD Middlewares\Third_Party\LwIP\src\netif\ppp\ccp.o
LOAD Middlewares\Third_Party\LwIP\src\netif\ppp\chap-md5.o
LOAD Middlewares\Third_Party\LwIP\src\netif\ppp\chap-new.o
LOAD Middlewares\Third_Party\LwIP\src\netif\ppp\chap_ms.o
LOAD Middlewares\Third_Party\LwIP\src\netif\ppp\demand.o
LOAD Middlewares\Third_Party\LwIP\src\netif\ppp\eap.o
LOAD Middlewares\Third_Party\LwIP\src\netif\ppp\ecp.o
LOAD Middlewares\Third_Party\LwIP\src\netif\ppp\eui64.o
LOAD Middlewares\Third_Party\LwIP\src\netif\ppp\fsm.o
LOAD Middlewares\Third_Party\LwIP\src\netif\ppp\ipcp.o
LOAD Middlewares\Third_Party\LwIP\src\netif\ppp\ipv6cp.o
LOAD Middlewares\Third_Party\LwIP\src\netif\ppp\lcp.o
LOAD Middlewares\Third_Party\LwIP\src\netif\ppp\magic.o
LOAD Middlewares\Third_Party\LwIP\src\netif\ppp\mppe.o
LOAD Middlewares\Third_Party\LwIP\src\netif\ppp\multilink.o
LOAD Middlewares\Third_Party\LwIP\src\netif\ppp\ppp.o
LOAD Middlewares\Third_Party\LwIP\src\netif\ppp\pppapi.o
LOAD Middlewares\Third_Party\LwIP\src\netif\ppp\pppcrypt.o
LOAD Middlewares\Third_Party\LwIP\src\netif\ppp\pppoe.o
LOAD Middlewares\Third_Party\LwIP\src\netif\ppp\pppol2tp.o
LOAD Middlewares\Third_Party\LwIP\src\netif\ppp\pppos.o
LOAD Middlewares\Third_Party\LwIP\src\netif\ppp\upap.o
LOAD Middlewares\Third_Party\LwIP\src\netif\ppp\utils.o
LOAD Middlewares\Third_Party\LwIP\src\netif\ppp\vj.o
LOAD Middlewares\Third_Party\LwIP\src\netif\slipif.o
LOAD Middlewares\Third_Party\LwIP\system\OS\sys_arch.o
LOAD startup\startup_stm32f207xx.o
                0x00000080                malloc_getpagesize_P = 0x80
START GROUP
LOAD c:/program files (x86)/atollic/truestudio for stm32 9.3.0/armtools/bin/../lib/gcc/arm-atollic-eabi/6.3.1/../../../../arm-atollic-eabi/lib/armv7-m\libc_nano.a
LOAD c:/program files (x86)/atollic/truestudio for stm32 9.3.0/armtools/bin/../lib/gcc/arm-atollic-eabi/6.3.1/../../../../arm-atollic-eabi/lib/armv7-m\libm.a
END GROUP
START GROUP
LOAD c:/program files (x86)/atollic/truestudio for stm32 9.3.0/armtools/bin/../lib/gcc/arm-atollic-eabi/6.3.1/armv7-m\libgcc.a
LOAD c:/program files (x86)/atollic/truestudio for stm32 9.3.0/armtools/bin/../lib/gcc/arm-atollic-eabi/6.3.1/../../../../arm-atollic-eabi/lib/armv7-m\libc_nano.a
END GROUP
START GROUP
LOAD c:/program files (x86)/atollic/truestudio for stm32 9.3.0/armtools/bin/../lib/gcc/arm-atollic-eabi/6.3.1/armv7-m\libgcc.a
LOAD c:/program files (x86)/atollic/truestudio for stm32 9.3.0/armtools/bin/../lib/gcc/arm-atollic-eabi/6.3.1/../../../../arm-atollic-eabi/lib/armv7-m\libc_nano.a
LOAD c:/program files (x86)/atollic/truestudio for stm32 9.3.0/armtools/bin/../lib/gcc/arm-atollic-eabi/6.3.1/../../../../arm-atollic-eabi/lib/armv7-m\libnosys.a
END GROUP
START GROUP
LOAD c:/program files (x86)/atollic/truestudio for stm32 9.3.0/armtools/bin/../lib/gcc/arm-atollic-eabi/6.3.1/armv7-m\libgcc.a
LOAD c:/program files (x86)/atollic/truestudio for stm32 9.3.0/armtools/bin/../lib/gcc/arm-atollic-eabi/6.3.1/../../../../arm-atollic-eabi/lib/armv7-m\libc_nano.a
LOAD c:/program files (x86)/atollic/truestudio for stm32 9.3.0/armtools/bin/../lib/gcc/arm-atollic-eabi/6.3.1/../../../../arm-atollic-eabi/lib/armv7-m\libnosys.a
END GROUP
LOAD c:/program files (x86)/atollic/truestudio for stm32 9.3.0/armtools/bin/../lib/gcc/arm-atollic-eabi/6.3.1/armv7-m/crtend.o
LOAD c:/program files (x86)/atollic/truestudio for stm32 9.3.0/armtools/bin/../lib/gcc/arm-atollic-eabi/6.3.1/armv7-m/crtn.o
                0x2001c000                _estack = 0x2001c000
                0x00002000                _Min_Heap_Size = 0x2000
                0x00004000                _Min_Stack_Size = 0x4000

.isr_vector     0x08000000      0x184
                0x08000000                . = ALIGN (0x4)
 *(.isr_vector)
 .isr_vector    0x08000000      0x184 startup\startup_stm32f207xx.o
                0x08000000                g_pfnVectors
                0x08000184                . = ALIGN (0x4)

.text           0x08000190    0x15298
                0x08000190                . = ALIGN (0x4)
 *(.text)
 .text          0x08000190       0x40 c:/program files (x86)/atollic/truestudio for stm32 9.3.0/armtools/bin/../lib/gcc/arm-atollic-eabi/6.3.1/armv7-m/crtbegin.o
 .text          0x080001d0       0x30 c:/program files (x86)/atollic/truestudio for stm32 9.3.0/armtools/bin/../lib/gcc/arm-atollic-eabi/6.3.1/armv7-m\libgcc.a(_aeabi_uldivmod.o)
                0x080001d0                __aeabi_uldivmod
 .text          0x08000200      0x2dc c:/program files (x86)/atollic/truestudio for stm32 9.3.0/armtools/bin/../lib/gcc/arm-atollic-eabi/6.3.1/armv7-m\libgcc.a(_udivmoddi4.o)
                0x08000200                __udivmoddi4
 .text          0x080004dc        0x4 c:/program files (x86)/atollic/truestudio for stm32 9.3.0/armtools/bin/../lib/gcc/arm-atollic-eabi/6.3.1/armv7-m\libgcc.a(_dvmd_tls.o)
                0x080004dc                __aeabi_idiv0
                0x080004dc                __aeabi_ldiv0
 *(.text*)
 .text.vApplicationGetIdleTaskMemory
                0x080004e0       0x30 Core\Src\freertos.o
                0x080004e0                vApplicationGetIdleTaskMemory
 .text.main     0x08000510       0x44 Core\Src\main.o
                0x08000510                main
 .text.SystemClock_Config
                0x08000554       0x8c Core\Src\main.o
                0x08000554                SystemClock_Config
 .text.MX_GPIO_Init
                0x080005e0      0x10c Core\Src\main.o
 .text.tcp_client_task
                0x080006ec      0x16c Core\Src\main.o
                0x080006ec                tcp_client_task
 .text.StartDefaultTask
                0x08000858       0x18 Core\Src\main.o
                0x08000858                StartDefaultTask
 .text.HAL_TIM_PeriodElapsedCallback
                0x08000870       0x24 Core\Src\main.o
                0x08000870                HAL_TIM_PeriodElapsedCallback
 .text.Error_Handler
                0x08000894        0x8 Core\Src\main.o
                0x08000894                Error_Handler
 .text.HAL_MspInit
                0x0800089c       0x58 Core\Src\stm32f2xx_hal_msp.o
                0x0800089c                HAL_MspInit
 .text.HAL_InitTick
                0x080008f4       0xb4 Core\Src\stm32f2xx_hal_timebase_tim.o
                0x080008f4                HAL_InitTick
 .text.NMI_Handler
                0x080009a8        0x6 Core\Src\stm32f2xx_it.o
                0x080009a8                NMI_Handler
 .text.HardFault_Handler
                0x080009ae        0x6 Core\Src\stm32f2xx_it.o
                0x080009ae                HardFault_Handler
 .text.MemManage_Handler
                0x080009b4        0x6 Core\Src\stm32f2xx_it.o
                0x080009b4                MemManage_Handler
 .text.BusFault_Handler
                0x080009ba        0x6 Core\Src\stm32f2xx_it.o
                0x080009ba                BusFault_Handler
 .text.UsageFault_Handler
                0x080009c0        0x6 Core\Src\stm32f2xx_it.o
                0x080009c0                UsageFault_Handler
 .text.DebugMon_Handler
                0x080009c6        0xc Core\Src\stm32f2xx_it.o
                0x080009c6                DebugMon_Handler
 *fill*         0x080009d2        0x2 
 .text.TIM1_UP_TIM10_IRQHandler
                0x080009d4       0x14 Core\Src\stm32f2xx_it.o
                0x080009d4                TIM1_UP_TIM10_IRQHandler
 .text.EXTI15_10_IRQHandler
                0x080009e8       0x74 Core\Src\stm32f2xx_it.o
                0x080009e8                EXTI15_10_IRQHandler
 .text.ETH_IRQHandler
                0x08000a5c       0x14 Core\Src\stm32f2xx_it.o
                0x08000a5c                ETH_IRQHandler
 .text._read    0x08000a70       0x3a Core\Src\syscalls.o
                0x08000a70                _read
 .text._write   0x08000aaa       0x38 Core\Src\syscalls.o
                0x08000aaa                _write
 *fill*         0x08000ae2        0x2 
 .text._sbrk    0x08000ae4       0x5c Core\Src\syscalls.o
                0x08000ae4                _sbrk
 .text._close   0x08000b40       0x16 Core\Src\syscalls.o
                0x08000b40                _close
 .text._fstat   0x08000b56       0x1e Core\Src\syscalls.o
                0x08000b56                _fstat
 .text._isatty  0x08000b74       0x14 Core\Src\syscalls.o
                0x08000b74                _isatty
 .text._lseek   0x08000b88       0x18 Core\Src\syscalls.o
                0x08000b88                _lseek
 .text.SystemInit
                0x08000ba0        0xc Core\Src\system_stm32f2xx.o
                0x08000ba0                SystemInit
 .text.HAL_Init
                0x08000bac       0x44 Drivers\STM32F2xx_HAL_Driver\Src\stm32f2xx_hal.o
                0x08000bac                HAL_Init
 .text.HAL_IncTick
                0x08000bf0       0x24 Drivers\STM32F2xx_HAL_Driver\Src\stm32f2xx_hal.o
                0x08000bf0                HAL_IncTick
 .text.HAL_GetTick
                0x08000c14       0x14 Drivers\STM32F2xx_HAL_Driver\Src\stm32f2xx_hal.o
                0x08000c14                HAL_GetTick
 .text.HAL_Delay
                0x08000c28       0x44 Drivers\STM32F2xx_HAL_Driver\Src\stm32f2xx_hal.o
                0x08000c28                HAL_Delay
 .text.__NVIC_SetPriorityGrouping
                0x08000c6c       0x48 Drivers\STM32F2xx_HAL_Driver\Src\stm32f2xx_hal_cortex.o
 .text.__NVIC_GetPriorityGrouping
                0x08000cb4       0x1c Drivers\STM32F2xx_HAL_Driver\Src\stm32f2xx_hal_cortex.o
 .text.__NVIC_EnableIRQ
                0x08000cd0       0x38 Drivers\STM32F2xx_HAL_Driver\Src\stm32f2xx_hal_cortex.o
 .text.__NVIC_SetPriority
                0x08000d08       0x54 Drivers\STM32F2xx_HAL_Driver\Src\stm32f2xx_hal_cortex.o
 .text.NVIC_EncodePriority
                0x08000d5c       0x60 Drivers\STM32F2xx_HAL_Driver\Src\stm32f2xx_hal_cortex.o
 .text.HAL_NVIC_SetPriorityGrouping
                0x08000dbc       0x16 Drivers\STM32F2xx_HAL_Driver\Src\stm32f2xx_hal_cortex.o
                0x08000dbc                HAL_NVIC_SetPriorityGrouping
 .text.HAL_NVIC_SetPriority
                0x08000dd2       0x38 Drivers\STM32F2xx_HAL_Driver\Src\stm32f2xx_hal_cortex.o
                0x08000dd2                HAL_NVIC_SetPriority
 .text.HAL_NVIC_EnableIRQ
                0x08000e0a       0x1c Drivers\STM32F2xx_HAL_Driver\Src\stm32f2xx_hal_cortex.o
                0x08000e0a                HAL_NVIC_EnableIRQ
 *fill*         0x08000e26        0x2 
 .text.HAL_ETH_Init
                0x08000e28      0x31c Drivers\STM32F2xx_HAL_Driver\Src\stm32f2xx_hal_eth.o
                0x08000e28                HAL_ETH_Init
 .text.HAL_ETH_DMATxDescListInit
                0x08001144       0xd0 Drivers\STM32F2xx_HAL_Driver\Src\stm32f2xx_hal_eth.o
                0x08001144                HAL_ETH_DMATxDescListInit
 .text.HAL_ETH_DMARxDescListInit
                0x08001214       0xd8 Drivers\STM32F2xx_HAL_Driver\Src\stm32f2xx_hal_eth.o
                0x08001214                HAL_ETH_DMARxDescListInit
 .text.HAL_ETH_TransmitFrame
                0x080012ec      0x1d4 Drivers\STM32F2xx_HAL_Driver\Src\stm32f2xx_hal_eth.o
                0x080012ec                HAL_ETH_TransmitFrame
 .text.HAL_ETH_GetReceivedFrame_IT
                0x080014c0      0x10e Drivers\STM32F2xx_HAL_Driver\Src\stm32f2xx_hal_eth.o
                0x080014c0                HAL_ETH_GetReceivedFrame_IT
 .text.HAL_ETH_IRQHandler
                0x080015ce       0xce Drivers\STM32F2xx_HAL_Driver\Src\stm32f2xx_hal_eth.o
                0x080015ce                HAL_ETH_IRQHandler
 .text.HAL_ETH_TxCpltCallback
                0x0800169c       0x12 Drivers\STM32F2xx_HAL_Driver\Src\stm32f2xx_hal_eth.o
                0x0800169c                HAL_ETH_TxCpltCallback
 .text.HAL_ETH_ErrorCallback
                0x080016ae       0x12 Drivers\STM32F2xx_HAL_Driver\Src\stm32f2xx_hal_eth.o
                0x080016ae                HAL_ETH_ErrorCallback
 .text.HAL_ETH_ReadPHYRegister
                0x080016c0       0xd0 Drivers\STM32F2xx_HAL_Driver\Src\stm32f2xx_hal_eth.o
                0x080016c0                HAL_ETH_ReadPHYRegister
 .text.HAL_ETH_WritePHYRegister
                0x08001790       0xcc Drivers\STM32F2xx_HAL_Driver\Src\stm32f2xx_hal_eth.o
                0x08001790                HAL_ETH_WritePHYRegister
 .text.HAL_ETH_Start
                0x0800185c       0x5e Drivers\STM32F2xx_HAL_Driver\Src\stm32f2xx_hal_eth.o
                0x0800185c                HAL_ETH_Start
 .text.HAL_ETH_Stop
                0x080018ba       0x5e Drivers\STM32F2xx_HAL_Driver\Src\stm32f2xx_hal_eth.o
                0x080018ba                HAL_ETH_Stop
 .text.HAL_ETH_ConfigMAC
                0x08001918      0x1f0 Drivers\STM32F2xx_HAL_Driver\Src\stm32f2xx_hal_eth.o
                0x08001918                HAL_ETH_ConfigMAC
 .text.ETH_MACDMAConfig
                0x08001b08      0x390 Drivers\STM32F2xx_HAL_Driver\Src\stm32f2xx_hal_eth.o
 .text.ETH_MACAddressConfig
                0x08001e98       0x6c Drivers\STM32F2xx_HAL_Driver\Src\stm32f2xx_hal_eth.o
 .text.ETH_MACTransmissionEnable
                0x08001f04       0x3a Drivers\STM32F2xx_HAL_Driver\Src\stm32f2xx_hal_eth.o
 .text.ETH_MACTransmissionDisable
                0x08001f3e       0x3a Drivers\STM32F2xx_HAL_Driver\Src\stm32f2xx_hal_eth.o
 .text.ETH_MACReceptionEnable
                0x08001f78       0x3a Drivers\STM32F2xx_HAL_Driver\Src\stm32f2xx_hal_eth.o
 .text.ETH_MACReceptionDisable
                0x08001fb2       0x3a Drivers\STM32F2xx_HAL_Driver\Src\stm32f2xx_hal_eth.o
 .text.ETH_DMATransmissionEnable
                0x08001fec       0x2e Drivers\STM32F2xx_HAL_Driver\Src\stm32f2xx_hal_eth.o
 .text.ETH_DMATransmissionDisable
                0x0800201a       0x2e Drivers\STM32F2xx_HAL_Driver\Src\stm32f2xx_hal_eth.o
 .text.ETH_DMAReceptionEnable
                0x08002048       0x2e Drivers\STM32F2xx_HAL_Driver\Src\stm32f2xx_hal_eth.o
 .text.ETH_DMAReceptionDisable
                0x08002076       0x2e Drivers\STM32F2xx_HAL_Driver\Src\stm32f2xx_hal_eth.o
 .text.ETH_FlushTransmitFIFO
                0x080020a4       0x52 Drivers\STM32F2xx_HAL_Driver\Src\stm32f2xx_hal_eth.o
 *fill*         0x080020f6        0x2 
 .text.ETH_Delay
                0x080020f8       0x3c Drivers\STM32F2xx_HAL_Driver\Src\stm32f2xx_hal_eth.o
 .text.HAL_GPIO_Init
                0x08002134      0x33c Drivers\STM32F2xx_HAL_Driver\Src\stm32f2xx_hal_gpio.o
                0x08002134                HAL_GPIO_Init
 .text.HAL_GPIO_ReadPin
                0x08002470       0x2e Drivers\STM32F2xx_HAL_Driver\Src\stm32f2xx_hal_gpio.o
                0x08002470                HAL_GPIO_ReadPin
 .text.HAL_GPIO_WritePin
                0x0800249e       0x30 Drivers\STM32F2xx_HAL_Driver\Src\stm32f2xx_hal_gpio.o
                0x0800249e                HAL_GPIO_WritePin
 *fill*         0x080024ce        0x2 
 .text.HAL_GPIO_EXTI_IRQHandler
                0x080024d0       0x30 Drivers\STM32F2xx_HAL_Driver\Src\stm32f2xx_hal_gpio.o
                0x080024d0                HAL_GPIO_EXTI_IRQHandler
 .text.HAL_GPIO_EXTI_Callback
                0x08002500       0x14 Drivers\STM32F2xx_HAL_Driver\Src\stm32f2xx_hal_gpio.o
                0x08002500                HAL_GPIO_EXTI_Callback
 .text.HAL_RCC_OscConfig
                0x08002514      0x4a0 Drivers\STM32F2xx_HAL_Driver\Src\stm32f2xx_hal_rcc.o
                0x08002514                HAL_RCC_OscConfig
 .text.HAL_RCC_ClockConfig
                0x080029b4      0x1d8 Drivers\STM32F2xx_HAL_Driver\Src\stm32f2xx_hal_rcc.o
                0x080029b4                HAL_RCC_ClockConfig
 .text.HAL_RCC_GetSysClockFreq
                0x08002b8c      0x1b0 Drivers\STM32F2xx_HAL_Driver\Src\stm32f2xx_hal_rcc.o
                0x08002b8c                HAL_RCC_GetSysClockFreq
 .text.HAL_RCC_GetHCLKFreq
                0x08002d3c       0x14 Drivers\STM32F2xx_HAL_Driver\Src\stm32f2xx_hal_rcc.o
                0x08002d3c                HAL_RCC_GetHCLKFreq
 .text.HAL_RCC_GetPCLK2Freq
                0x08002d50       0x44 Drivers\STM32F2xx_HAL_Driver\Src\stm32f2xx_hal_rcc.o
                0x08002d50                HAL_RCC_GetPCLK2Freq
 .text.HAL_RCC_GetClockConfig
                0x08002d94       0x60 Drivers\STM32F2xx_HAL_Driver\Src\stm32f2xx_hal_rcc.o
                0x08002d94                HAL_RCC_GetClockConfig
 .text.HAL_TIM_Base_Init
                0x08002df4       0x9e Drivers\STM32F2xx_HAL_Driver\Src\stm32f2xx_hal_tim.o
                0x08002df4                HAL_TIM_Base_Init
 .text.HAL_TIM_Base_MspInit
                0x08002e92       0x12 Drivers\STM32F2xx_HAL_Driver\Src\stm32f2xx_hal_tim.o
                0x08002e92                HAL_TIM_Base_MspInit
 .text.HAL_TIM_Base_Start_IT
                0x08002ea4       0xdc Drivers\STM32F2xx_HAL_Driver\Src\stm32f2xx_hal_tim.o
                0x08002ea4                HAL_TIM_Base_Start_IT
 .text.HAL_TIM_IRQHandler
                0x08002f80      0x210 Drivers\STM32F2xx_HAL_Driver\Src\stm32f2xx_hal_tim.o
                0x08002f80                HAL_TIM_IRQHandler
 .text.HAL_TIM_OC_DelayElapsedCallback
                0x08003190       0x12 Drivers\STM32F2xx_HAL_Driver\Src\stm32f2xx_hal_tim.o
                0x08003190                HAL_TIM_OC_DelayElapsedCallback
 .text.HAL_TIM_IC_CaptureCallback
                0x080031a2       0x12 Drivers\STM32F2xx_HAL_Driver\Src\stm32f2xx_hal_tim.o
                0x080031a2                HAL_TIM_IC_CaptureCallback
 .text.HAL_TIM_PWM_PulseFinishedCallback
                0x080031b4       0x12 Drivers\STM32F2xx_HAL_Driver\Src\stm32f2xx_hal_tim.o
                0x080031b4                HAL_TIM_PWM_PulseFinishedCallback
 .text.HAL_TIM_TriggerCallback
                0x080031c6       0x12 Drivers\STM32F2xx_HAL_Driver\Src\stm32f2xx_hal_tim.o
                0x080031c6                HAL_TIM_TriggerCallback
 .text.TIM_Base_SetConfig
                0x080031d8      0x13c Drivers\STM32F2xx_HAL_Driver\Src\stm32f2xx_hal_tim.o
                0x080031d8                TIM_Base_SetConfig
 .text.HAL_TIMEx_CommutCallback
                0x08003314       0x12 Drivers\STM32F2xx_HAL_Driver\Src\stm32f2xx_hal_tim_ex.o
                0x08003314                HAL_TIMEx_CommutCallback
 .text.HAL_TIMEx_BreakCallback
                0x08003326       0x12 Drivers\STM32F2xx_HAL_Driver\Src\stm32f2xx_hal_tim_ex.o
                0x08003326                HAL_TIMEx_BreakCallback
 .text.MX_LWIP_Init
                0x08003338      0x2b8 LWIP\App\lwip.o
                0x08003338                MX_LWIP_Init
 .text.HAL_ETH_MspInit
                0x080035f0      0x19c LWIP\Target\ethernetif.o
                0x080035f0                HAL_ETH_MspInit
 .text.HAL_ETH_RxCpltCallback
                0x0800378c       0x20 LWIP\Target\ethernetif.o
                0x0800378c                HAL_ETH_RxCpltCallback
 .text.low_level_init
                0x080037ac      0x1b0 LWIP\Target\ethernetif.o
 .text.low_level_output
                0x0800395c      0x13c LWIP\Target\ethernetif.o
 .text.low_level_input
                0x08003a98      0x164 LWIP\Target\ethernetif.o
 .text.ethernetif_input
                0x08003bfc       0x60 LWIP\Target\ethernetif.o
                0x08003bfc                ethernetif_input
 .text.ethernetif_init
                0x08003c5c       0x5c LWIP\Target\ethernetif.o
                0x08003c5c                ethernetif_init
 .text.sys_now  0x08003cb8        0xe LWIP\Target\ethernetif.o
                0x08003cb8                sys_now
 *fill*         0x08003cc6        0x2 
 .text.ethernetif_set_link
                0x08003cc8       0x74 LWIP\Target\ethernetif.o
                0x08003cc8                ethernetif_set_link
 .text.ethernetif_update_config
                0x08003d3c       0xf0 LWIP\Target\ethernetif.o
                0x08003d3c                ethernetif_update_config
 .text.ethernetif_notify_conn_changed
                0x08003e2c       0x12 LWIP\Target\ethernetif.o
                0x08003e2c                ethernetif_notify_conn_changed
 .text.makeFreeRtosPriority
                0x08003e3e       0x2e Middlewares\Third_Party\FreeRTOS\Source\CMSIS_RTOS\cmsis_os.o
 .text.inHandlerMode
                0x08003e6c       0x22 Middlewares\Third_Party\FreeRTOS\Source\CMSIS_RTOS\cmsis_os.o
 .text.osKernelStart
                0x08003e8e        0xe Middlewares\Third_Party\FreeRTOS\Source\CMSIS_RTOS\cmsis_os.o
                0x08003e8e                osKernelStart
 .text.osKernelSysTick
                0x08003e9c       0x20 Middlewares\Third_Party\FreeRTOS\Source\CMSIS_RTOS\cmsis_os.o
                0x08003e9c                osKernelSysTick
 .text.osThreadCreate
                0x08003ebc       0x98 Middlewares\Third_Party\FreeRTOS\Source\CMSIS_RTOS\cmsis_os.o
                0x08003ebc                osThreadCreate
 .text.osDelay  0x08003f54       0x28 Middlewares\Third_Party\FreeRTOS\Source\CMSIS_RTOS\cmsis_os.o
                0x08003f54                osDelay
 .text.osMutexCreate
                0x08003f7c       0x30 Middlewares\Third_Party\FreeRTOS\Source\CMSIS_RTOS\cmsis_os.o
                0x08003f7c                osMutexCreate
 .text.osMutexWait
                0x08003fac       0x9c Middlewares\Third_Party\FreeRTOS\Source\CMSIS_RTOS\cmsis_os.o
                0x08003fac                osMutexWait
 .text.osMutexRelease
                0x08004048       0x6c Middlewares\Third_Party\FreeRTOS\Source\CMSIS_RTOS\cmsis_os.o
                0x08004048                osMutexRelease
 .text.osSemaphoreCreate
                0x080040b4       0x66 Middlewares\Third_Party\FreeRTOS\Source\CMSIS_RTOS\cmsis_os.o
                0x080040b4                osSemaphoreCreate
 *fill*         0x0800411a        0x2 
 .text.osSemaphoreWait
                0x0800411c       0x9c Middlewares\Third_Party\FreeRTOS\Source\CMSIS_RTOS\cmsis_os.o
                0x0800411c                osSemaphoreWait
 .text.osSemaphoreRelease
                0x080041b8       0x6c Middlewares\Third_Party\FreeRTOS\Source\CMSIS_RTOS\cmsis_os.o
                0x080041b8                osSemaphoreRelease
 .text.osSemaphoreDelete
                0x08004224       0x26 Middlewares\Third_Party\FreeRTOS\Source\CMSIS_RTOS\cmsis_os.o
                0x08004224                osSemaphoreDelete
 .text.osMessageCreate
                0x0800424a       0x52 Middlewares\Third_Party\FreeRTOS\Source\CMSIS_RTOS\cmsis_os.o
                0x0800424a                osMessageCreate
 .text.osMessagePut
                0x0800429c       0x80 Middlewares\Third_Party\FreeRTOS\Source\CMSIS_RTOS\cmsis_os.o
                0x0800429c                osMessagePut
 .text.osMessageGet
                0x0800431c       0xe8 Middlewares\Third_Party\FreeRTOS\Source\CMSIS_RTOS\cmsis_os.o
                0x0800431c                osMessageGet
 .text.osMessageWaiting
                0x08004404       0x2c Middlewares\Third_Party\FreeRTOS\Source\CMSIS_RTOS\cmsis_os.o
                0x08004404                osMessageWaiting
 .text.osMessageDelete
                0x08004430       0x26 Middlewares\Third_Party\FreeRTOS\Source\CMSIS_RTOS\cmsis_os.o
                0x08004430                osMessageDelete
 .text.vListInitialise
                0x08004456       0x3e Middlewares\Third_Party\FreeRTOS\Source\list.o
                0x08004456                vListInitialise
 .text.vListInitialiseItem
                0x08004494       0x18 Middlewares\Third_Party\FreeRTOS\Source\list.o
                0x08004494                vListInitialiseItem
 .text.vListInsertEnd
                0x080044ac       0x46 Middlewares\Third_Party\FreeRTOS\Source\list.o
                0x080044ac                vListInsertEnd
 .text.vListInsert
                0x080044f2       0x70 Middlewares\Third_Party\FreeRTOS\Source\list.o
                0x080044f2                vListInsert
 .text.uxListRemove
                0x08004562       0x52 Middlewares\Third_Party\FreeRTOS\Source\list.o
                0x08004562                uxListRemove
 .text.pxPortInitialiseStack
                0x080045b4       0x58 Middlewares\Third_Party\FreeRTOS\Source\portable\GCC\ARM_CM3\port.o
                0x080045b4                pxPortInitialiseStack
 .text.prvTaskExitError
                0x0800460c       0x50 Middlewares\Third_Party\FreeRTOS\Source\portable\GCC\ARM_CM3\port.o
 *fill*         0x0800465c        0x4 
 .text.SVC_Handler
                0x08004660       0x28 Middlewares\Third_Party\FreeRTOS\Source\portable\GCC\ARM_CM3\port.o
                0x08004660                SVC_Handler
 .text.prvPortStartFirstTask
                0x08004688       0x20 Middlewares\Third_Party\FreeRTOS\Source\portable\GCC\ARM_CM3\port.o
 .text.xPortStartScheduler
                0x080046a8       0xe0 Middlewares\Third_Party\FreeRTOS\Source\portable\GCC\ARM_CM3\port.o
                0x080046a8                xPortStartScheduler
 .text.vPortEnterCritical
                0x08004788       0x5c Middlewares\Third_Party\FreeRTOS\Source\portable\GCC\ARM_CM3\port.o
                0x08004788                vPortEnterCritical
 .text.vPortExitCritical
                0x080047e4       0x4c Middlewares\Third_Party\FreeRTOS\Source\portable\GCC\ARM_CM3\port.o
                0x080047e4                vPortExitCritical
 .text.PendSV_Handler
                0x08004830       0x48 Middlewares\Third_Party\FreeRTOS\Source\portable\GCC\ARM_CM3\port.o
                0x08004830                PendSV_Handler
 .text.SysTick_Handler
                0x08004878       0x40 Middlewares\Third_Party\FreeRTOS\Source\portable\GCC\ARM_CM3\port.o
                0x08004878                SysTick_Handler
 .text.vPortSetupTimerInterrupt
                0x080048b8       0x44 Middlewares\Third_Party\FreeRTOS\Source\portable\GCC\ARM_CM3\port.o
                0x080048b8                vPortSetupTimerInterrupt
 .text.vPortValidateInterruptPriority
                0x080048fc       0x78 Middlewares\Third_Party\FreeRTOS\Source\portable\GCC\ARM_CM3\port.o
                0x080048fc                vPortValidateInterruptPriority
 .text.pvPortMalloc
                0x08004974      0x184 Middlewares\Third_Party\FreeRTOS\Source\portable\MemMang\heap_4.o
                0x08004974                pvPortMalloc
 .text.vPortFree
                0x08004af8       0xb0 Middlewares\Third_Party\FreeRTOS\Source\portable\MemMang\heap_4.o
                0x08004af8                vPortFree
 .text.prvHeapInit
                0x08004ba8       0xc4 Middlewares\Third_Party\FreeRTOS\Source\portable\MemMang\heap_4.o
 .text.prvInsertBlockIntoFreeList
                0x08004c6c       0xb0 Middlewares\Third_Party\FreeRTOS\Source\portable\MemMang\heap_4.o
 .text.xQueueGenericReset
                0x08004d1c       0xd0 Middlewares\Third_Party\FreeRTOS\Source\queue.o
                0x08004d1c                xQueueGenericReset
 .text.xQueueGenericCreateStatic
                0x08004dec       0xe4 Middlewares\Third_Party\FreeRTOS\Source\queue.o
                0x08004dec                xQueueGenericCreateStatic
 .text.xQueueGenericCreate
                0x08004ed0       0x7a Middlewares\Third_Party\FreeRTOS\Source\queue.o
                0x08004ed0                xQueueGenericCreate
 .text.prvInitialiseNewQueue
                0x08004f4a       0x3e Middlewares\Third_Party\FreeRTOS\Source\queue.o
 .text.prvInitialiseMutex
                0x08004f88       0x34 Middlewares\Third_Party\FreeRTOS\Source\queue.o
 .text.xQueueCreateMutex
                0x08004fbc       0x30 Middlewares\Third_Party\FreeRTOS\Source\queue.o
                0x08004fbc                xQueueCreateMutex
 .text.xQueueCreateMutexStatic
                0x08004fec       0x36 Middlewares\Third_Party\FreeRTOS\Source\queue.o
                0x08004fec                xQueueCreateMutexStatic
 *fill*         0x08005022        0x2 
 .text.xQueueGenericSend
                0x08005024      0x1f4 Middlewares\Third_Party\FreeRTOS\Source\queue.o
                0x08005024                xQueueGenericSend
 .text.xQueueGenericSendFromISR
                0x08005218      0x128 Middlewares\Third_Party\FreeRTOS\Source\queue.o
                0x08005218                xQueueGenericSendFromISR
 .text.xQueueGiveFromISR
                0x08005340      0x112 Middlewares\Third_Party\FreeRTOS\Source\queue.o
                0x08005340                xQueueGiveFromISR
 *fill*         0x08005452        0x2 
 .text.xQueueReceive
                0x08005454      0x1b8 Middlewares\Third_Party\FreeRTOS\Source\queue.o
                0x08005454                xQueueReceive
 .text.xQueueSemaphoreTake
                0x0800560c      0x210 Middlewares\Third_Party\FreeRTOS\Source\queue.o
                0x0800560c                xQueueSemaphoreTake
 .text.xQueueReceiveFromISR
                0x0800581c       0xfa Middlewares\Third_Party\FreeRTOS\Source\queue.o
                0x0800581c                xQueueReceiveFromISR
 .text.uxQueueMessagesWaiting
                0x08005916       0x3a Middlewares\Third_Party\FreeRTOS\Source\queue.o
                0x08005916                uxQueueMessagesWaiting
 .text.uxQueueMessagesWaitingFromISR
                0x08005950       0x34 Middlewares\Third_Party\FreeRTOS\Source\queue.o
                0x08005950                uxQueueMessagesWaitingFromISR
 .text.vQueueDelete
                0x08005984       0x44 Middlewares\Third_Party\FreeRTOS\Source\queue.o
                0x08005984                vQueueDelete
 .text.prvGetDisinheritPriorityAfterTimeout
                0x080059c8       0x2e Middlewares\Third_Party\FreeRTOS\Source\queue.o
 .text.prvCopyDataToQueue
                0x080059f6       0xd4 Middlewares\Third_Party\FreeRTOS\Source\queue.o
 .text.prvCopyDataFromQueue
                0x08005aca       0x4c Middlewares\Third_Party\FreeRTOS\Source\queue.o
 .text.prvUnlockQueue
                0x08005b16       0xa4 Middlewares\Third_Party\FreeRTOS\Source\queue.o
 .text.prvIsQueueEmpty
                0x08005bba       0x2c Middlewares\Third_Party\FreeRTOS\Source\queue.o
 .text.prvIsQueueFull
                0x08005be6       0x30 Middlewares\Third_Party\FreeRTOS\Source\queue.o
 *fill*         0x08005c16        0x2 
 .text.vQueueUnregisterQueue
                0x08005c18       0x50 Middlewares\Third_Party\FreeRTOS\Source\queue.o
                0x08005c18                vQueueUnregisterQueue
 .text.xTaskCreateStatic
                0x08005c68       0xb2 Middlewares\Third_Party\FreeRTOS\Source\tasks.o
                0x08005c68                xTaskCreateStatic
 .text.xTaskCreate
                0x08005d1a       0x8a Middlewares\Third_Party\FreeRTOS\Source\tasks.o
                0x08005d1a                xTaskCreate
 .text.prvInitialiseNewTask
                0x08005da4       0xfc Middlewares\Third_Party\FreeRTOS\Source\tasks.o
 .text.prvAddNewTaskToReadyList
                0x08005ea0       0xd4 Middlewares\Third_Party\FreeRTOS\Source\tasks.o
 .text.vTaskDelay
                0x08005f74       0x68 Middlewares\Third_Party\FreeRTOS\Source\tasks.o
                0x08005f74                vTaskDelay
 .text.vTaskStartScheduler
                0x08005fdc       0xbc Middlewares\Third_Party\FreeRTOS\Source\tasks.o
                0x08005fdc                vTaskStartScheduler
 .text.vTaskSuspendAll
                0x08006098       0x1c Middlewares\Third_Party\FreeRTOS\Source\tasks.o
                0x08006098                vTaskSuspendAll
 .text.xTaskResumeAll
                0x080060b4      0x138 Middlewares\Third_Party\FreeRTOS\Source\tasks.o
                0x080060b4                xTaskResumeAll
 .text.xTaskGetTickCount
                0x080061ec       0x1c Middlewares\Third_Party\FreeRTOS\Source\tasks.o
                0x080061ec                xTaskGetTickCount
 .text.xTaskGetTickCountFromISR
                0x08006208       0x24 Middlewares\Third_Party\FreeRTOS\Source\tasks.o
                0x08006208                xTaskGetTickCountFromISR
 .text.xTaskIncrementTick
                0x0800622c      0x178 Middlewares\Third_Party\FreeRTOS\Source\tasks.o
                0x0800622c                xTaskIncrementTick
 .text.vTaskSwitchContext
                0x080063a4       0xb4 Middlewares\Third_Party\FreeRTOS\Source\tasks.o
                0x080063a4                vTaskSwitchContext
 .text.vTaskPlaceOnEventList
                0x08006458       0x48 Middlewares\Third_Party\FreeRTOS\Source\tasks.o
                0x08006458                vTaskPlaceOnEventList
 .text.xTaskRemoveFromEventList
                0x080064a0       0xc4 Middlewares\Third_Party\FreeRTOS\Source\tasks.o
                0x080064a0                xTaskRemoveFromEventList
 .text.vTaskInternalSetTimeOutState
                0x08006564       0x2c Middlewares\Third_Party\FreeRTOS\Source\tasks.o
                0x08006564                vTaskInternalSetTimeOutState
 .text.xTaskCheckForTimeOut
                0x08006590       0xc0 Middlewares\Third_Party\FreeRTOS\Source\tasks.o
                0x08006590                xTaskCheckForTimeOut
 .text.vTaskMissedYield
                0x08006650       0x18 Middlewares\Third_Party\FreeRTOS\Source\tasks.o
                0x08006650                vTaskMissedYield
 .text.prvIdleTask
                0x08006668       0x30 Middlewares\Third_Party\FreeRTOS\Source\tasks.o
 .text.prvInitialiseTaskLists
                0x08006698       0x80 Middlewares\Third_Party\FreeRTOS\Source\tasks.o
 .text.prvCheckTasksWaitingTermination
                0x08006718       0x58 Middlewares\Third_Party\FreeRTOS\Source\tasks.o
 .text.prvDeleteTCB
                0x08006770       0x5c Middlewares\Third_Party\FreeRTOS\Source\tasks.o
 .text.prvResetNextTaskUnblockTime
                0x080067cc       0x48 Middlewares\Third_Party\FreeRTOS\Source\tasks.o
 .text.xTaskGetSchedulerState
                0x08006814       0x3c Middlewares\Third_Party\FreeRTOS\Source\tasks.o
                0x08006814                xTaskGetSchedulerState
 .text.xTaskPriorityInherit
                0x08006850      0x10c Middlewares\Third_Party\FreeRTOS\Source\tasks.o
                0x08006850                xTaskPriorityInherit
 .text.xTaskPriorityDisinherit
                0x0800695c      0x108 Middlewares\Third_Party\FreeRTOS\Source\tasks.o
                0x0800695c                xTaskPriorityDisinherit
 .text.vTaskPriorityDisinheritAfterTimeout
                0x08006a64      0x13c Middlewares\Third_Party\FreeRTOS\Source\tasks.o
                0x08006a64                vTaskPriorityDisinheritAfterTimeout
 .text.pvTaskIncrementMutexHeldCount
                0x08006ba0       0x28 Middlewares\Third_Party\FreeRTOS\Source\tasks.o
                0x08006ba0                pvTaskIncrementMutexHeldCount
 .text.prvAddCurrentTaskToDelayedList
                0x08006bc8       0xcc Middlewares\Third_Party\FreeRTOS\Source\tasks.o
 .text.netconn_apimsg
                0x08006c94       0x3a Middlewares\Third_Party\LwIP\src\api\api_lib.o
 *fill*         0x08006cce        0x2 
 .text.netconn_new_with_proto_and_callback
                0x08006cd0       0xf4 Middlewares\Third_Party\LwIP\src\api\api_lib.o
                0x08006cd0                netconn_new_with_proto_and_callback
 .text.netconn_delete
                0x08006dc4       0x4c Middlewares\Third_Party\LwIP\src\api\api_lib.o
                0x08006dc4                netconn_delete
 .text.netconn_getaddr
                0x08006e10       0xa0 Middlewares\Third_Party\LwIP\src\api\api_lib.o
                0x08006e10                netconn_getaddr
 .text.netconn_connect
                0x08006eb0       0x70 Middlewares\Third_Party\LwIP\src\api\api_lib.o
                0x08006eb0                netconn_connect
 .text.netconn_disconnect
                0x08006f20       0x54 Middlewares\Third_Party\LwIP\src\api\api_lib.o
                0x08006f20                netconn_disconnect
 .text.netconn_recv_data
                0x08006f74      0x1a4 Middlewares\Third_Party\LwIP\src\api\api_lib.o
 .text.netconn_recv_tcp_pbuf
                0x08007118       0x50 Middlewares\Third_Party\LwIP\src\api\api_lib.o
                0x08007118                netconn_recv_tcp_pbuf
 .text.netconn_recv
                0x08007168       0xf0 Middlewares\Third_Party\LwIP\src\api\api_lib.o
                0x08007168                netconn_recv
 .text.netconn_send
                0x08007258       0x58 Middlewares\Third_Party\LwIP\src\api\api_lib.o
                0x08007258                netconn_send
 .text.netconn_write_partly
                0x080072b0       0xf0 Middlewares\Third_Party\LwIP\src\api\api_lib.o
                0x080072b0                netconn_write_partly
 .text.netconn_close_shutdown
                0x080073a0       0x60 Middlewares\Third_Party\LwIP\src\api\api_lib.o
 .text.recv_udp
                0x08007400       0xfc Middlewares\Third_Party\LwIP\src\api\api_msg.o
 .text.recv_tcp
                0x080074fc      0x110 Middlewares\Third_Party\LwIP\src\api\api_msg.o
 .text.poll_tcp
                0x0800760c       0xc8 Middlewares\Third_Party\LwIP\src\api\api_msg.o
 .text.sent_tcp
                0x080076d4       0xa8 Middlewares\Third_Party\LwIP\src\api\api_msg.o
 .text.err_tcp  0x0800777c      0x1e0 Middlewares\Third_Party\LwIP\src\api\api_msg.o
 .text.setup_tcp
                0x0800795c       0x50 Middlewares\Third_Party\LwIP\src\api\api_msg.o
 .text.pcb_new  0x080079ac       0xd4 Middlewares\Third_Party\LwIP\src\api\api_msg.o
 .text.lwip_netconn_do_newconn
                0x08007a80       0x58 Middlewares\Third_Party\LwIP\src\api\api_msg.o
                0x08007a80                lwip_netconn_do_newconn
 .text.netconn_alloc
                0x08007ad8       0xe0 Middlewares\Third_Party\LwIP\src\api\api_msg.o
                0x08007ad8                netconn_alloc
 .text.netconn_free
                0x08007bb8       0x94 Middlewares\Third_Party\LwIP\src\api\api_msg.o
                0x08007bb8                netconn_free
 .text.netconn_drain
                0x08007c4c      0x100 Middlewares\Third_Party\LwIP\src\api\api_msg.o
 .text.lwip_netconn_do_close_internal
                0x08007d4c      0x2f0 Middlewares\Third_Party\LwIP\src\api\api_msg.o
 .text.lwip_netconn_do_delconn
                0x0800803c      0x204 Middlewares\Third_Party\LwIP\src\api\api_msg.o
                0x0800803c                lwip_netconn_do_delconn
 .text.lwip_netconn_do_connected
                0x08008240      0x144 Middlewares\Third_Party\LwIP\src\api\api_msg.o
 .text.lwip_netconn_do_connect
                0x08008384      0x1b8 Middlewares\Third_Party\LwIP\src\api\api_msg.o
                0x08008384                lwip_netconn_do_connect
 .text.lwip_netconn_do_disconnect
                0x0800853c       0x6a Middlewares\Third_Party\LwIP\src\api\api_msg.o
                0x0800853c                lwip_netconn_do_disconnect
 .text.lwip_netconn_do_send
                0x080085a6       0xce Middlewares\Third_Party\LwIP\src\api\api_msg.o
                0x080085a6                lwip_netconn_do_send
 .text.lwip_netconn_do_recv
                0x08008674       0x98 Middlewares\Third_Party\LwIP\src\api\api_msg.o
                0x08008674                lwip_netconn_do_recv
 .text.lwip_netconn_do_writemore
                0x0800870c      0x344 Middlewares\Third_Party\LwIP\src\api\api_msg.o
 .text.lwip_netconn_do_write
                0x08008a50      0x160 Middlewares\Third_Party\LwIP\src\api\api_msg.o
                0x08008a50                lwip_netconn_do_write
 .text.lwip_netconn_do_getaddr
                0x08008bb0      0x138 Middlewares\Third_Party\LwIP\src\api\api_msg.o
                0x08008bb0                lwip_netconn_do_getaddr
 .text.lwip_netconn_do_close
                0x08008ce8      0x150 Middlewares\Third_Party\LwIP\src\api\api_msg.o
                0x08008ce8                lwip_netconn_do_close
 .text.err_to_errno
                0x08008e38       0x3c Middlewares\Third_Party\LwIP\src\api\err.o
                0x08008e38                err_to_errno
 .text.netbuf_delete
                0x08008e74       0x3e Middlewares\Third_Party\LwIP\src\api\netbuf.o
                0x08008e74                netbuf_delete
 *fill*         0x08008eb2        0x2 
 .text.netbuf_free
                0x08008eb4       0x50 Middlewares\Third_Party\LwIP\src\api\netbuf.o
                0x08008eb4                netbuf_free
 .text.netbuf_ref
                0x08008f04       0x94 Middlewares\Third_Party\LwIP\src\api\netbuf.o
                0x08008f04                netbuf_ref
 .text.get_socket
                0x08008f98       0x54 Middlewares\Third_Party\LwIP\src\api\sockets.o
 .text.alloc_socket
                0x08008fec      0x110 Middlewares\Third_Party\LwIP\src\api\sockets.o
 .text.lwip_connect
                0x080090fc      0x118 Middlewares\Third_Party\LwIP\src\api\sockets.o
                0x080090fc                lwip_connect
 .text.lwip_recvfrom
                0x08009214      0x370 Middlewares\Third_Party\LwIP\src\api\sockets.o
                0x08009214                lwip_recvfrom
 .text.lwip_recv
                0x08009584       0x2c Middlewares\Third_Party\LwIP\src\api\sockets.o
                0x08009584                lwip_recv
 .text.lwip_send
                0x080095b0       0xc8 Middlewares\Third_Party\LwIP\src\api\sockets.o
                0x080095b0                lwip_send
 .text.lwip_sendto
                0x08009678      0x168 Middlewares\Third_Party\LwIP\src\api\sockets.o
                0x08009678                lwip_sendto
 .text.lwip_socket
                0x080097e0       0xb0 Middlewares\Third_Party\LwIP\src\api\sockets.o
                0x080097e0                lwip_socket
 .text.event_callback
                0x08009890      0x20c Middlewares\Third_Party\LwIP\src\api\sockets.o
 .text.tcpip_thread
                0x08009a9c       0xcc Middlewares\Third_Party\LwIP\src\api\tcpip.o
 .text.tcpip_inpkt
                0x08009b68       0x88 Middlewares\Third_Party\LwIP\src\api\tcpip.o
                0x08009b68                tcpip_inpkt
 .text.tcpip_input
                0x08009bf0       0x44 Middlewares\Third_Party\LwIP\src\api\tcpip.o
                0x08009bf0                tcpip_input
 .text.tcpip_callback_with_block
                0x08009c34       0x94 Middlewares\Third_Party\LwIP\src\api\tcpip.o
                0x08009c34                tcpip_callback_with_block
 .text.tcpip_send_msg_wait_sem
                0x08009cc8       0x2c Middlewares\Third_Party\LwIP\src\api\tcpip.o
                0x08009cc8                tcpip_send_msg_wait_sem
 .text.tcpip_init
                0x08009cf4       0x94 Middlewares\Third_Party\LwIP\src\api\tcpip.o
                0x08009cf4                tcpip_init
 .text.lwip_htons
                0x08009d88       0x1a Middlewares\Third_Party\LwIP\src\core\def.o
                0x08009d88                lwip_htons
 .text.lwip_htonl
                0x08009da2       0x30 Middlewares\Third_Party\LwIP\src\core\def.o
                0x08009da2                lwip_htonl
 .text.lwip_init
                0x08009dd2       0x2e Middlewares\Third_Party\LwIP\src\core\init.o
                0x08009dd2                lwip_init
 .text.etharp_free_entry
                0x08009e00       0x64 Middlewares\Third_Party\LwIP\src\core\ipv4\etharp.o
 .text.etharp_tmr
                0x08009e64      0x150 Middlewares\Third_Party\LwIP\src\core\ipv4\etharp.o
                0x08009e64                etharp_tmr
 .text.etharp_find_entry
                0x08009fb4      0x294 Middlewares\Third_Party\LwIP\src\core\ipv4\etharp.o
 .text.etharp_update_arp_entry
                0x0800a248      0x14c Middlewares\Third_Party\LwIP\src\core\ipv4\etharp.o
 .text.etharp_cleanup_netif
                0x0800a394       0x60 Middlewares\Third_Party\LwIP\src\core\ipv4\etharp.o
                0x0800a394                etharp_cleanup_netif
 .text.etharp_input
                0x0800a3f4      0x114 Middlewares\Third_Party\LwIP\src\core\ipv4\etharp.o
                0x0800a3f4                etharp_input
 .text.etharp_output_to_arp_index
                0x0800a508      0x134 Middlewares\Third_Party\LwIP\src\core\ipv4\etharp.o
 .text.etharp_output
                0x0800a63c      0x1dc Middlewares\Third_Party\LwIP\src\core\ipv4\etharp.o
                0x0800a63c                etharp_output
 .text.etharp_query
                0x0800a818      0x294 Middlewares\Third_Party\LwIP\src\core\ipv4\etharp.o
                0x0800a818                etharp_query
 .text.etharp_raw
                0x0800aaac      0x118 Middlewares\Third_Party\LwIP\src\core\ipv4\etharp.o
 .text.etharp_request_dst
                0x0800abc4       0x44 Middlewares\Third_Party\LwIP\src\core\ipv4\etharp.o
 .text.etharp_request
                0x0800ac08       0x24 Middlewares\Third_Party\LwIP\src\core\ipv4\etharp.o
                0x0800ac08                etharp_request
 .text.icmp_input
                0x0800ac2c      0x20c Middlewares\Third_Party\LwIP\src\core\ipv4\icmp.o
                0x0800ac2c                icmp_input
 .text.icmp_dest_unreach
                0x0800ae38       0x20 Middlewares\Third_Party\LwIP\src\core\ipv4\icmp.o
                0x0800ae38                icmp_dest_unreach
 .text.icmp_time_exceeded
                0x0800ae58       0x20 Middlewares\Third_Party\LwIP\src\core\ipv4\icmp.o
                0x0800ae58                icmp_time_exceeded
 .text.icmp_send_response
                0x0800ae78       0xd0 Middlewares\Third_Party\LwIP\src\core\ipv4\icmp.o
 .text.ip4_route
                0x0800af48       0xcc Middlewares\Third_Party\LwIP\src\core\ipv4\ip4.o
                0x0800af48                ip4_route
 .text.ip4_input
                0x0800b014      0x278 Middlewares\Third_Party\LwIP\src\core\ipv4\ip4.o
                0x0800b014                ip4_input
 .text.ip4_output_if
                0x0800b28c       0x54 Middlewares\Third_Party\LwIP\src\core\ipv4\ip4.o
                0x0800b28c                ip4_output_if
 .text.ip4_output_if_src
                0x0800b2e0      0x150 Middlewares\Third_Party\LwIP\src\core\ipv4\ip4.o
                0x0800b2e0                ip4_output_if_src
 .text.ip4_addr_isbroadcast_u32
                0x0800b430       0x80 Middlewares\Third_Party\LwIP\src\core\ipv4\ip4_addr.o
                0x0800b430                ip4_addr_isbroadcast_u32
 .text.ipaddr_addr
                0x0800b4b0       0x2a Middlewares\Third_Party\LwIP\src\core\ipv4\ip4_addr.o
                0x0800b4b0                ipaddr_addr
 *fill*         0x0800b4da        0x2 
 .text.ip4addr_aton
                0x0800b4dc      0x280 Middlewares\Third_Party\LwIP\src\core\ipv4\ip4_addr.o
                0x0800b4dc                ip4addr_aton
 .text.ip_reass_tmr
                0x0800b75c       0x58 Middlewares\Third_Party\LwIP\src\core\ipv4\ip4_frag.o
                0x0800b75c                ip_reass_tmr
 .text.ip_reass_free_complete_datagram
                0x0800b7b4      0x148 Middlewares\Third_Party\LwIP\src\core\ipv4\ip4_frag.o
 .text.ip_reass_remove_oldest_datagram
                0x0800b8fc       0xc4 Middlewares\Third_Party\LwIP\src\core\ipv4\ip4_frag.o
 .text.ip_reass_enqueue_new_datagram
                0x0800b9c0       0x74 Middlewares\Third_Party\LwIP\src\core\ipv4\ip4_frag.o
 .text.ip_reass_dequeue_datagram
                0x0800ba34       0x5c Middlewares\Third_Party\LwIP\src\core\ipv4\ip4_frag.o
 .text.ip_reass_chain_frag_into_datagram_and_validate
                0x0800ba90      0x2d0 Middlewares\Third_Party\LwIP\src\core\ipv4\ip4_frag.o
 .text.ip4_reass
                0x0800bd60      0x2a0 Middlewares\Third_Party\LwIP\src\core\ipv4\ip4_frag.o
                0x0800bd60                ip4_reass
 .text.ip_frag_alloc_pbuf_custom_ref
                0x0800c000       0x10 Middlewares\Third_Party\LwIP\src\core\ipv4\ip4_frag.o
 .text.ip_frag_free_pbuf_custom_ref
                0x0800c010       0x38 Middlewares\Third_Party\LwIP\src\core\ipv4\ip4_frag.o
 .text.ipfrag_free_pbuf_custom
                0x0800c048       0x68 Middlewares\Third_Party\LwIP\src\core\ipv4\ip4_frag.o
 .text.ip4_frag
                0x0800c0b0      0x23c Middlewares\Third_Party\LwIP\src\core\ipv4\ip4_frag.o
                0x0800c0b0                ip4_frag
 .text.plug_holes
                0x0800c2ec      0x130 Middlewares\Third_Party\LwIP\src\core\mem.o
 .text.mem_init
                0x0800c41c       0xa0 Middlewares\Third_Party\LwIP\src\core\mem.o
                0x0800c41c                mem_init
 .text.mem_free
                0x0800c4bc       0xdc Middlewares\Third_Party\LwIP\src\core\mem.o
                0x0800c4bc                mem_free
 .text.mem_trim
                0x0800c598      0x1d4 Middlewares\Third_Party\LwIP\src\core\mem.o
                0x0800c598                mem_trim
 .text.mem_malloc
                0x0800c76c      0x1e8 Middlewares\Third_Party\LwIP\src\core\mem.o
                0x0800c76c                mem_malloc
 .text.memp_init_pool
                0x0800c954       0x5c Middlewares\Third_Party\LwIP\src\core\memp.o
                0x0800c954                memp_init_pool
 .text.memp_init
                0x0800c9b0       0x34 Middlewares\Third_Party\LwIP\src\core\memp.o
                0x0800c9b0                memp_init
 .text.do_memp_malloc_pool
                0x0800c9e4       0x64 Middlewares\Third_Party\LwIP\src\core\memp.o
 .text.memp_malloc
                0x0800ca48       0x4c Middlewares\Third_Party\LwIP\src\core\memp.o
                0x0800ca48                memp_malloc
 .text.do_memp_free_pool
                0x0800ca94       0x58 Middlewares\Third_Party\LwIP\src\core\memp.o
 .text.memp_free
                0x0800caec       0x54 Middlewares\Third_Party\LwIP\src\core\memp.o
                0x0800caec                memp_free
 .text.netif_init
                0x0800cb40        0xc Middlewares\Third_Party\LwIP\src\core\netif.o
                0x0800cb40                netif_init
 .text.netif_add
                0x0800cb4c       0xb0 Middlewares\Third_Party\LwIP\src\core\netif.o
                0x0800cb4c                netif_add
 .text.netif_set_addr
                0x0800cbfc       0x56 Middlewares\Third_Party\LwIP\src\core\netif.o
                0x0800cbfc                netif_set_addr
 *fill*         0x0800cc52        0x2 
 .text.netif_set_ipaddr
                0x0800cc54       0x70 Middlewares\Third_Party\LwIP\src\core\netif.o
                0x0800cc54                netif_set_ipaddr
 .text.netif_set_gw
                0x0800ccc4       0x26 Middlewares\Third_Party\LwIP\src\core\netif.o
                0x0800ccc4                netif_set_gw
 .text.netif_set_netmask
                0x0800ccea       0x26 Middlewares\Third_Party\LwIP\src\core\netif.o
                0x0800ccea                netif_set_netmask
 .text.netif_set_default
                0x0800cd10       0x1c Middlewares\Third_Party\LwIP\src\core\netif.o
                0x0800cd10                netif_set_default
 .text.netif_set_up
                0x0800cd2c       0x46 Middlewares\Third_Party\LwIP\src\core\netif.o
                0x0800cd2c                netif_set_up
 .text.netif_issue_reports
                0x0800cd72       0x42 Middlewares\Third_Party\LwIP\src\core\netif.o
 .text.netif_set_down
                0x0800cdb4       0x44 Middlewares\Third_Party\LwIP\src\core\netif.o
                0x0800cdb4                netif_set_down
 .text.netif_set_link_up
                0x0800cdf8       0x56 Middlewares\Third_Party\LwIP\src\core\netif.o
                0x0800cdf8                netif_set_link_up
 .text.netif_set_link_down
                0x0800ce4e       0x40 Middlewares\Third_Party\LwIP\src\core\netif.o
                0x0800ce4e                netif_set_link_down
 .text.netif_set_link_callback
                0x0800ce8e       0x20 Middlewares\Third_Party\LwIP\src\core\netif.o
                0x0800ce8e                netif_set_link_callback
 *fill*         0x0800ceae        0x2 
 .text.pbuf_free_ooseq
                0x0800ceb0       0x54 Middlewares\Third_Party\LwIP\src\core\pbuf.o
 .text.pbuf_free_ooseq_callback
                0x0800cf04       0x14 Middlewares\Third_Party\LwIP\src\core\pbuf.o
 .text.pbuf_pool_is_empty
                0x0800cf18       0x58 Middlewares\Third_Party\LwIP\src\core\pbuf.o
 .text.pbuf_alloc
                0x0800cf70      0x328 Middlewares\Third_Party\LwIP\src\core\pbuf.o
                0x0800cf70                pbuf_alloc
 .text.pbuf_alloced_custom
                0x0800d298       0xd4 Middlewares\Third_Party\LwIP\src\core\pbuf.o
                0x0800d298                pbuf_alloced_custom
 .text.pbuf_realloc
                0x0800d36c      0x15c Middlewares\Third_Party\LwIP\src\core\pbuf.o
                0x0800d36c                pbuf_realloc
 .text.pbuf_header_impl
                0x0800d4c8      0x144 Middlewares\Third_Party\LwIP\src\core\pbuf.o
 .text.pbuf_header
                0x0800d60c       0x24 Middlewares\Third_Party\LwIP\src\core\pbuf.o
                0x0800d60c                pbuf_header
 .text.pbuf_header_force
                0x0800d630       0x24 Middlewares\Third_Party\LwIP\src\core\pbuf.o
                0x0800d630                pbuf_header_force
 .text.pbuf_free
                0x0800d654      0x134 Middlewares\Third_Party\LwIP\src\core\pbuf.o
                0x0800d654                pbuf_free
 .text.pbuf_clen
                0x0800d788       0x2c Middlewares\Third_Party\LwIP\src\core\pbuf.o
                0x0800d788                pbuf_clen
 .text.pbuf_ref
                0x0800d7b4       0x50 Middlewares\Third_Party\LwIP\src\core\pbuf.o
                0x0800d7b4                pbuf_ref
 .text.pbuf_cat
                0x0800d804       0xac Middlewares\Third_Party\LwIP\src\core\pbuf.o
                0x0800d804                pbuf_cat
 .text.pbuf_chain
                0x0800d8b0       0x20 Middlewares\Third_Party\LwIP\src\core\pbuf.o
                0x0800d8b0                pbuf_chain
 .text.pbuf_copy
                0x0800d8d0      0x198 Middlewares\Third_Party\LwIP\src\core\pbuf.o
                0x0800d8d0                pbuf_copy
 .text.pbuf_copy_partial
                0x0800da68       0xf4 Middlewares\Third_Party\LwIP\src\core\pbuf.o
                0x0800da68                pbuf_copy_partial
 .text.tcp_init
                0x0800db5c        0xc Middlewares\Third_Party\LwIP\src\core\tcp.o
                0x0800db5c                tcp_init
 .text.tcp_tmr  0x0800db68       0x2c Middlewares\Third_Party\LwIP\src\core\tcp.o
                0x0800db68                tcp_tmr
 .text.tcp_remove_listener
                0x0800db94       0x36 Middlewares\Third_Party\LwIP\src\core\tcp.o
 *fill*         0x0800dbca        0x2 
 .text.tcp_listen_closed
                0x0800dbcc       0x70 Middlewares\Third_Party\LwIP\src\core\tcp.o
 .text.tcp_close_shutdown
                0x0800dc3c      0x1cc Middlewares\Third_Party\LwIP\src\core\tcp.o
 .text.tcp_close_shutdown_fin
                0x0800de08       0xcc Middlewares\Third_Party\LwIP\src\core\tcp.o
 .text.tcp_close
                0x0800ded4       0x30 Middlewares\Third_Party\LwIP\src\core\tcp.o
                0x0800ded4                tcp_close
 .text.tcp_shutdown
                0x0800df04       0x8e Middlewares\Third_Party\LwIP\src\core\tcp.o
                0x0800df04                tcp_shutdown
 *fill*         0x0800df92        0x2 
 .text.tcp_abandon
                0x0800df94      0x164 Middlewares\Third_Party\LwIP\src\core\tcp.o
                0x0800df94                tcp_abandon
 .text.tcp_abort
                0x0800e0f8       0x18 Middlewares\Third_Party\LwIP\src\core\tcp.o
                0x0800e0f8                tcp_abort
 .text.tcp_update_rcv_ann_wnd
                0x0800e110       0xa0 Middlewares\Third_Party\LwIP\src\core\tcp.o
                0x0800e110                tcp_update_rcv_ann_wnd
 .text.tcp_recved
                0x0800e1b0       0xb4 Middlewares\Third_Party\LwIP\src\core\tcp.o
                0x0800e1b0                tcp_recved
 .text.tcp_new_port
                0x0800e264       0x88 Middlewares\Third_Party\LwIP\src\core\tcp.o
 .text.tcp_connect
                0x0800e2ec      0x1e8 Middlewares\Third_Party\LwIP\src\core\tcp.o
                0x0800e2ec                tcp_connect
 .text.tcp_slowtmr
                0x0800e4d4      0x580 Middlewares\Third_Party\LwIP\src\core\tcp.o
                0x0800e4d4                tcp_slowtmr
 .text.tcp_fasttmr
                0x0800ea54       0xc8 Middlewares\Third_Party\LwIP\src\core\tcp.o
                0x0800ea54                tcp_fasttmr
 .text.tcp_process_refused_data
                0x0800eb1c       0xd2 Middlewares\Third_Party\LwIP\src\core\tcp.o
                0x0800eb1c                tcp_process_refused_data
 .text.tcp_segs_free
                0x0800ebee       0x28 Middlewares\Third_Party\LwIP\src\core\tcp.o
                0x0800ebee                tcp_segs_free
 .text.tcp_seg_free
                0x0800ec16       0x30 Middlewares\Third_Party\LwIP\src\core\tcp.o
                0x0800ec16                tcp_seg_free
 .text.tcp_seg_copy
                0x0800ec46       0x38 Middlewares\Third_Party\LwIP\src\core\tcp.o
                0x0800ec46                tcp_seg_copy
 .text.tcp_recv_null
                0x0800ec7e       0x44 Middlewares\Third_Party\LwIP\src\core\tcp.o
                0x0800ec7e                tcp_recv_null
 *fill*         0x0800ecc2        0x2 
 .text.tcp_kill_prio
                0x0800ecc4       0x84 Middlewares\Third_Party\LwIP\src\core\tcp.o
 .text.tcp_kill_state
                0x0800ed48       0x94 Middlewares\Third_Party\LwIP\src\core\tcp.o
 .text.tcp_kill_timewait
                0x0800eddc       0x60 Middlewares\Third_Party\LwIP\src\core\tcp.o
 .text.tcp_alloc
                0x0800ee3c      0x104 Middlewares\Third_Party\LwIP\src\core\tcp.o
                0x0800ee3c                tcp_alloc
 .text.tcp_new_ip_type
                0x0800ef40       0x1c Middlewares\Third_Party\LwIP\src\core\tcp.o
                0x0800ef40                tcp_new_ip_type
 .text.tcp_arg  0x0800ef5c       0x20 Middlewares\Third_Party\LwIP\src\core\tcp.o
                0x0800ef5c                tcp_arg
 .text.tcp_recv
                0x0800ef7c       0x44 Middlewares\Third_Party\LwIP\src\core\tcp.o
                0x0800ef7c                tcp_recv
 .text.tcp_sent
                0x0800efc0       0x40 Middlewares\Third_Party\LwIP\src\core\tcp.o
                0x0800efc0                tcp_sent
 .text.tcp_err  0x0800f000       0x44 Middlewares\Third_Party\LwIP\src\core\tcp.o
                0x0800f000                tcp_err
 .text.tcp_accept
                0x0800f044       0x2c Middlewares\Third_Party\LwIP\src\core\tcp.o
                0x0800f044                tcp_accept
 .text.tcp_poll
                0x0800f070       0x48 Middlewares\Third_Party\LwIP\src\core\tcp.o
                0x0800f070                tcp_poll
 .text.tcp_pcb_purge
                0x0800f0b8       0x82 Middlewares\Third_Party\LwIP\src\core\tcp.o
                0x0800f0b8                tcp_pcb_purge
 *fill*         0x0800f13a        0x2 
 .text.tcp_pcb_remove
                0x0800f13c       0xf8 Middlewares\Third_Party\LwIP\src\core\tcp.o
                0x0800f13c                tcp_pcb_remove
 .text.tcp_next_iss
                0x0800f234       0x2c Middlewares\Third_Party\LwIP\src\core\tcp.o
                0x0800f234                tcp_next_iss
 .text.tcp_eff_send_mss_impl
                0x0800f260       0x48 Middlewares\Third_Party\LwIP\src\core\tcp.o
                0x0800f260                tcp_eff_send_mss_impl
 .text.tcp_netif_ip_addr_changed_pcblist
                0x0800f2a8       0x42 Middlewares\Third_Party\LwIP\src\core\tcp.o
 *fill*         0x0800f2ea        0x2 
 .text.tcp_netif_ip_addr_changed
                0x0800f2ec       0x80 Middlewares\Third_Party\LwIP\src\core\tcp.o
                0x0800f2ec                tcp_netif_ip_addr_changed
 .text.tcp_input
                0x0800f36c      0x780 Middlewares\Third_Party\LwIP\src\core\tcp_in.o
                0x0800f36c                tcp_input
 .text.tcp_input_delayed_close
                0x0800faec       0x64 Middlewares\Third_Party\LwIP\src\core\tcp_in.o
 .text.tcp_listen_input
                0x0800fb50      0x1c4 Middlewares\Third_Party\LwIP\src\core\tcp_in.o
 .text.tcp_timewait_input
                0x0800fd14       0xd0 Middlewares\Third_Party\LwIP\src\core\tcp_in.o
 .text.tcp_process
                0x0800fde4      0x774 Middlewares\Third_Party\LwIP\src\core\tcp_in.o
 .text.tcp_oos_insert_segment
                0x08010558       0xec Middlewares\Third_Party\LwIP\src\core\tcp_in.o
 .text.tcp_receive
                0x08010644      0xff4 Middlewares\Third_Party\LwIP\src\core\tcp_in.o
 .text.tcp_getoptbyte
                0x08011638       0x74 Middlewares\Third_Party\LwIP\src\core\tcp_in.o
 .text.tcp_parseopt
                0x080116ac       0xc8 Middlewares\Third_Party\LwIP\src\core\tcp_in.o
 .text.tcp_trigger_input_pcb_close
                0x08011774       0x20 Middlewares\Third_Party\LwIP\src\core\tcp_in.o
                0x08011774                tcp_trigger_input_pcb_close
 .text.tcp_output_alloc_header
                0x08011794       0xf8 Middlewares\Third_Party\LwIP\src\core\tcp_out.o
 .text.tcp_send_fin
                0x0801188c       0x7c Middlewares\Third_Party\LwIP\src\core\tcp_out.o
                0x0801188c                tcp_send_fin
 .text.tcp_create_segment
                0x08011908      0x114 Middlewares\Third_Party\LwIP\src\core\tcp_out.o
 .text.tcp_pbuf_prealloc
                0x08011a1c       0xc4 Middlewares\Third_Party\LwIP\src\core\tcp_out.o
 .text.tcp_write_checks
                0x08011ae0       0xec Middlewares\Third_Party\LwIP\src\core\tcp_out.o
 .text.tcp_write
                0x08011bcc      0x6b8 Middlewares\Third_Party\LwIP\src\core\tcp_out.o
                0x08011bcc                tcp_write
 .text.tcp_enqueue_flags
                0x08012284      0x1fc Middlewares\Third_Party\LwIP\src\core\tcp_out.o
                0x08012284                tcp_enqueue_flags
 .text.tcp_send_empty_ack
                0x08012480       0xb8 Middlewares\Third_Party\LwIP\src\core\tcp_out.o
                0x08012480                tcp_send_empty_ack
 .text.tcp_output
                0x08012538      0x3d0 Middlewares\Third_Party\LwIP\src\core\tcp_out.o
                0x08012538                tcp_output
 .text.tcp_output_segment
                0x08012908      0x140 Middlewares\Third_Party\LwIP\src\core\tcp_out.o
 .text.tcp_rst  0x08012a48       0xec Middlewares\Third_Party\LwIP\src\core\tcp_out.o
                0x08012a48                tcp_rst
 .text.tcp_rexmit_rto
                0x08012b34       0x6c Middlewares\Third_Party\LwIP\src\core\tcp_out.o
                0x08012b34                tcp_rexmit_rto
 .text.tcp_rexmit
                0x08012ba0       0xa0 Middlewares\Third_Party\LwIP\src\core\tcp_out.o
                0x08012ba0                tcp_rexmit
 .text.tcp_rexmit_fast
                0x08012c40       0xae Middlewares\Third_Party\LwIP\src\core\tcp_out.o
                0x08012c40                tcp_rexmit_fast
 .text.tcp_keepalive
                0x08012cee       0x7a Middlewares\Third_Party\LwIP\src\core\tcp_out.o
                0x08012cee                tcp_keepalive
 .text.tcp_zero_window_probe
                0x08012d68      0x138 Middlewares\Third_Party\LwIP\src\core\tcp_out.o
                0x08012d68                tcp_zero_window_probe
 .text.tcpip_tcp_timer
                0x08012ea0       0x48 Middlewares\Third_Party\LwIP\src\core\timeouts.o
 .text.tcp_timer_needed
                0x08012ee8       0x40 Middlewares\Third_Party\LwIP\src\core\timeouts.o
                0x08012ee8                tcp_timer_needed
 .text.cyclic_timer
                0x08012f28       0x2c Middlewares\Third_Party\LwIP\src\core\timeouts.o
 .text.sys_timeouts_init
                0x08012f54       0x50 Middlewares\Third_Party\LwIP\src\core\timeouts.o
                0x08012f54                sys_timeouts_init
 .text.sys_timeout
                0x08012fa4      0x148 Middlewares\Third_Party\LwIP\src\core\timeouts.o
                0x08012fa4                sys_timeout
 .text.sys_check_timeouts
                0x080130ec       0xa4 Middlewares\Third_Party\LwIP\src\core\timeouts.o
 .text.sys_timeouts_sleeptime
                0x08013190       0x4c Middlewares\Third_Party\LwIP\src\core\timeouts.o
 .text.sys_timeouts_mbox_fetch
                0x080131dc       0x4c Middlewares\Third_Party\LwIP\src\core\timeouts.o
                0x080131dc                sys_timeouts_mbox_fetch
 .text.udp_init
                0x08013228        0xc Middlewares\Third_Party\LwIP\src\core\udp.o
                0x08013228                udp_init
 .text.udp_new_port
                0x08013234       0x70 Middlewares\Third_Party\LwIP\src\core\udp.o
 .text.udp_input_local_match
                0x080132a4       0x74 Middlewares\Third_Party\LwIP\src\core\udp.o
 .text.udp_input
                0x08013318      0x1cc Middlewares\Third_Party\LwIP\src\core\udp.o
                0x08013318                udp_input
 .text.udp_send
                0x080134e4       0x30 Middlewares\Third_Party\LwIP\src\core\udp.o
                0x080134e4                udp_send
 .text.udp_sendto
                0x08013514       0x54 Middlewares\Third_Party\LwIP\src\core\udp.o
                0x08013514                udp_sendto
 .text.udp_sendto_if
                0x08013568       0x7a Middlewares\Third_Party\LwIP\src\core\udp.o
                0x08013568                udp_sendto_if
 *fill*         0x080135e2        0x2 
 .text.udp_sendto_if_src
                0x080135e4      0x134 Middlewares\Third_Party\LwIP\src\core\udp.o
                0x080135e4                udp_sendto_if_src
 .text.udp_bind
                0x08013718       0xe0 Middlewares\Third_Party\LwIP\src\core\udp.o
                0x08013718                udp_bind
 .text.udp_connect
                0x080137f8       0xac Middlewares\Third_Party\LwIP\src\core\udp.o
                0x080137f8                udp_connect
 .text.udp_disconnect
                0x080138a4       0x2c Middlewares\Third_Party\LwIP\src\core\udp.o
                0x080138a4                udp_disconnect
 .text.udp_recv
                0x080138d0       0x22 Middlewares\Third_Party\LwIP\src\core\udp.o
                0x080138d0                udp_recv
 *fill*         0x080138f2        0x2 
 .text.udp_remove
                0x080138f4       0x64 Middlewares\Third_Party\LwIP\src\core\udp.o
                0x080138f4                udp_remove
 .text.udp_new  0x08013958       0x2e Middlewares\Third_Party\LwIP\src\core\udp.o
                0x08013958                udp_new
 .text.udp_new_ip_type
                0x08013986       0x1a Middlewares\Third_Party\LwIP\src\core\udp.o
                0x08013986                udp_new_ip_type
 .text.udp_netif_ip_addr_changed
                0x080139a0       0x5c Middlewares\Third_Party\LwIP\src\core\udp.o
                0x080139a0                udp_netif_ip_addr_changed
 .text.ethernet_input
                0x080139fc      0x124 Middlewares\Third_Party\LwIP\src\netif\ethernet.o
                0x080139fc                ethernet_input
 .text.ethernet_output
                0x08013b20       0x90 Middlewares\Third_Party\LwIP\src\netif\ethernet.o
                0x08013b20                ethernet_output
 .text.sys_mbox_new
                0x08013bb0       0x44 Middlewares\Third_Party\LwIP\system\OS\sys_arch.o
                0x08013bb0                sys_mbox_new
 .text.sys_mbox_free
                0x08013bf4       0x24 Middlewares\Third_Party\LwIP\system\OS\sys_arch.o
                0x08013bf4                sys_mbox_free
 .text.sys_mbox_post
                0x08013c18       0x2a Middlewares\Third_Party\LwIP\system\OS\sys_arch.o
                0x08013c18                sys_mbox_post
 .text.sys_mbox_trypost
                0x08013c42       0x34 Middlewares\Third_Party\LwIP\system\OS\sys_arch.o
                0x08013c42                sys_mbox_trypost
 .text.sys_arch_mbox_fetch
                0x08013c76       0x7e Middlewares\Third_Party\LwIP\system\OS\sys_arch.o
                0x08013c76                sys_arch_mbox_fetch
 .text.sys_arch_mbox_tryfetch
                0x08013cf4       0x38 Middlewares\Third_Party\LwIP\system\OS\sys_arch.o
                0x08013cf4                sys_arch_mbox_tryfetch
 .text.sys_mbox_valid
                0x08013d2c       0x20 Middlewares\Third_Party\LwIP\system\OS\sys_arch.o
                0x08013d2c                sys_mbox_valid
 .text.sys_mbox_set_invalid
                0x08013d4c       0x18 Middlewares\Third_Party\LwIP\system\OS\sys_arch.o
                0x08013d4c                sys_mbox_set_invalid
 .text.sys_sem_new
                0x08013d64       0x50 Middlewares\Third_Party\LwIP\system\OS\sys_arch.o
                0x08013d64                sys_sem_new
 .text.sys_arch_sem_wait
                0x08013db4       0x62 Middlewares\Third_Party\LwIP\system\OS\sys_arch.o
                0x08013db4                sys_arch_sem_wait
 .text.sys_sem_signal
                0x08013e16       0x1a Middlewares\Third_Party\LwIP\system\OS\sys_arch.o
                0x08013e16                sys_sem_signal
 .text.sys_sem_free
                0x08013e30       0x1a Middlewares\Third_Party\LwIP\system\OS\sys_arch.o
                0x08013e30                sys_sem_free
 .text.sys_sem_valid
                0x08013e4a       0x20 Middlewares\Third_Party\LwIP\system\OS\sys_arch.o
                0x08013e4a                sys_sem_valid
 .text.sys_sem_set_invalid
                0x08013e6a       0x18 Middlewares\Third_Party\LwIP\system\OS\sys_arch.o
                0x08013e6a                sys_sem_set_invalid
 *fill*         0x08013e82        0x2 
 .text.sys_init
                0x08013e84       0x1c Middlewares\Third_Party\LwIP\system\OS\sys_arch.o
                0x08013e84                sys_init
 .text.sys_mutex_new
                0x08013ea0       0x38 Middlewares\Third_Party\LwIP\system\OS\sys_arch.o
                0x08013ea0                sys_mutex_new
 .text.sys_mutex_lock
                0x08013ed8       0x1e Middlewares\Third_Party\LwIP\system\OS\sys_arch.o
                0x08013ed8                sys_mutex_lock
 .text.sys_mutex_unlock
                0x08013ef6       0x1a Middlewares\Third_Party\LwIP\system\OS\sys_arch.o
                0x08013ef6                sys_mutex_unlock
 .text.sys_thread_new
                0x08013f10       0x4a Middlewares\Third_Party\LwIP\system\OS\sys_arch.o
                0x08013f10                sys_thread_new
 *fill*         0x08013f5a        0x2 
 .text.sys_arch_protect
                0x08013f5c       0x1c Middlewares\Third_Party\LwIP\system\OS\sys_arch.o
                0x08013f5c                sys_arch_protect
 .text.sys_arch_unprotect
                0x08013f78       0x20 Middlewares\Third_Party\LwIP\system\OS\sys_arch.o
                0x08013f78                sys_arch_unprotect
 .text.Reset_Handler
                0x08013f98       0x50 startup\startup_stm32f207xx.o
                0x08013f98                Reset_Handler
 .text.Default_Handler
                0x08013fe8        0x2 startup\startup_stm32f207xx.o
                0x08013fe8                RTC_Alarm_IRQHandler
                0x08013fe8                HASH_RNG_IRQHandler
                0x08013fe8                EXTI2_IRQHandler
                0x08013fe8                TIM8_CC_IRQHandler
                0x08013fe8                TIM1_CC_IRQHandler
                0x08013fe8                DMA2_Stream5_IRQHandler
                0x08013fe8                DMA1_Stream5_IRQHandler
                0x08013fe8                PVD_IRQHandler
                0x08013fe8                SDIO_IRQHandler
                0x08013fe8                TAMP_STAMP_IRQHandler
                0x08013fe8                CAN2_RX1_IRQHandler
                0x08013fe8                EXTI3_IRQHandler
                0x08013fe8                TIM8_TRG_COM_TIM14_IRQHandler
                0x08013fe8                TIM8_UP_TIM13_IRQHandler
                0x08013fe8                I2C3_ER_IRQHandler
                0x08013fe8                EXTI0_IRQHandler
                0x08013fe8                I2C2_EV_IRQHandler
                0x08013fe8                DMA1_Stream2_IRQHandler
                0x08013fe8                CAN1_RX0_IRQHandler
                0x08013fe8                OTG_HS_WKUP_IRQHandler
                0x08013fe8                CAN2_SCE_IRQHandler
                0x08013fe8                DMA2_Stream2_IRQHandler
                0x08013fe8                SPI1_IRQHandler
                0x08013fe8                TIM6_DAC_IRQHandler
                0x08013fe8                TIM1_BRK_TIM9_IRQHandler
                0x08013fe8                DCMI_IRQHandler
                0x08013fe8                CAN2_RX0_IRQHandler
                0x08013fe8                DMA2_Stream3_IRQHandler
                0x08013fe8                USART6_IRQHandler
                0x08013fe8                USART3_IRQHandler
                0x08013fe8                CAN1_RX1_IRQHandler
                0x08013fe8                UART5_IRQHandler
                0x08013fe8                DMA2_Stream0_IRQHandler
                0x08013fe8                TIM4_IRQHandler
                0x08013fe8                I2C1_EV_IRQHandler
                0x08013fe8                DMA1_Stream6_IRQHandler
                0x08013fe8                DMA1_Stream1_IRQHandler
                0x08013fe8                UART4_IRQHandler
                0x08013fe8                TIM3_IRQHandler
                0x08013fe8                RCC_IRQHandler
                0x08013fe8                TIM8_BRK_TIM12_IRQHandler
                0x08013fe8                Default_Handler
                0x08013fe8                ADC_IRQHandler
                0x08013fe8                DMA1_Stream7_IRQHandler
                0x08013fe8                TIM7_IRQHandler
                0x08013fe8                CAN2_TX_IRQHandler
                0x08013fe8                TIM5_IRQHandler
                0x08013fe8                DMA2_Stream7_IRQHandler
                0x08013fe8                I2C3_EV_IRQHandler
                0x08013fe8                EXTI9_5_IRQHandler
                0x08013fe8                RTC_WKUP_IRQHandler
                0x08013fe8                ETH_WKUP_IRQHandler
                0x08013fe8                SPI2_IRQHandler
                0x08013fe8                OTG_HS_EP1_IN_IRQHandler
                0x08013fe8                DMA1_Stream0_IRQHandler
                0x08013fe8                CAN1_TX_IRQHandler
                0x08013fe8                EXTI4_IRQHandler
                0x08013fe8                FSMC_IRQHandler
                0x08013fe8                OTG_HS_EP1_OUT_IRQHandler
                0x08013fe8                WWDG_IRQHandler
                0x08013fe8                TIM2_IRQHandler
                0x08013fe8                OTG_FS_WKUP_IRQHandler
                0x08013fe8                TIM1_TRG_COM_TIM11_IRQHandler
                0x08013fe8                OTG_HS_IRQHandler
                0x08013fe8                EXTI1_IRQHandler
                0x08013fe8                USART2_IRQHandler
                0x08013fe8                I2C2_ER_IRQHandler
                0x08013fe8                DMA2_Stream1_IRQHandler
                0x08013fe8                CAN1_SCE_IRQHandler
                0x08013fe8                FLASH_IRQHandler
                0x08013fe8                DMA2_Stream4_IRQHandler
                0x08013fe8                USART1_IRQHandler
                0x08013fe8                OTG_FS_IRQHandler
                0x08013fe8                SPI3_IRQHandler
                0x08013fe8                DMA1_Stream4_IRQHandler
                0x08013fe8                I2C1_ER_IRQHandler
                0x08013fe8                DMA2_Stream6_IRQHandler
                0x08013fe8                DMA1_Stream3_IRQHandler
 *fill*         0x08013fea        0x2 
 .text.__libc_init_array
                0x08013fec       0x48 c:/program files (x86)/atollic/truestudio for stm32 9.3.0/armtools/bin/../lib/gcc/arm-atollic-eabi/6.3.1/../../../../arm-atollic-eabi/lib/armv7-m\libc_nano.a(lib_a-init.o)
                0x08013fec                __libc_init_array
 .text.memcmp   0x08014034       0x1e c:/program files (x86)/atollic/truestudio for stm32 9.3.0/armtools/bin/../lib/gcc/arm-atollic-eabi/6.3.1/../../../../arm-atollic-eabi/lib/armv7-m\libc_nano.a(lib_a-memcmp.o)
                0x08014034                memcmp
 .text.memcpy   0x08014052       0x16 c:/program files (x86)/atollic/truestudio for stm32 9.3.0/armtools/bin/../lib/gcc/arm-atollic-eabi/6.3.1/../../../../arm-atollic-eabi/lib/armv7-m\libc_nano.a(lib_a-memcpy-stub.o)
                0x08014052                memcpy
 .text.memset   0x08014068       0x10 c:/program files (x86)/atollic/truestudio for stm32 9.3.0/armtools/bin/../lib/gcc/arm-atollic-eabi/6.3.1/../../../../arm-atollic-eabi/lib/armv7-m\libc_nano.a(lib_a-memset.o)
                0x08014068                memset
 .text._perror_r
                0x08014078       0x4c c:/program files (x86)/atollic/truestudio for stm32 9.3.0/armtools/bin/../lib/gcc/arm-atollic-eabi/6.3.1/../../../../arm-atollic-eabi/lib/armv7-m\libc_nano.a(lib_a-perror.o)
                0x08014078                _perror_r
 .text.perror   0x080140c4       0x10 c:/program files (x86)/atollic/truestudio for stm32 9.3.0/armtools/bin/../lib/gcc/arm-atollic-eabi/6.3.1/../../../../arm-atollic-eabi/lib/armv7-m\libc_nano.a(lib_a-perror.o)
                0x080140c4                perror
 .text.printf   0x080140d4       0x30 c:/program files (x86)/atollic/truestudio for stm32 9.3.0/armtools/bin/../lib/gcc/arm-atollic-eabi/6.3.1/../../../../arm-atollic-eabi/lib/armv7-m\libc_nano.a(lib_a-printf.o)
                0x080140d4                iprintf
                0x080140d4                printf
 .text._strerror_r
                0x08014104      0x3cc c:/program files (x86)/atollic/truestudio for stm32 9.3.0/armtools/bin/../lib/gcc/arm-atollic-eabi/6.3.1/../../../../arm-atollic-eabi/lib/armv7-m\libc_nano.a(lib_a-strerror.o)
                0x08014104                _strerror_r
 .text._user_strerror
                0x080144d0        0x4 c:/program files (x86)/atollic/truestudio for stm32 9.3.0/armtools/bin/../lib/gcc/arm-atollic-eabi/6.3.1/../../../../arm-atollic-eabi/lib/armv7-m\libc_nano.a(lib_a-u_strerr.o)
                0x080144d0                _user_strerror
 .text._cleanup_r
                0x080144d4        0xc c:/program files (x86)/atollic/truestudio for stm32 9.3.0/armtools/bin/../lib/gcc/arm-atollic-eabi/6.3.1/../../../../arm-atollic-eabi/lib/armv7-m\libc_nano.a(lib_a-findfp.o)
                0x080144d4                _cleanup_r
 .text.std.isra.0
                0x080144e0       0x48 c:/program files (x86)/atollic/truestudio for stm32 9.3.0/armtools/bin/../lib/gcc/arm-atollic-eabi/6.3.1/../../../../arm-atollic-eabi/lib/armv7-m\libc_nano.a(lib_a-findfp.o)
 .text.__sfmoreglue
                0x08014528       0x2c c:/program files (x86)/atollic/truestudio for stm32 9.3.0/armtools/bin/../lib/gcc/arm-atollic-eabi/6.3.1/../../../../arm-atollic-eabi/lib/armv7-m\libc_nano.a(lib_a-findfp.o)
                0x08014528                __sfmoreglue
 .text.__sinit  0x08014554       0x60 c:/program files (x86)/atollic/truestudio for stm32 9.3.0/armtools/bin/../lib/gcc/arm-atollic-eabi/6.3.1/../../../../arm-atollic-eabi/lib/armv7-m\libc_nano.a(lib_a-findfp.o)
                0x08014554                __sinit
 .text.__sfp    0x080145b4       0x78 c:/program files (x86)/atollic/truestudio for stm32 9.3.0/armtools/bin/../lib/gcc/arm-atollic-eabi/6.3.1/../../../../arm-atollic-eabi/lib/armv7-m\libc_nano.a(lib_a-findfp.o)
                0x080145b4                __sfp
 .text._fputc_r
                0x0801462c       0x48 c:/program files (x86)/atollic/truestudio for stm32 9.3.0/armtools/bin/../lib/gcc/arm-atollic-eabi/6.3.1/../../../../arm-atollic-eabi/lib/armv7-m\libc_nano.a(lib_a-fputc.o)
                0x0801462c                _fputc_r
 .text.fputc    0x08014674       0x10 c:/program files (x86)/atollic/truestudio for stm32 9.3.0/armtools/bin/../lib/gcc/arm-atollic-eabi/6.3.1/../../../../arm-atollic-eabi/lib/armv7-m\libc_nano.a(lib_a-fputc.o)
                0x08014674                fputc
 .text._fputs_r
                0x08014684       0x90 c:/program files (x86)/atollic/truestudio for stm32 9.3.0/armtools/bin/../lib/gcc/arm-atollic-eabi/6.3.1/../../../../arm-atollic-eabi/lib/armv7-m\libc_nano.a(lib_a-fputs.o)
                0x08014684                _fputs_r
 .text.fputs    0x08014714       0x10 c:/program files (x86)/atollic/truestudio for stm32 9.3.0/armtools/bin/../lib/gcc/arm-atollic-eabi/6.3.1/../../../../arm-atollic-eabi/lib/armv7-m\libc_nano.a(lib_a-fputs.o)
                0x08014714                fputs
 .text._fwalk_reent
                0x08014724       0x3c c:/program files (x86)/atollic/truestudio for stm32 9.3.0/armtools/bin/../lib/gcc/arm-atollic-eabi/6.3.1/../../../../arm-atollic-eabi/lib/armv7-m\libc_nano.a(lib_a-fwalk.o)
                0x08014724                _fwalk_reent
 .text._malloc_r
                0x08014760       0xbc c:/program files (x86)/atollic/truestudio for stm32 9.3.0/armtools/bin/../lib/gcc/arm-atollic-eabi/6.3.1/../../../../arm-atollic-eabi/lib/armv7-m\libc_nano.a(lib_a-nano-mallocr.o)
                0x08014760                _malloc_r
 .text.__sfputc_r
                0x0801481c       0x2c c:/program files (x86)/atollic/truestudio for stm32 9.3.0/armtools/bin/../lib/gcc/arm-atollic-eabi/6.3.1/../../../../arm-atollic-eabi/lib/armv7-m\libc_nano.a(lib_a-nano-vfprintf.o)
 .text.__sfputs_r
                0x08014848       0x24 c:/program files (x86)/atollic/truestudio for stm32 9.3.0/armtools/bin/../lib/gcc/arm-atollic-eabi/6.3.1/../../../../arm-atollic-eabi/lib/armv7-m\libc_nano.a(lib_a-nano-vfprintf.o)
                0x08014848                __sfputs_r
 .text._vfprintf_r
                0x0801486c      0x22c c:/program files (x86)/atollic/truestudio for stm32 9.3.0/armtools/bin/../lib/gcc/arm-atollic-eabi/6.3.1/../../../../arm-atollic-eabi/lib/armv7-m\libc_nano.a(lib_a-nano-vfprintf.o)
                0x0801486c                _vfprintf_r
                0x0801486c                _vfiprintf_r
 .text._printf_common
                0x08014a98       0xee c:/program files (x86)/atollic/truestudio for stm32 9.3.0/armtools/bin/../lib/gcc/arm-atollic-eabi/6.3.1/../../../../arm-atollic-eabi/lib/armv7-m\libc_nano.a(lib_a-nano-vfprintf_i.o)
                0x08014a98                _printf_common
 *fill*         0x08014b86        0x2 
 .text._printf_i
                0x08014b88      0x240 c:/program files (x86)/atollic/truestudio for stm32 9.3.0/armtools/bin/../lib/gcc/arm-atollic-eabi/6.3.1/../../../../arm-atollic-eabi/lib/armv7-m\libc_nano.a(lib_a-nano-vfprintf_i.o)
                0x08014b88                _printf_i
 .text._putc_r  0x08014dc8       0x6c c:/program files (x86)/atollic/truestudio for stm32 9.3.0/armtools/bin/../lib/gcc/arm-atollic-eabi/6.3.1/../../../../arm-atollic-eabi/lib/armv7-m\libc_nano.a(lib_a-putc.o)
                0x08014dc8                _putc_r
 .text._sbrk_r  0x08014e34       0x20 c:/program files (x86)/atollic/truestudio for stm32 9.3.0/armtools/bin/../lib/gcc/arm-atollic-eabi/6.3.1/../../../../arm-atollic-eabi/lib/armv7-m\libc_nano.a(lib_a-sbrkr.o)
                0x08014e34                _sbrk_r
 .text.__sread  0x08014e54       0x22 c:/program files (x86)/atollic/truestudio for stm32 9.3.0/armtools/bin/../lib/gcc/arm-atollic-eabi/6.3.1/../../../../arm-atollic-eabi/lib/armv7-m\libc_nano.a(lib_a-stdio.o)
                0x08014e54                __sread
 .text.__swrite
                0x08014e76       0x38 c:/program files (x86)/atollic/truestudio for stm32 9.3.0/armtools/bin/../lib/gcc/arm-atollic-eabi/6.3.1/../../../../arm-atollic-eabi/lib/armv7-m\libc_nano.a(lib_a-stdio.o)
                0x08014e76                __swrite
 .text.__sseek  0x08014eae       0x24 c:/program files (x86)/atollic/truestudio for stm32 9.3.0/armtools/bin/../lib/gcc/arm-atollic-eabi/6.3.1/../../../../arm-atollic-eabi/lib/armv7-m\libc_nano.a(lib_a-stdio.o)
                0x08014eae                __sseek
 .text.__sclose
                0x08014ed2        0x8 c:/program files (x86)/atollic/truestudio for stm32 9.3.0/armtools/bin/../lib/gcc/arm-atollic-eabi/6.3.1/../../../../arm-atollic-eabi/lib/armv7-m\libc_nano.a(lib_a-stdio.o)
                0x08014ed2                __sclose
 *fill*         0x08014eda        0x2 
 .text.__swbuf_r
                0x08014edc       0xa4 c:/program files (x86)/atollic/truestudio for stm32 9.3.0/armtools/bin/../lib/gcc/arm-atollic-eabi/6.3.1/../../../../arm-atollic-eabi/lib/armv7-m\libc_nano.a(lib_a-wbuf.o)
                0x08014edc                __swbuf_r
 .text._write_r
                0x08014f80       0x24 c:/program files (x86)/atollic/truestudio for stm32 9.3.0/armtools/bin/../lib/gcc/arm-atollic-eabi/6.3.1/../../../../arm-atollic-eabi/lib/armv7-m\libc_nano.a(lib_a-writer.o)
                0x08014f80                _write_r
 .text.__swsetup_r
                0x08014fa4       0xdc c:/program files (x86)/atollic/truestudio for stm32 9.3.0/armtools/bin/../lib/gcc/arm-atollic-eabi/6.3.1/../../../../arm-atollic-eabi/lib/armv7-m\libc_nano.a(lib_a-wsetup.o)
                0x08014fa4                __swsetup_r
 .text._close_r
                0x08015080       0x20 c:/program files (x86)/atollic/truestudio for stm32 9.3.0/armtools/bin/../lib/gcc/arm-atollic-eabi/6.3.1/../../../../arm-atollic-eabi/lib/armv7-m\libc_nano.a(lib_a-closer.o)
                0x08015080                _close_r
 .text.__sflush_r
                0x080150a0      0x110 c:/program files (x86)/atollic/truestudio for stm32 9.3.0/armtools/bin/../lib/gcc/arm-atollic-eabi/6.3.1/../../../../arm-atollic-eabi/lib/armv7-m\libc_nano.a(lib_a-fflush.o)
                0x080150a0                __sflush_r
 .text._fflush_r
                0x080151b0       0x54 c:/program files (x86)/atollic/truestudio for stm32 9.3.0/armtools/bin/../lib/gcc/arm-atollic-eabi/6.3.1/../../../../arm-atollic-eabi/lib/armv7-m\libc_nano.a(lib_a-fflush.o)
                0x080151b0                _fflush_r
 .text._lseek_r
                0x08015204       0x24 c:/program files (x86)/atollic/truestudio for stm32 9.3.0/armtools/bin/../lib/gcc/arm-atollic-eabi/6.3.1/../../../../arm-atollic-eabi/lib/armv7-m\libc_nano.a(lib_a-lseekr.o)
                0x08015204                _lseek_r
 .text.__swhatbuf_r
                0x08015228       0x48 c:/program files (x86)/atollic/truestudio for stm32 9.3.0/armtools/bin/../lib/gcc/arm-atollic-eabi/6.3.1/../../../../arm-atollic-eabi/lib/armv7-m\libc_nano.a(lib_a-makebuf.o)
                0x08015228                __swhatbuf_r
 .text.__smakebuf_r
                0x08015270       0x80 c:/program files (x86)/atollic/truestudio for stm32 9.3.0/armtools/bin/../lib/gcc/arm-atollic-eabi/6.3.1/../../../../arm-atollic-eabi/lib/armv7-m\libc_nano.a(lib_a-makebuf.o)
                0x08015270                __smakebuf_r
 .text.memchr   0x080152f0       0x1c c:/program files (x86)/atollic/truestudio for stm32 9.3.0/armtools/bin/../lib/gcc/arm-atollic-eabi/6.3.1/../../../../arm-atollic-eabi/lib/armv7-m\libc_nano.a(lib_a-memchr-stub.o)
                0x080152f0                memchr
 .text.__malloc_lock
                0x0801530c        0x2 c:/program files (x86)/atollic/truestudio for stm32 9.3.0/armtools/bin/../lib/gcc/arm-atollic-eabi/6.3.1/../../../../arm-atollic-eabi/lib/armv7-m\libc_nano.a(lib_a-mlock.o)
                0x0801530c                __malloc_lock
 .text.__malloc_unlock
                0x0801530e        0x2 c:/program files (x86)/atollic/truestudio for stm32 9.3.0/armtools/bin/../lib/gcc/arm-atollic-eabi/6.3.1/../../../../arm-atollic-eabi/lib/armv7-m\libc_nano.a(lib_a-mlock.o)
                0x0801530e                __malloc_unlock
 .text._free_r  0x08015310       0x98 c:/program files (x86)/atollic/truestudio for stm32 9.3.0/armtools/bin/../lib/gcc/arm-atollic-eabi/6.3.1/../../../../arm-atollic-eabi/lib/armv7-m\libc_nano.a(lib_a-nano-freer.o)
                0x08015310                _free_r
 .text._read_r  0x080153a8       0x24 c:/program files (x86)/atollic/truestudio for stm32 9.3.0/armtools/bin/../lib/gcc/arm-atollic-eabi/6.3.1/../../../../arm-atollic-eabi/lib/armv7-m\libc_nano.a(lib_a-readr.o)
                0x080153a8                _read_r
 .text._fstat_r
                0x080153cc       0x24 c:/program files (x86)/atollic/truestudio for stm32 9.3.0/armtools/bin/../lib/gcc/arm-atollic-eabi/6.3.1/../../../../arm-atollic-eabi/lib/armv7-m\libc_nano.a(lib_a-fstatr.o)
                0x080153cc                _fstat_r
 .text._isatty_r
                0x080153f0       0x20 c:/program files (x86)/atollic/truestudio for stm32 9.3.0/armtools/bin/../lib/gcc/arm-atollic-eabi/6.3.1/../../../../arm-atollic-eabi/lib/armv7-m\libc_nano.a(lib_a-isattyr.o)
                0x080153f0                _isatty_r
 *(.glue_7)
 .glue_7        0x08015410        0x0 linker stubs
 *(.glue_7t)
 .glue_7t       0x08015410        0x0 linker stubs
 *(.eh_frame)
 .eh_frame      0x08015410        0x0 c:/program files (x86)/atollic/truestudio for stm32 9.3.0/armtools/bin/../lib/gcc/arm-atollic-eabi/6.3.1/armv7-m/crtbegin.o
 *(.init)
 .init          0x08015410        0x4 c:/program files (x86)/atollic/truestudio for stm32 9.3.0/armtools/bin/../lib/gcc/arm-atollic-eabi/6.3.1/armv7-m/crti.o
                0x08015410                _init
 .init          0x08015414        0x8 c:/program files (x86)/atollic/truestudio for stm32 9.3.0/armtools/bin/../lib/gcc/arm-atollic-eabi/6.3.1/armv7-m/crtn.o
 *(.fini)
 .fini          0x0801541c        0x4 c:/program files (x86)/atollic/truestudio for stm32 9.3.0/armtools/bin/../lib/gcc/arm-atollic-eabi/6.3.1/armv7-m/crti.o
                0x0801541c                _fini